main.c:649:13:MX_GPIO_Init	48	static
main.c:624:13:MX_DMA_Init	16	static
main.c:273:13:MX_ADC1_Init	72	static
main.c:360:13:MX_I2C1_Init	8	static
main.c:394:13:MX_I2C3_Init	8	static
main.c:456:13:MX_TIM1_Init	88	static
main.c:528:13:MX_TIM2_Init	56	static
main.c:577:13:MX_TIM3_Init	56	static
main.c:693:6:StartPIDTask	8	static
main.c:714:6:StartMOVTask	8	static
main.c:733:6:StartPOWTask	8	static
main.c:752:6:StartGUITask	8	static
main.c:228:6:SystemClock_Config	96	static
main.c:115:5:main	120	static
main.c:772:6:HAL_TIM_PeriodElapsedCallback	8	static
main.c:813:6:Error_Handler	0	static
