BSP.cpp:189:13:void switchToFastPWM()	0	static
BSP.cpp:205:13:void switchToSlowPWM()	0	static
BSP.cpp:70:6:void postRToSInit()	8	static
BSP.cpp:83:6:void resetWatchdog()	8	static
BSP.cpp:88:10:uint16_t getHandleTemperature()	8	static
BSP.cpp:116:10:uint16_t getTipInstantTemperature()	8	static
BSP.cpp:158:10:uint16_t getTipRawTemp(uint8_t)	8	static
BSP.cpp:174:10:uint16_t getInputVoltageX10()	0	static
BSP.cpp:182:6:void setTipPWM(uint8_t)	0	static
BSP.cpp:221:6:bool tryBetterPWM(uint8_t)	8	static
BSP.cpp:241:6:void HAL_TIM_PWM_PulseFinishedCallback(TIM_HandleTypeDef*)	8	static
BSP.cpp:256:6:void unstick_I2C(I2C_HandleTypeDef*)	64	static,ignoring_inline_asm
BSP.cpp:360:9:uint8_t getButtonA()	8	static
BSP.cpp:364:9:uint8_t getButtonB()	8	static
BSP.cpp:366:9:uint8_t getButtonOK()	8	static
BSP.cpp:368:6:void BSPInit()	8	static
BSP.cpp:60:6:void preRToSInit()	8	static
BSP.cpp:370:6:void reboot()	0	static,ignoring_inline_asm
BSP.cpp:372:6:void delay_ms(uint16_t)	8	static
