I2C_Wrapper.cpp:282:1:void __static_initialization_and_destruction_0(int, int)	0	static
I2C_Wrapper.cpp:42:6:static void FRToSI2C::CpltCallback(I2C_HandleTypeDef*)	8	static
I2C_Wrapper.cpp:171:9:void FRToSI2C::Receive(uint16_t, uint8_t*, uint16_t)	0	static
I2C_Wrapper.cpp:236:6:void FRToSI2C::I2C_Unstick()	8	static
I2C_Wrapper.cpp:240:6:void FRToSI2C::unlock()	8	static
I2C_Wrapper.cpp:246:6:bool FRToSI2C::lock()	8	static
I2C_Wrapper.cpp:65:6:bool FRToSI2C::Mem_Read(uint16_t, uint16_t, uint8_t*, uint16_t)	40	static
I2C_Wrapper.cpp:103:9:uint8_t FRToSI2C::I2C_RegisterRead(uint8_t, uint8_t)	24	static
I2C_Wrapper.cpp:120:6:bool FRToSI2C::Mem_Write(uint16_t, uint16_t, uint8_t*, uint16_t)	40	static
I2C_Wrapper.cpp:91:6:bool FRToSI2C::I2C_RegisterWrite(uint8_t, uint8_t, uint8_t)	24	static
I2C_Wrapper.cpp:144:6:bool FRToSI2C::Transmit(uint16_t, uint8_t*, uint16_t)	24	static
I2C_Wrapper.cpp:177:9:bool FRToSI2C::Master_Transmit(uint16_t, uint8_t*, uint16_t)	32	static
I2C_Wrapper.cpp:196:9:bool FRToSI2C::Master_Receive(uint16_t, uint8_t*, uint16_t)	32	static
I2C_Wrapper.cpp:221:6:bool FRToSI2C::probe(uint16_t)	40	static
I2C_Wrapper.cpp:261:6:bool FRToSI2C::writeRegistersBulk(uint8_t, const FRToSI2C::I2C_REG*, uint8_t)	32	static
I2C_Wrapper.cpp:273:6:void FRToSI2C::unlock2()	8	static
I2C_Wrapper.cpp:22:6:void FRToSI2C::FRToSInit()	8	static
I2C_Wrapper.cpp:275:6:bool FRToSI2C::lock2()	8	static,ignoring_inline_asm
I2C_Wrapper.cpp:282:1:cpp)	8	static
I2C_Wrapper.cpp:282:1:cpp)	8	static
