IRQ.cpp:26:6:void HAL_ADCEx_InjectedConvCpltCallback(ADC_HandleTypeDef*)	16	static,ignoring_inline_asm
IRQ.cpp:54:6:void HAL_ADC_ConvCpltCallback(ADC_HandleTypeDef*)	0	static
IRQ.cpp:61:6:void HAL_ADC_ConvHalfCpltCallback(ADC_HandleTypeDef*)	0	static
IRQ.cpp:72:6:void HAL_I2C_MasterRxCpltCallback(I2C_HandleTypeDef*)	8	static
IRQ.cpp:73:6:void HAL_I2C_MasterTxCpltCallback(I2C_HandleTypeDef*)	8	static
IRQ.cpp:74:6:void HAL_I2C_MemTxCpltCallback(I2C_HandleTypeDef*)	8	static
IRQ.cpp:75:6:void HAL_I2C_ErrorCallback(I2C_HandleTypeDef*)	8	static
IRQ.cpp:76:6:void HAL_I2C_AbortCpltCallback(I2C_HandleTypeDef*)	8	static
IRQ.cpp:77:6:void HAL_I2C_MemRxCpltCallback(I2C_HandleTypeDef*)	8	static
IRQ.cpp:87:6:void HAL_GPIO_EXTI_Callback(uint16_t)	8	static
