Archive member included to satisfy reference by file (symbol)

d:/st/stm32cubeide_1.7.0/stm32cubeide/plugins/com.st.stm32cube.ide.mcu.externaltools.gnu-tools-for-stm32.9-2020-q2-update.win32_2.0.0.202105311346/tools/bin/../lib/gcc/arm-none-eabi/9.3.1/../../../../arm-none-eabi/lib/thumb/v7e-m+fp/hard\libstdc++_nano.a(del_ops.o)
                              ./cppports_BOOTLDR/cppports.o (operator delete(void*, unsigned int))
d:/st/stm32cubeide_1.7.0/stm32cubeide/plugins/com.st.stm32cube.ide.mcu.externaltools.gnu-tools-for-stm32.9-2020-q2-update.win32_2.0.0.202105311346/tools/bin/../lib/gcc/arm-none-eabi/9.3.1/../../../../arm-none-eabi/lib/thumb/v7e-m+fp/hard\libstdc++_nano.a(del_op.o)
                              d:/st/stm32cubeide_1.7.0/stm32cubeide/plugins/com.st.stm32cube.ide.mcu.externaltools.gnu-tools-for-stm32.9-2020-q2-update.win32_2.0.0.202105311346/tools/bin/../lib/gcc/arm-none-eabi/9.3.1/../../../../arm-none-eabi/lib/thumb/v7e-m+fp/hard\libstdc++_nano.a(del_ops.o) (operator delete(void*))
d:/st/stm32cubeide_1.7.0/stm32cubeide/plugins/com.st.stm32cube.ide.mcu.externaltools.gnu-tools-for-stm32.9-2020-q2-update.win32_2.0.0.202105311346/tools/bin/../lib/gcc/arm-none-eabi/9.3.1/../../../../arm-none-eabi/lib/thumb/v7e-m+fp/hard\libc_nano.a(lib_a-atoi.o)
                              ./cppports_BOOTLDR/cppports.o (atoi)
d:/st/stm32cubeide_1.7.0/stm32cubeide/plugins/com.st.stm32cube.ide.mcu.externaltools.gnu-tools-for-stm32.9-2020-q2-update.win32_2.0.0.202105311346/tools/bin/../lib/gcc/arm-none-eabi/9.3.1/../../../../arm-none-eabi/lib/thumb/v7e-m+fp/hard\libc_nano.a(lib_a-errno.o)
                              ./Core/Src/syscalls.o (__errno)
d:/st/stm32cubeide_1.7.0/stm32cubeide/plugins/com.st.stm32cube.ide.mcu.externaltools.gnu-tools-for-stm32.9-2020-q2-update.win32_2.0.0.202105311346/tools/bin/../lib/gcc/arm-none-eabi/9.3.1/../../../../arm-none-eabi/lib/thumb/v7e-m+fp/hard\libc_nano.a(lib_a-exit.o)
                              d:/st/stm32cubeide_1.7.0/stm32cubeide/plugins/com.st.stm32cube.ide.mcu.externaltools.gnu-tools-for-stm32.9-2020-q2-update.win32_2.0.0.202105311346/tools/bin/../lib/gcc/arm-none-eabi/9.3.1/../../../../arm-none-eabi/lib/thumb/v7e-m+fp/hard/crt0.o (exit)
d:/st/stm32cubeide_1.7.0/stm32cubeide/plugins/com.st.stm32cube.ide.mcu.externaltools.gnu-tools-for-stm32.9-2020-q2-update.win32_2.0.0.202105311346/tools/bin/../lib/gcc/arm-none-eabi/9.3.1/../../../../arm-none-eabi/lib/thumb/v7e-m+fp/hard\libc_nano.a(lib_a-impure.o)
                              d:/st/stm32cubeide_1.7.0/stm32cubeide/plugins/com.st.stm32cube.ide.mcu.externaltools.gnu-tools-for-stm32.9-2020-q2-update.win32_2.0.0.202105311346/tools/bin/../lib/gcc/arm-none-eabi/9.3.1/../../../../arm-none-eabi/lib/thumb/v7e-m+fp/hard\libc_nano.a(lib_a-exit.o) (_global_impure_ptr)
d:/st/stm32cubeide_1.7.0/stm32cubeide/plugins/com.st.stm32cube.ide.mcu.externaltools.gnu-tools-for-stm32.9-2020-q2-update.win32_2.0.0.202105311346/tools/bin/../lib/gcc/arm-none-eabi/9.3.1/../../../../arm-none-eabi/lib/thumb/v7e-m+fp/hard\libc_nano.a(lib_a-init.o)
                              d:/st/stm32cubeide_1.7.0/stm32cubeide/plugins/com.st.stm32cube.ide.mcu.externaltools.gnu-tools-for-stm32.9-2020-q2-update.win32_2.0.0.202105311346/tools/bin/../lib/gcc/arm-none-eabi/9.3.1/../../../../arm-none-eabi/lib/thumb/v7e-m+fp/hard/crt0.o (__libc_init_array)
d:/st/stm32cubeide_1.7.0/stm32cubeide/plugins/com.st.stm32cube.ide.mcu.externaltools.gnu-tools-for-stm32.9-2020-q2-update.win32_2.0.0.202105311346/tools/bin/../lib/gcc/arm-none-eabi/9.3.1/../../../../arm-none-eabi/lib/thumb/v7e-m+fp/hard\libc_nano.a(lib_a-malloc.o)
                              ./Middlewares/ST/STM32_USB_Device_Library/Class/DFU/Src/usbd_dfu.o (malloc)
d:/st/stm32cubeide_1.7.0/stm32cubeide/plugins/com.st.stm32cube.ide.mcu.externaltools.gnu-tools-for-stm32.9-2020-q2-update.win32_2.0.0.202105311346/tools/bin/../lib/gcc/arm-none-eabi/9.3.1/../../../../arm-none-eabi/lib/thumb/v7e-m+fp/hard\libc_nano.a(lib_a-memcpy-stub.o)
                              ./share/flash.o (memcpy)
d:/st/stm32cubeide_1.7.0/stm32cubeide/plugins/com.st.stm32cube.ide.mcu.externaltools.gnu-tools-for-stm32.9-2020-q2-update.win32_2.0.0.202105311346/tools/bin/../lib/gcc/arm-none-eabi/9.3.1/../../../../arm-none-eabi/lib/thumb/v7e-m+fp/hard\libc_nano.a(lib_a-memset.o)
                              d:/st/stm32cubeide_1.7.0/stm32cubeide/plugins/com.st.stm32cube.ide.mcu.externaltools.gnu-tools-for-stm32.9-2020-q2-update.win32_2.0.0.202105311346/tools/bin/../lib/gcc/arm-none-eabi/9.3.1/../../../../arm-none-eabi/lib/thumb/v7e-m+fp/hard/crt0.o (memset)
d:/st/stm32cubeide_1.7.0/stm32cubeide/plugins/com.st.stm32cube.ide.mcu.externaltools.gnu-tools-for-stm32.9-2020-q2-update.win32_2.0.0.202105311346/tools/bin/../lib/gcc/arm-none-eabi/9.3.1/../../../../arm-none-eabi/lib/thumb/v7e-m+fp/hard\libc_nano.a(lib_a-nano-freer.o)
[...]
Memory Configuration

Name             Origin             Length             Attributes
RAM              0x0000000020000000 0x0000000000010000 xrw
FLASH_EEPROM     0x000000000800c000 0x0000000000004000 xr
FLASH            0x0000000008000000 0x000000000000c000 xr
*default*        0x0000000000000000 0xffffffffffffffff

Linker script and memory map

LOAD d:/st/stm32cubeide_1.7.0/stm32cubeide/plugins/com.st.stm32cube.ide.mcu.externaltools.gnu-tools-for-stm32.9-2020-q2-update.win32_2.0.0.202105311346/tools/bin/../lib/gcc/arm-none-eabi/9.3.1/thumb/v7e-m+fp/hard/crti.o
LOAD d:/st/stm32cubeide_1.7.0/stm32cubeide/plugins/com.st.stm32cube.ide.mcu.externaltools.gnu-tools-for-stm32.9-2020-q2-update.win32_2.0.0.202105311346/tools/bin/../lib/gcc/arm-none-eabi/9.3.1/thumb/v7e-m+fp/hard/crtbegin.o
LOAD d:/st/stm32cubeide_1.7.0/stm32cubeide/plugins/com.st.stm32cube.ide.mcu.externaltools.gnu-tools-for-stm32.9-2020-q2-update.win32_2.0.0.202105311346/tools/bin/../lib/gcc/arm-none-eabi/9.3.1/../../../../arm-none-eabi/lib/thumb/v7e-m+fp/hard/crt0.o
LOAD ./Buttons/Buttons.o
LOAD ./Core/Src/main.o
LOAD ./Core/Src/stm32f4xx_hal_msp.o
LOAD ./Core/Src/stm32f4xx_hal_timebase_tim.o
LOAD ./Core/Src/stm32f4xx_it.o
LOAD ./Core/Src/syscalls.o
LOAD ./Core/Src/sysmem.o
LOAD ./Core/Src/system_stm32f4xx.o
LOAD ./Core/Startup/startup_stm32f401ccux.o
LOAD ./Drivers/STM32F4xx_HAL_Driver/Src/stm32f4xx_hal.o
LOAD ./Drivers/STM32F4xx_HAL_Driver/Src/stm32f4xx_hal_cortex.o
LOAD ./Drivers/STM32F4xx_HAL_Driver/Src/stm32f4xx_hal_dma.o
LOAD ./Drivers/STM32F4xx_HAL_Driver/Src/stm32f4xx_hal_dma_ex.o
LOAD ./Drivers/STM32F4xx_HAL_Driver/Src/stm32f4xx_hal_exti.o
LOAD ./Drivers/STM32F4xx_HAL_Driver/Src/stm32f4xx_hal_flash.o
LOAD ./Drivers/STM32F4xx_HAL_Driver/Src/stm32f4xx_hal_flash_ex.o
LOAD ./Drivers/STM32F4xx_HAL_Driver/Src/stm32f4xx_hal_flash_ramfunc.o
LOAD ./Drivers/STM32F4xx_HAL_Driver/Src/stm32f4xx_hal_gpio.o
LOAD ./Drivers/STM32F4xx_HAL_Driver/Src/stm32f4xx_hal_i2c.o
LOAD ./Drivers/STM32F4xx_HAL_Driver/Src/stm32f4xx_hal_i2c_ex.o
LOAD ./Drivers/STM32F4xx_HAL_Driver/Src/stm32f4xx_hal_pcd.o
LOAD ./Drivers/STM32F4xx_HAL_Driver/Src/stm32f4xx_hal_pcd_ex.o
LOAD ./Drivers/STM32F4xx_HAL_Driver/Src/stm32f4xx_hal_pwr.o
LOAD ./Drivers/STM32F4xx_HAL_Driver/Src/stm32f4xx_hal_pwr_ex.o
LOAD ./Drivers/STM32F4xx_HAL_Driver/Src/stm32f4xx_hal_rcc.o
LOAD ./Drivers/STM32F4xx_HAL_Driver/Src/stm32f4xx_hal_rcc_ex.o
LOAD ./Drivers/STM32F4xx_HAL_Driver/Src/stm32f4xx_hal_tim.o
LOAD ./Drivers/STM32F4xx_HAL_Driver/Src/stm32f4xx_hal_tim_ex.o
LOAD ./Drivers/STM32F4xx_HAL_Driver/Src/stm32f4xx_ll_usb.o
LOAD ./Fonts/u8g2_simsun_9_fntodgironchinese.o
LOAD ./Middlewares/ST/STM32_USB_Device_Library/Class/DFU/Src/usbd_dfu.o
LOAD ./Middlewares/ST/STM32_USB_Device_Library/Core/Src/usbd_core.o
LOAD ./Middlewares/ST/STM32_USB_Device_Library/Core/Src/usbd_ctlreq.o
LOAD ./Middlewares/ST/STM32_USB_Device_Library/Core/Src/usbd_ioreq.o
LOAD ./USB_DEVICE/App/usb_device.o
LOAD ./USB_DEVICE/App/usbd_desc.o
LOAD ./USB_DEVICE/App/usbd_dfu_if.o
LOAD ./USB_DEVICE/Target/usbd_conf.o
LOAD ./cppports_BOOTLDR/cppports.o
LOAD ./share/Arduino.o
LOAD ./share/Settings.o
LOAD ./share/flash.o
LOAD ./u8g2/src/U8x8lib.o
LOAD ./u8g2/src/oled_init.o
LOAD ./u8g2/src/clib/u8g2_bitmap.o
LOAD ./u8g2/src/clib/u8g2_box.o
LOAD ./u8g2/src/clib/u8g2_buffer.o
LOAD ./u8g2/src/clib/u8g2_circle.o
LOAD ./u8g2/src/clib/u8g2_cleardisplay.o
LOAD ./u8g2/src/clib/u8g2_d_memory.o
LOAD ./u8g2/src/clib/u8g2_d_setup.o
LOAD ./u8g2/src/clib/u8g2_font.o
LOAD ./u8g2/src/clib/u8g2_fonts.o
LOAD ./u8g2/src/clib/u8g2_hvline.o
LOAD ./u8g2/src/clib/u8g2_input_value.o
LOAD ./u8g2/src/clib/u8g2_intersection.o
LOAD ./u8g2/src/clib/u8g2_kerning.o
LOAD ./u8g2/src/clib/u8g2_line.o
LOAD ./u8g2/src/clib/u8g2_ll_hvline.o
LOAD ./u8g2/src/clib/u8g2_message.o
LOAD ./u8g2/src/clib/u8g2_polygon.o
LOAD ./u8g2/src/clib/u8g2_selection_list.o
LOAD ./u8g2/src/clib/u8g2_setup.o
LOAD ./u8g2/src/clib/u8log.o
LOAD ./u8g2/src/clib/u8log_u8g2.o
LOAD ./u8g2/src/clib/u8log_u8x8.o
LOAD ./u8g2/src/clib/u8x8_8x8.o
LOAD ./u8g2/src/clib/u8x8_byte.o
LOAD ./u8g2/src/clib/u8x8_cad.o
LOAD ./u8g2/src/clib/u8x8_capture.o
LOAD ./u8g2/src/clib/u8x8_d_a2printer.o
LOAD ./u8g2/src/clib/u8x8_d_il3820_296x128.o
LOAD ./u8g2/src/clib/u8x8_d_ist3020.o
LOAD ./u8g2/src/clib/u8x8_d_ist7920.o
LOAD ./u8g2/src/clib/u8x8_d_ks0108.o
LOAD ./u8g2/src/clib/u8x8_d_lc7981.o
LOAD ./u8g2/src/clib/u8x8_d_ld7032_60x32.o
LOAD ./u8g2/src/clib/u8x8_d_ls013b7dh03.o
LOAD ./u8g2/src/clib/u8x8_d_max7219.o
LOAD ./u8g2/src/clib/u8x8_d_pcd8544_84x48.o
LOAD ./u8g2/src/clib/u8x8_d_pcf8812.o
LOAD ./u8g2/src/clib/u8x8_d_pcf8814_hx1230.o
LOAD ./u8g2/src/clib/u8x8_d_s1d15e06.o
LOAD ./u8g2/src/clib/u8x8_d_sbn1661.o
LOAD ./u8g2/src/clib/u8x8_d_sed1330.o
LOAD ./u8g2/src/clib/u8x8_d_sh1106_64x32.o
LOAD ./u8g2/src/clib/u8x8_d_sh1106_72x40.o
LOAD ./u8g2/src/clib/u8x8_d_sh1107.o
LOAD ./u8g2/src/clib/u8x8_d_sh1108.o
LOAD ./u8g2/src/clib/u8x8_d_sh1122.o
LOAD ./u8g2/src/clib/u8x8_d_ssd1305.o
LOAD ./u8g2/src/clib/u8x8_d_ssd1306_128x32.o
LOAD ./u8g2/src/clib/u8x8_d_ssd1306_128x64_noname.o
LOAD ./u8g2/src/clib/u8x8_d_ssd1306_2040x16.o
LOAD ./u8g2/src/clib/u8x8_d_ssd1306_48x64.o
LOAD ./u8g2/src/clib/u8x8_d_ssd1306_64x32.o
LOAD ./u8g2/src/clib/u8x8_d_ssd1306_64x48.o
LOAD ./u8g2/src/clib/u8x8_d_ssd1306_72x40.o
LOAD ./u8g2/src/clib/u8x8_d_ssd1306_96x16.o
LOAD ./u8g2/src/clib/u8x8_d_ssd1309.o
LOAD ./u8g2/src/clib/u8x8_d_ssd1316.o
LOAD ./u8g2/src/clib/u8x8_d_ssd1317.o
LOAD ./u8g2/src/clib/u8x8_d_ssd1318.o
LOAD ./u8g2/src/clib/u8x8_d_ssd1322.o
LOAD ./u8g2/src/clib/u8x8_d_ssd1325.o
LOAD ./u8g2/src/clib/u8x8_d_ssd1326.o
LOAD ./u8g2/src/clib/u8x8_d_ssd1327.o
LOAD ./u8g2/src/clib/u8x8_d_ssd1329.o
LOAD ./u8g2/src/clib/u8x8_d_ssd1606_172x72.o
LOAD ./u8g2/src/clib/u8x8_d_ssd1607_200x200.o
LOAD ./u8g2/src/clib/u8x8_d_st7511.o
LOAD ./u8g2/src/clib/u8x8_d_st75256.o
LOAD ./u8g2/src/clib/u8x8_d_st7528.o
LOAD ./u8g2/src/clib/u8x8_d_st75320.o
LOAD ./u8g2/src/clib/u8x8_d_st7565.o
LOAD ./u8g2/src/clib/u8x8_d_st7567.o
LOAD ./u8g2/src/clib/u8x8_d_st7571.o
LOAD ./u8g2/src/clib/u8x8_d_st7586s_erc240160.o
LOAD ./u8g2/src/clib/u8x8_d_st7586s_s028hn118a.o
LOAD ./u8g2/src/clib/u8x8_d_st7586s_ymc240160.o
LOAD ./u8g2/src/clib/u8x8_d_st7588.o
LOAD ./u8g2/src/clib/u8x8_d_st7920.o
LOAD ./u8g2/src/clib/u8x8_d_stdio.o
LOAD ./u8g2/src/clib/u8x8_d_t6963.o
LOAD ./u8g2/src/clib/u8x8_d_uc1601.o
LOAD ./u8g2/src/clib/u8x8_d_uc1604.o
LOAD ./u8g2/src/clib/u8x8_d_uc1608.o
LOAD ./u8g2/src/clib/u8x8_d_uc1610.o
LOAD ./u8g2/src/clib/u8x8_d_uc1611.o
LOAD ./u8g2/src/clib/u8x8_d_uc1617.o
LOAD ./u8g2/src/clib/u8x8_d_uc1638.o
LOAD ./u8g2/src/clib/u8x8_d_uc1701_dogs102.o
LOAD ./u8g2/src/clib/u8x8_d_uc1701_mini12864.o
LOAD ./u8g2/src/clib/u8x8_debounce.o
LOAD ./u8g2/src/clib/u8x8_display.o
LOAD ./u8g2/src/clib/u8x8_fonts.o
LOAD ./u8g2/src/clib/u8x8_gpio.o
LOAD ./u8g2/src/clib/u8x8_input_value.o
LOAD ./u8g2/src/clib/u8x8_message.o
LOAD ./u8g2/src/clib/u8x8_selection_list.o
LOAD ./u8g2/src/clib/u8x8_setup.o
LOAD ./u8g2/src/clib/u8x8_string.o
LOAD ./u8g2/src/clib/u8x8_u16toa.o
LOAD ./u8g2/src/clib/u8x8_u8toa.o
START GROUP
LOAD d:/st/stm32cubeide_1.7.0/stm32cubeide/plugins/com.st.stm32cube.ide.mcu.externaltools.gnu-tools-for-stm32.9-2020-q2-update.win32_2.0.0.202105311346/tools/bin/../lib/gcc/arm-none-eabi/9.3.1/../../../../arm-none-eabi/lib/thumb/v7e-m+fp/hard\libstdc++_nano.a
LOAD d:/st/stm32cubeide_1.7.0/stm32cubeide/plugins/com.st.stm32cube.ide.mcu.externaltools.gnu-tools-for-stm32.9-2020-q2-update.win32_2.0.0.202105311346/tools/bin/../lib/gcc/arm-none-eabi/9.3.1/../../../../arm-none-eabi/lib/thumb/v7e-m+fp/hard\libsupc++_nano.a
END GROUP
LOAD d:/st/stm32cubeide_1.7.0/stm32cubeide/plugins/com.st.stm32cube.ide.mcu.externaltools.gnu-tools-for-stm32.9-2020-q2-update.win32_2.0.0.202105311346/tools/bin/../lib/gcc/arm-none-eabi/9.3.1/../../../../arm-none-eabi/lib/thumb/v7e-m+fp/hard\libstdc++_nano.a
LOAD d:/st/stm32cubeide_1.7.0/stm32cubeide/plugins/com.st.stm32cube.ide.mcu.externaltools.gnu-tools-for-stm32.9-2020-q2-update.win32_2.0.0.202105311346/tools/bin/../lib/gcc/arm-none-eabi/9.3.1/../../../../arm-none-eabi/lib/thumb/v7e-m+fp/hard\libm.a
LOAD d:/st/stm32cubeide_1.7.0/stm32cubeide/plugins/com.st.stm32cube.ide.mcu.externaltools.gnu-tools-for-stm32.9-2020-q2-update.win32_2.0.0.202105311346/tools/bin/../lib/gcc/arm-none-eabi/9.3.1/../../../../arm-none-eabi/lib/thumb/v7e-m+fp/hard\libc_nano.a
START GROUP
LOAD d:/st/stm32cubeide_1.7.0/stm32cubeide/plugins/com.st.stm32cube.ide.mcu.externaltools.gnu-tools-for-stm32.9-2020-q2-update.win32_2.0.0.202105311346/tools/bin/../lib/gcc/arm-none-eabi/9.3.1/thumb/v7e-m+fp/hard\libgcc.a
LOAD d:/st/stm32cubeide_1.7.0/stm32cubeide/plugins/com.st.stm32cube.ide.mcu.externaltools.gnu-tools-for-stm32.9-2020-q2-update.win32_2.0.0.202105311346/tools/bin/../lib/gcc/arm-none-eabi/9.3.1/../../../../arm-none-eabi/lib/thumb/v7e-m+fp/hard\libc_nano.a
END GROUP
START GROUP
LOAD d:/st/stm32cubeide_1.7.0/stm32cubeide/plugins/com.st.stm32cube.ide.mcu.externaltools.gnu-tools-for-stm32.9-2020-q2-update.win32_2.0.0.202105311346/tools/bin/../lib/gcc/arm-none-eabi/9.3.1/thumb/v7e-m+fp/hard\libgcc.a
LOAD d:/st/stm32cubeide_1.7.0/stm32cubeide/plugins/com.st.stm32cube.ide.mcu.externaltools.gnu-tools-for-stm32.9-2020-q2-update.win32_2.0.0.202105311346/tools/bin/../lib/gcc/arm-none-eabi/9.3.1/../../../../arm-none-eabi/lib/thumb/v7e-m+fp/hard\libc_nano.a
END GROUP
LOAD d:/st/stm32cubeide_1.7.0/stm32cubeide/plugins/com.st.stm32cube.ide.mcu.externaltools.gnu-tools-for-stm32.9-2020-q2-update.win32_2.0.0.202105311346/tools/bin/../lib/gcc/arm-none-eabi/9.3.1/thumb/v7e-m+fp/hard/crtend.o
LOAD d:/st/stm32cubeide_1.7.0/stm32cubeide/plugins/com.st.stm32cube.ide.mcu.externaltools.gnu-tools-for-stm32.9-2020-q2-update.win32_2.0.0.202105311346/tools/bin/../lib/gcc/arm-none-eabi/9.3.1/thumb/v7e-m+fp/hard/crtn.o
                0x0000000020010000                _estack = (ORIGIN (RAM) + LENGTH (RAM))
                0x0000000000000900                _Min_Heap_Size = 0x900
                0x0000000000000900                _Min_Stack_Size = 0x900
                0x000000000800c000                __FLASH_EEPROM_ADDR__ = 0x800c000

.isr_vector     0x0000000008000000      0x194
                0x0000000008000000                . = ALIGN (0x4)
 *(.isr_vector)
 .isr_vector    0x0000000008000000      0x194 ./Core/Startup/startup_stm32f401ccux.o
                0x0000000008000000                g_pfnVectors
                0x0000000008000194                . = ALIGN (0x4)

.text           0x00000000080001a0     0x7f8c
                0x00000000080001a0                . = ALIGN (0x4)
 *(.text)
 .text          0x00000000080001a0       0x40 d:/st/stm32cubeide_1.7.0/stm32cubeide/plugins/com.st.stm32cube.ide.mcu.externaltools.gnu-tools-for-stm32.9-2020-q2-update.win32_2.0.0.202105311346/tools/bin/../lib/gcc/arm-none-eabi/9.3.1/thumb/v7e-m+fp/hard/crtbegin.o
 .text          0x00000000080001e0       0x14 d:/st/stm32cubeide_1.7.0/stm32cubeide/plugins/com.st.stm32cube.ide.mcu.externaltools.gnu-tools-for-stm32.9-2020-q2-update.win32_2.0.0.202105311346/tools/bin/../lib/gcc/arm-none-eabi/9.3.1/../../../../arm-none-eabi/lib/thumb/v7e-m+fp/hard\libc_nano.a(lib_a-strcmp.o)
                0x00000000080001e0                strcmp
 .text          0x00000000080001f4       0x10 d:/st/stm32cubeide_1.7.0/stm32cubeide/plugins/com.st.stm32cube.ide.mcu.externaltools.gnu-tools-for-stm32.9-2020-q2-update.win32_2.0.0.202105311346/tools/bin/../lib/gcc/arm-none-eabi/9.3.1/../../../../arm-none-eabi/lib/thumb/v7e-m+fp/hard\libc_nano.a(lib_a-strlen.o)
                0x00000000080001f4                strlen
 *fill*         0x0000000008000204        0xc 
 .text          0x0000000008000210       0xa0 d:/st/stm32cubeide_1.7.0/stm32cubeide/plugins/com.st.stm32cube.ide.mcu.externaltools.gnu-tools-for-stm32.9-2020-q2-update.win32_2.0.0.202105311346/tools/bin/../lib/gcc/arm-none-eabi/9.3.1/../../../../arm-none-eabi/lib/thumb/v7e-m+fp/hard\libc_nano.a(lib_a-memchr.o)
                0x0000000008000210                memchr
 .text          0x00000000080002b0       0x30 d:/st/stm32cubeide_1.7.0/stm32cubeide/plugins/com.st.stm32cube.ide.mcu.externaltools.gnu-tools-for-stm32.9-2020-q2-update.win32_2.0.0.202105311346/tools/bin/../lib/gcc/arm-none-eabi/9.3.1/thumb/v7e-m+fp/hard\libgcc.a(_aeabi_uldivmod.o)
                0x00000000080002b0                __aeabi_uldivmod
 .text          0x00000000080002e0      0x2c4 d:/st/stm32cubeide_1.7.0/stm32cubeide/plugins/com.st.stm32cube.ide.mcu.externaltools.gnu-tools-for-stm32.9-2020-q2-update.win32_2.0.0.202105311346/tools/bin/../lib/gcc/arm-none-eabi/9.3.1/thumb/v7e-m+fp/hard\libgcc.a(_udivmoddi4.o)
                0x00000000080002e0                __udivmoddi4
 .text          0x00000000080005a4        0x4 d:/st/stm32cubeide_1.7.0/stm32cubeide/plugins/com.st.stm32cube.ide.mcu.externaltools.gnu-tools-for-stm32.9-2020-q2-update.win32_2.0.0.202105311346/tools/bin/../lib/gcc/arm-none-eabi/9.3.1/thumb/v7e-m+fp/hard\libgcc.a(_dvmd_tls.o)
                0x00000000080005a4                __aeabi_idiv0
                0x00000000080005a4                __aeabi_ldiv0
 *(.text*)
 .text.getButtonA
                0x00000000080005a8       0x18 ./Buttons/Buttons.o
                0x00000000080005a8                getButtonA
 .text.getButtonB
                0x00000000080005c0       0x18 ./Buttons/Buttons.o
                0x00000000080005c0                getButtonB
 .text.getButtonOK
                0x00000000080005d8       0x18 ./Buttons/Buttons.o
                0x00000000080005d8                getButtonOK
 .text.readButtonState
                0x00000000080005f0       0xe8 ./Buttons/Buttons.o
                0x00000000080005f0                readButtonState
 .text.getButtonState
                0x00000000080006d8       0x20 ./Buttons/Buttons.o
                0x00000000080006d8                getButtonState
 .text.SystemClock_Config
                0x00000000080006f8       0x98 ./Core/Src/main.o
                0x00000000080006f8                SystemClock_Config
 .text.startup.main
                0x0000000008000790      0x140 ./Core/Src/main.o
                0x0000000008000790                main
 .text.resetWatchdog
                0x00000000080008d0        0x2 ./Core/Src/main.o
                0x00000000080008d0                resetWatchdog
 *fill*         0x00000000080008d2        0x2 
 .text.HAL_TIM_PeriodElapsedCallback
                0x00000000080008d4       0x14 ./Core/Src/main.o
                0x00000000080008d4                HAL_TIM_PeriodElapsedCallback
 .text.Error_Handler
                0x00000000080008e8        0x2 ./Core/Src/main.o
                0x00000000080008e8                Error_Handler
 *fill*         0x00000000080008ea        0x2 
 .text.HAL_MspInit
                0x00000000080008ec       0x38 ./Core/Src/stm32f4xx_hal_msp.o
                0x00000000080008ec                HAL_MspInit
 .text.HAL_I2C_MspInit
                0x0000000008000924      0x10c ./Core/Src/stm32f4xx_hal_msp.o
                0x0000000008000924                HAL_I2C_MspInit
 .text.HAL_TIM_PWM_MspInit
                0x0000000008000a30       0x44 ./Core/Src/stm32f4xx_hal_msp.o
                0x0000000008000a30                HAL_TIM_PWM_MspInit
 .text.HAL_TIM_MspPostInit
                0x0000000008000a74       0x54 ./Core/Src/stm32f4xx_hal_msp.o
                0x0000000008000a74                HAL_TIM_MspPostInit
 .text.HAL_InitTick
                0x0000000008000ac8       0x7c ./Core/Src/stm32f4xx_hal_timebase_tim.o
                0x0000000008000ac8                HAL_InitTick
 .text.NMI_Handler
                0x0000000008000b44        0x2 ./Core/Src/stm32f4xx_it.o
                0x0000000008000b44                NMI_Handler
 .text.HardFault_Handler
                0x0000000008000b46        0x2 ./Core/Src/stm32f4xx_it.o
                0x0000000008000b46                HardFault_Handler
 .text.MemManage_Handler
                0x0000000008000b48        0x2 ./Core/Src/stm32f4xx_it.o
                0x0000000008000b48                MemManage_Handler
 .text.BusFault_Handler
                0x0000000008000b4a        0x2 ./Core/Src/stm32f4xx_it.o
                0x0000000008000b4a                BusFault_Handler
 .text.UsageFault_Handler
                0x0000000008000b4c        0x2 ./Core/Src/stm32f4xx_it.o
                0x0000000008000b4c                UsageFault_Handler
 .text.SVC_Handler
                0x0000000008000b4e        0x2 ./Core/Src/stm32f4xx_it.o
                0x0000000008000b4e                SVC_Handler
 .text.DebugMon_Handler
                0x0000000008000b50        0x2 ./Core/Src/stm32f4xx_it.o
                0x0000000008000b50                DebugMon_Handler
 .text.PendSV_Handler
                0x0000000008000b52        0x2 ./Core/Src/stm32f4xx_it.o
                0x0000000008000b52                PendSV_Handler
 .text.SysTick_Handler
                0x0000000008000b54        0x2 ./Core/Src/stm32f4xx_it.o
                0x0000000008000b54                SysTick_Handler
 *fill*         0x0000000008000b56        0x2 
 .text.DMA1_Stream0_IRQHandler
                0x0000000008000b58        0xc ./Core/Src/stm32f4xx_it.o
                0x0000000008000b58                DMA1_Stream0_IRQHandler
 .text.DMA1_Stream6_IRQHandler
                0x0000000008000b64        0xc ./Core/Src/stm32f4xx_it.o
                0x0000000008000b64                DMA1_Stream6_IRQHandler
 .text.TIM3_IRQHandler
                0x0000000008000b70        0xc ./Core/Src/stm32f4xx_it.o
                0x0000000008000b70                TIM3_IRQHandler
 .text.TIM4_IRQHandler
                0x0000000008000b7c        0xc ./Core/Src/stm32f4xx_it.o
                0x0000000008000b7c                TIM4_IRQHandler
 .text.I2C1_EV_IRQHandler
                0x0000000008000b88        0xc ./Core/Src/stm32f4xx_it.o
                0x0000000008000b88                I2C1_EV_IRQHandler
 .text.I2C1_ER_IRQHandler
                0x0000000008000b94        0xc ./Core/Src/stm32f4xx_it.o
                0x0000000008000b94                I2C1_ER_IRQHandler
 .text.OTG_FS_IRQHandler
                0x0000000008000ba0        0xc ./Core/Src/stm32f4xx_it.o
                0x0000000008000ba0                OTG_FS_IRQHandler
 .text._getpid  0x0000000008000bac        0x4 ./Core/Src/syscalls.o
                0x0000000008000bac                _getpid
 .text._kill    0x0000000008000bb0       0x10 ./Core/Src/syscalls.o
                0x0000000008000bb0                _kill
 .text._exit    0x0000000008000bc0        0xc ./Core/Src/syscalls.o
                0x0000000008000bc0                _exit
 .text._read    0x0000000008000bcc       0x1a ./Core/Src/syscalls.o
                0x0000000008000bcc                _read
 .text._write   0x0000000008000be6       0x1a ./Core/Src/syscalls.o
                0x0000000008000be6                _write
 .text._close   0x0000000008000c00        0x6 ./Core/Src/syscalls.o
                0x0000000008000c00                _close
 .text._fstat   0x0000000008000c06        0xa ./Core/Src/syscalls.o
                0x0000000008000c06                _fstat
 .text._isatty  0x0000000008000c10        0x4 ./Core/Src/syscalls.o
                0x0000000008000c10                _isatty
 .text._lseek   0x0000000008000c14        0x4 ./Core/Src/syscalls.o
                0x0000000008000c14                _lseek
 .text._sbrk    0x0000000008000c18       0x40 ./Core/Src/sysmem.o
                0x0000000008000c18                _sbrk
 .text.SystemInit
                0x0000000008000c58       0x1c ./Core/Src/system_stm32f4xx.o
                0x0000000008000c58                SystemInit
 .text.Reset_Handler
                0x0000000008000c74       0x50 ./Core/Startup/startup_stm32f401ccux.o
                0x0000000008000c74                Reset_Handler
 .text.Default_Handler
                0x0000000008000cc4        0x2 ./Core/Startup/startup_stm32f401ccux.o
                0x0000000008000cc4                DMA2_Stream5_IRQHandler
                0x0000000008000cc4                EXTI1_IRQHandler
                0x0000000008000cc4                USART6_IRQHandler
                0x0000000008000cc4                DMA2_Stream7_IRQHandler
                0x0000000008000cc4                OTG_FS_WKUP_IRQHandler
                0x0000000008000cc4                SPI2_IRQHandler
                0x0000000008000cc4                EXTI9_5_IRQHandler
                0x0000000008000cc4                SPI1_IRQHandler
                0x0000000008000cc4                PVD_IRQHandler
                0x0000000008000cc4                TIM5_IRQHandler
                0x0000000008000cc4                ADC_IRQHandler
                0x0000000008000cc4                DMA1_Stream1_IRQHandler
                0x0000000008000cc4                WWDG_IRQHandler
                0x0000000008000cc4                DMA2_Stream0_IRQHandler
                0x0000000008000cc4                I2C3_EV_IRQHandler
                0x0000000008000cc4                SPI4_IRQHandler
                0x0000000008000cc4                DMA1_Stream2_IRQHandler
                0x0000000008000cc4                RCC_IRQHandler
                0x0000000008000cc4                DMA2_Stream3_IRQHandler
                0x0000000008000cc4                TIM1_UP_TIM10_IRQHandler
                0x0000000008000cc4                DMA2_Stream4_IRQHandler
                0x0000000008000cc4                I2C2_EV_IRQHandler
                0x0000000008000cc4                USART2_IRQHandler
                0x0000000008000cc4                DMA1_Stream7_IRQHandler
                0x0000000008000cc4                DMA1_Stream4_IRQHandler
                0x0000000008000cc4                FLASH_IRQHandler
                0x0000000008000cc4                SDIO_IRQHandler
                0x0000000008000cc4                EXTI15_10_IRQHandler
                0x0000000008000cc4                USART1_IRQHandler
                0x0000000008000cc4                RTC_WKUP_IRQHandler
                0x0000000008000cc4                TIM2_IRQHandler
                0x0000000008000cc4                TAMP_STAMP_IRQHandler
                0x0000000008000cc4                DMA2_Stream6_IRQHandler
                0x0000000008000cc4                Default_Handler
                0x0000000008000cc4                EXTI2_IRQHandler
                0x0000000008000cc4                DMA1_Stream5_IRQHandler
                0x0000000008000cc4                TIM1_TRG_COM_TIM11_IRQHandler
                0x0000000008000cc4                I2C3_ER_IRQHandler
                0x0000000008000cc4                TIM1_BRK_TIM9_IRQHandler
                0x0000000008000cc4                EXTI3_IRQHandler
                0x0000000008000cc4                I2C2_ER_IRQHandler
                0x0000000008000cc4                DMA2_Stream2_IRQHandler
                0x0000000008000cc4                DMA2_Stream1_IRQHandler
                0x0000000008000cc4                FPU_IRQHandler
                0x0000000008000cc4                TIM1_CC_IRQHandler
                0x0000000008000cc4                SPI3_IRQHandler
                0x0000000008000cc4                DMA1_Stream3_IRQHandler
                0x0000000008000cc4                EXTI0_IRQHandler
                0x0000000008000cc4                RTC_Alarm_IRQHandler
                0x0000000008000cc4                EXTI4_IRQHandler
 *fill*         0x0000000008000cc6        0x2 
 .text.HAL_Init
                0x0000000008000cc8       0x34 ./Drivers/STM32F4xx_HAL_Driver/Src/stm32f4xx_hal.o
                0x0000000008000cc8                HAL_Init
 .text.HAL_IncTick
                0x0000000008000cfc       0x18 ./Drivers/STM32F4xx_HAL_Driver/Src/stm32f4xx_hal.o
                0x0000000008000cfc                HAL_IncTick
 .text.HAL_GetTick
                0x0000000008000d14        0xc ./Drivers/STM32F4xx_HAL_Driver/Src/stm32f4xx_hal.o
                0x0000000008000d14                HAL_GetTick
 .text.HAL_Delay
                0x0000000008000d20       0x28 ./Drivers/STM32F4xx_HAL_Driver/Src/stm32f4xx_hal.o
                0x0000000008000d20                HAL_Delay
 .text.HAL_NVIC_SetPriorityGrouping
                0x0000000008000d48       0x24 ./Drivers/STM32F4xx_HAL_Driver/Src/stm32f4xx_hal_cortex.o
                0x0000000008000d48                HAL_NVIC_SetPriorityGrouping
 .text.HAL_NVIC_SetPriority
                0x0000000008000d6c       0x64 ./Drivers/STM32F4xx_HAL_Driver/Src/stm32f4xx_hal_cortex.o
                0x0000000008000d6c                HAL_NVIC_SetPriority
 .text.HAL_NVIC_EnableIRQ
                0x0000000008000dd0       0x1c ./Drivers/STM32F4xx_HAL_Driver/Src/stm32f4xx_hal_cortex.o
                0x0000000008000dd0                HAL_NVIC_EnableIRQ
 .text.DMA_CalcBaseAndBitshift
                0x0000000008000dec       0x2c ./Drivers/STM32F4xx_HAL_Driver/Src/stm32f4xx_hal_dma.o
 .text.HAL_DMA_Init
                0x0000000008000e18      0x100 ./Drivers/STM32F4xx_HAL_Driver/Src/stm32f4xx_hal_dma.o
                0x0000000008000e18                HAL_DMA_Init
 .text.HAL_DMA_Start_IT
                0x0000000008000f18       0x74 ./Drivers/STM32F4xx_HAL_Driver/Src/stm32f4xx_hal_dma.o
                0x0000000008000f18                HAL_DMA_Start_IT
 .text.HAL_DMA_Abort_IT
                0x0000000008000f8c       0x24 ./Drivers/STM32F4xx_HAL_Driver/Src/stm32f4xx_hal_dma.o
                0x0000000008000f8c                HAL_DMA_Abort_IT
 .text.HAL_DMA_IRQHandler
                0x0000000008000fb0      0x17c ./Drivers/STM32F4xx_HAL_Driver/Src/stm32f4xx_hal_dma.o
                0x0000000008000fb0                HAL_DMA_IRQHandler
 .text.HAL_DMA_GetState
                0x000000000800112c        0x6 ./Drivers/STM32F4xx_HAL_Driver/Src/stm32f4xx_hal_dma.o
                0x000000000800112c                HAL_DMA_GetState
 .text.HAL_DMA_GetError
                0x0000000008001132        0x4 ./Drivers/STM32F4xx_HAL_Driver/Src/stm32f4xx_hal_dma.o
                0x0000000008001132                HAL_DMA_GetError
 *fill*         0x0000000008001136        0x2 
 .text.FLASH_Program_DoubleWord
                0x0000000008001138       0x2c ./Drivers/STM32F4xx_HAL_Driver/Src/stm32f4xx_hal_flash.o
 .text.FLASH_Program_Word
                0x0000000008001164       0x24 ./Drivers/STM32F4xx_HAL_Driver/Src/stm32f4xx_hal_flash.o
 .text.FLASH_Program_HalfWord
                0x0000000008001188       0x24 ./Drivers/STM32F4xx_HAL_Driver/Src/stm32f4xx_hal_flash.o
 .text.FLASH_SetErrorCode
                0x00000000080011ac       0x8c ./Drivers/STM32F4xx_HAL_Driver/Src/stm32f4xx_hal_flash.o
 .text.HAL_FLASH_Unlock
                0x0000000008001238       0x24 ./Drivers/STM32F4xx_HAL_Driver/Src/stm32f4xx_hal_flash.o
                0x0000000008001238                HAL_FLASH_Unlock
 .text.HAL_FLASH_Lock
                0x000000000800125c       0x14 ./Drivers/STM32F4xx_HAL_Driver/Src/stm32f4xx_hal_flash.o
                0x000000000800125c                HAL_FLASH_Lock
 .text.FLASH_WaitForLastOperation
                0x0000000008001270       0x54 ./Drivers/STM32F4xx_HAL_Driver/Src/stm32f4xx_hal_flash.o
                0x0000000008001270                FLASH_WaitForLastOperation
 .text.HAL_FLASH_Program
                0x00000000080012c4       0x8c ./Drivers/STM32F4xx_HAL_Driver/Src/stm32f4xx_hal_flash.o
                0x00000000080012c4                HAL_FLASH_Program
 .text.FLASH_MassErase.isra.0
                0x0000000008001350       0x24 ./Drivers/STM32F4xx_HAL_Driver/Src/stm32f4xx_hal_flash_ex.o
 .text.FLASH_Erase_Sector
                0x0000000008001374       0x4c ./Drivers/STM32F4xx_HAL_Driver/Src/stm32f4xx_hal_flash_ex.o
                0x0000000008001374                FLASH_Erase_Sector
 .text.FLASH_FlushCaches
                0x00000000080013c0       0x58 ./Drivers/STM32F4xx_HAL_Driver/Src/stm32f4xx_hal_flash_ex.o
                0x00000000080013c0                FLASH_FlushCaches
 .text.HAL_FLASHEx_Erase
                0x0000000008001418       0x9c ./Drivers/STM32F4xx_HAL_Driver/Src/stm32f4xx_hal_flash_ex.o
                0x0000000008001418                HAL_FLASHEx_Erase
 .text.HAL_GPIO_Init
                0x00000000080014b4      0x198 ./Drivers/STM32F4xx_HAL_Driver/Src/stm32f4xx_hal_gpio.o
                0x00000000080014b4                HAL_GPIO_Init
 .text.HAL_GPIO_ReadPin
                0x000000000800164c        0xc ./Drivers/STM32F4xx_HAL_Driver/Src/stm32f4xx_hal_gpio.o
                0x000000000800164c                HAL_GPIO_ReadPin
 .text.HAL_GPIO_WritePin
                0x0000000008001658        0xa ./Drivers/STM32F4xx_HAL_Driver/Src/stm32f4xx_hal_gpio.o
                0x0000000008001658                HAL_GPIO_WritePin
 *fill*         0x0000000008001662        0x2 
 .text.HAL_I2C_Init
                0x0000000008001664      0x150 ./Drivers/STM32F4xx_HAL_Driver/Src/stm32f4xx_hal_i2c.o
                0x0000000008001664                HAL_I2C_Init
 .text.HAL_I2C_Master_Transmit_DMA
                0x00000000080017b4      0x12c ./Drivers/STM32F4xx_HAL_Driver/Src/stm32f4xx_hal_i2c.o
                0x00000000080017b4                HAL_I2C_Master_Transmit_DMA
 .text.HAL_I2C_MasterTxCpltCallback
                0x00000000080018e0        0x2 ./Drivers/STM32F4xx_HAL_Driver/Src/stm32f4xx_hal_i2c.o
                0x00000000080018e0                HAL_I2C_MasterTxCpltCallback
 .text.HAL_I2C_MasterRxCpltCallback
                0x00000000080018e2        0x2 ./Drivers/STM32F4xx_HAL_Driver/Src/stm32f4xx_hal_i2c.o
                0x00000000080018e2                HAL_I2C_MasterRxCpltCallback
 .text.HAL_I2C_SlaveTxCpltCallback
                0x00000000080018e4        0x2 ./Drivers/STM32F4xx_HAL_Driver/Src/stm32f4xx_hal_i2c.o
                0x00000000080018e4                HAL_I2C_SlaveTxCpltCallback
 .text.HAL_I2C_SlaveRxCpltCallback
                0x00000000080018e6        0x2 ./Drivers/STM32F4xx_HAL_Driver/Src/stm32f4xx_hal_i2c.o
                0x00000000080018e6                HAL_I2C_SlaveRxCpltCallback
 .text.HAL_I2C_AddrCallback
                0x00000000080018e8        0x2 ./Drivers/STM32F4xx_HAL_Driver/Src/stm32f4xx_hal_i2c.o
                0x00000000080018e8                HAL_I2C_AddrCallback
 .text.HAL_I2C_ListenCpltCallback
                0x00000000080018ea        0x2 ./Drivers/STM32F4xx_HAL_Driver/Src/stm32f4xx_hal_i2c.o
                0x00000000080018ea                HAL_I2C_ListenCpltCallback
 .text.HAL_I2C_MemTxCpltCallback
                0x00000000080018ec        0x2 ./Drivers/STM32F4xx_HAL_Driver/Src/stm32f4xx_hal_i2c.o
                0x00000000080018ec                HAL_I2C_MemTxCpltCallback
 .text.I2C_MemoryTransmit_TXE_BTF
                0x00000000080018ee       0xa2 ./Drivers/STM32F4xx_HAL_Driver/Src/stm32f4xx_hal_i2c.o
 .text.HAL_I2C_MemRxCpltCallback
                0x0000000008001990        0x2 ./Drivers/STM32F4xx_HAL_Driver/Src/stm32f4xx_hal_i2c.o
                0x0000000008001990                HAL_I2C_MemRxCpltCallback
 .text.HAL_I2C_ErrorCallback
                0x0000000008001992        0x2 ./Drivers/STM32F4xx_HAL_Driver/Src/stm32f4xx_hal_i2c.o
                0x0000000008001992                HAL_I2C_ErrorCallback
 .text.I2C_DMAError
                0x0000000008001994       0x44 ./Drivers/STM32F4xx_HAL_Driver/Src/stm32f4xx_hal_i2c.o
 .text.I2C_DMAXferCplt
                0x00000000080019d8      0x108 ./Drivers/STM32F4xx_HAL_Driver/Src/stm32f4xx_hal_i2c.o
 .text.HAL_I2C_AbortCpltCallback
                0x0000000008001ae0        0x2 ./Drivers/STM32F4xx_HAL_Driver/Src/stm32f4xx_hal_i2c.o
                0x0000000008001ae0                HAL_I2C_AbortCpltCallback
 *fill*         0x0000000008001ae2        0x2 
 .text.I2C_DMAAbort
                0x0000000008001ae4       0xc0 ./Drivers/STM32F4xx_HAL_Driver/Src/stm32f4xx_hal_i2c.o
 .text.I2C_ITError
                0x0000000008001ba4      0x150 ./Drivers/STM32F4xx_HAL_Driver/Src/stm32f4xx_hal_i2c.o
 .text.HAL_I2C_EV_IRQHandler
                0x0000000008001cf4      0x88c ./Drivers/STM32F4xx_HAL_Driver/Src/stm32f4xx_hal_i2c.o
                0x0000000008001cf4                HAL_I2C_EV_IRQHandler
 .text.HAL_I2C_ER_IRQHandler
                0x0000000008002580      0x134 ./Drivers/STM32F4xx_HAL_Driver/Src/stm32f4xx_hal_i2c.o
                0x0000000008002580                HAL_I2C_ER_IRQHandler
 .text.HAL_PCD_Init
                0x00000000080026b4      0x10a ./Drivers/STM32F4xx_HAL_Driver/Src/stm32f4xx_hal_pcd.o
                0x00000000080026b4                HAL_PCD_Init
 .text.HAL_PCD_Start
                0x00000000080027be       0x3e ./Drivers/STM32F4xx_HAL_Driver/Src/stm32f4xx_hal_pcd.o
                0x00000000080027be                HAL_PCD_Start
 .text.HAL_PCD_Stop
                0x00000000080027fc       0x48 ./Drivers/STM32F4xx_HAL_Driver/Src/stm32f4xx_hal_pcd.o
                0x00000000080027fc                HAL_PCD_Stop
 .text.HAL_PCD_IRQHandler
                0x0000000008002844      0x560 ./Drivers/STM32F4xx_HAL_Driver/Src/stm32f4xx_hal_pcd.o
                0x0000000008002844                HAL_PCD_IRQHandler
 .text.HAL_PCD_SetAddress
                0x0000000008002da4       0x28 ./Drivers/STM32F4xx_HAL_Driver/Src/stm32f4xx_hal_pcd.o
                0x0000000008002da4                HAL_PCD_SetAddress
 .text.HAL_PCD_EP_Open
                0x0000000008002dcc       0x70 ./Drivers/STM32F4xx_HAL_Driver/Src/stm32f4xx_hal_pcd.o
                0x0000000008002dcc                HAL_PCD_EP_Open
 .text.HAL_PCD_EP_Receive
                0x0000000008002e3c       0x48 ./Drivers/STM32F4xx_HAL_Driver/Src/stm32f4xx_hal_pcd.o
                0x0000000008002e3c                HAL_PCD_EP_Receive
 .text.HAL_PCD_EP_Transmit
                0x0000000008002e84       0x40 ./Drivers/STM32F4xx_HAL_Driver/Src/stm32f4xx_hal_pcd.o
                0x0000000008002e84                HAL_PCD_EP_Transmit
 .text.HAL_PCD_EP_SetStall
                0x0000000008002ec4       0x70 ./Drivers/STM32F4xx_HAL_Driver/Src/stm32f4xx_hal_pcd.o
                0x0000000008002ec4                HAL_PCD_EP_SetStall
 .text.HAL_PCD_EP_ClrStall
                0x0000000008002f34       0x6c ./Drivers/STM32F4xx_HAL_Driver/Src/stm32f4xx_hal_pcd.o
                0x0000000008002f34                HAL_PCD_EP_ClrStall
 .text.HAL_PCDEx_SetTxFiFo
                0x0000000008002fa0       0x40 ./Drivers/STM32F4xx_HAL_Driver/Src/stm32f4xx_hal_pcd_ex.o
                0x0000000008002fa0                HAL_PCDEx_SetTxFiFo
 .text.HAL_PCDEx_SetRxFiFo
                0x0000000008002fe0        0x8 ./Drivers/STM32F4xx_HAL_Driver/Src/stm32f4xx_hal_pcd_ex.o
                0x0000000008002fe0                HAL_PCDEx_SetRxFiFo
 .text.HAL_PCDEx_LPM_Callback
                0x0000000008002fe8        0x2 ./Drivers/STM32F4xx_HAL_Driver/Src/stm32f4xx_hal_pcd_ex.o
                0x0000000008002fe8                HAL_PCDEx_LPM_Callback
 *fill*         0x0000000008002fea        0x2 
 .text.HAL_RCC_OscConfig
                0x0000000008002fec      0x350 ./Drivers/STM32F4xx_HAL_Driver/Src/stm32f4xx_hal_rcc.o
                0x0000000008002fec                HAL_RCC_OscConfig
 .text.HAL_RCC_GetSysClockFreq
                0x000000000800333c       0x5c ./Drivers/STM32F4xx_HAL_Driver/Src/stm32f4xx_hal_rcc.o
                0x000000000800333c                HAL_RCC_GetSysClockFreq
 .text.HAL_RCC_ClockConfig
                0x0000000008003398      0x138 ./Drivers/STM32F4xx_HAL_Driver/Src/stm32f4xx_hal_rcc.o
                0x0000000008003398                HAL_RCC_ClockConfig
 .text.HAL_RCC_GetHCLKFreq
                0x00000000080034d0        0xc ./Drivers/STM32F4xx_HAL_Driver/Src/stm32f4xx_hal_rcc.o
                0x00000000080034d0                HAL_RCC_GetHCLKFreq
 .text.HAL_RCC_GetPCLK1Freq
                0x00000000080034dc       0x20 ./Drivers/STM32F4xx_HAL_Driver/Src/stm32f4xx_hal_rcc.o
                0x00000000080034dc                HAL_RCC_GetPCLK1Freq
 .text.HAL_RCC_GetClockConfig
                0x00000000080034fc       0x3c ./Drivers/STM32F4xx_HAL_Driver/Src/stm32f4xx_hal_rcc.o
                0x00000000080034fc                HAL_RCC_GetClockConfig
 .text.TIM_OC1_SetConfig
                0x0000000008003538       0x50 ./Drivers/STM32F4xx_HAL_Driver/Src/stm32f4xx_hal_tim.o
 .text.TIM_OC3_SetConfig
                0x0000000008003588       0x54 ./Drivers/STM32F4xx_HAL_Driver/Src/stm32f4xx_hal_tim.o
 .text.TIM_OC4_SetConfig
                0x00000000080035dc       0x44 ./Drivers/STM32F4xx_HAL_Driver/Src/stm32f4xx_hal_tim.o
 .text.HAL_TIM_Base_MspInit
                0x0000000008003620        0x2 ./Drivers/STM32F4xx_HAL_Driver/Src/stm32f4xx_hal_tim.o
                0x0000000008003620                HAL_TIM_Base_MspInit
 .text.HAL_TIM_Base_Start_IT
                0x0000000008003622       0x20 ./Drivers/STM32F4xx_HAL_Driver/Src/stm32f4xx_hal_tim.o
                0x0000000008003622                HAL_TIM_Base_Start_IT
 .text.HAL_TIM_OC_DelayElapsedCallback
                0x0000000008003642        0x2 ./Drivers/STM32F4xx_HAL_Driver/Src/stm32f4xx_hal_tim.o
                0x0000000008003642                HAL_TIM_OC_DelayElapsedCallback
 .text.HAL_TIM_IC_CaptureCallback
                0x0000000008003644        0x2 ./Drivers/STM32F4xx_HAL_Driver/Src/stm32f4xx_hal_tim.o
                0x0000000008003644                HAL_TIM_IC_CaptureCallback
 .text.HAL_TIM_PWM_PulseFinishedCallback
                0x0000000008003646        0x2 ./Drivers/STM32F4xx_HAL_Driver/Src/stm32f4xx_hal_tim.o
                0x0000000008003646                HAL_TIM_PWM_PulseFinishedCallback
 .text.HAL_TIM_TriggerCallback
                0x0000000008003648        0x2 ./Drivers/STM32F4xx_HAL_Driver/Src/stm32f4xx_hal_tim.o
                0x0000000008003648                HAL_TIM_TriggerCallback
 .text.HAL_TIM_IRQHandler
                0x000000000800364a      0x144 ./Drivers/STM32F4xx_HAL_Driver/Src/stm32f4xx_hal_tim.o
                0x000000000800364a                HAL_TIM_IRQHandler
 *fill*         0x000000000800378e        0x2 
 .text.TIM_Base_SetConfig
                0x0000000008003790       0x9c ./Drivers/STM32F4xx_HAL_Driver/Src/stm32f4xx_hal_tim.o
                0x0000000008003790                TIM_Base_SetConfig
 .text.HAL_TIM_Base_Init
                0x000000000800382c       0x34 ./Drivers/STM32F4xx_HAL_Driver/Src/stm32f4xx_hal_tim.o
                0x000000000800382c                HAL_TIM_Base_Init
 .text.HAL_TIM_PWM_Init
                0x0000000008003860       0x34 ./Drivers/STM32F4xx_HAL_Driver/Src/stm32f4xx_hal_tim.o
                0x0000000008003860                HAL_TIM_PWM_Init
 .text.TIM_OC2_SetConfig
                0x0000000008003894       0x58 ./Drivers/STM32F4xx_HAL_Driver/Src/stm32f4xx_hal_tim.o
                0x0000000008003894                TIM_OC2_SetConfig
 .text.HAL_TIM_PWM_ConfigChannel
                0x00000000080038ec       0xc0 ./Drivers/STM32F4xx_HAL_Driver/Src/stm32f4xx_hal_tim.o
                0x00000000080038ec                HAL_TIM_PWM_ConfigChannel
 .text.HAL_TIMEx_MasterConfigSynchronization
                0x00000000080039ac       0x6c ./Drivers/STM32F4xx_HAL_Driver/Src/stm32f4xx_hal_tim_ex.o
                0x00000000080039ac                HAL_TIMEx_MasterConfigSynchronization
 .text.HAL_TIMEx_CommutCallback
                0x0000000008003a18        0x2 ./Drivers/STM32F4xx_HAL_Driver/Src/stm32f4xx_hal_tim_ex.o
                0x0000000008003a18                HAL_TIMEx_CommutCallback
 .text.HAL_TIMEx_BreakCallback
                0x0000000008003a1a        0x2 ./Drivers/STM32F4xx_HAL_Driver/Src/stm32f4xx_hal_tim_ex.o
                0x0000000008003a1a                HAL_TIMEx_BreakCallback
 .text.USB_CoreReset
                0x0000000008003a1c       0x30 ./Drivers/STM32F4xx_HAL_Driver/Src/stm32f4xx_ll_usb.o
 .text.USB_CoreInit
                0x0000000008003a4c       0x80 ./Drivers/STM32F4xx_HAL_Driver/Src/stm32f4xx_ll_usb.o
                0x0000000008003a4c                USB_CoreInit
 .text.USB_SetTurnaroundTime
                0x0000000008003acc       0xe0 ./Drivers/STM32F4xx_HAL_Driver/Src/stm32f4xx_ll_usb.o
                0x0000000008003acc                USB_SetTurnaroundTime
 .text.USB_EnableGlobalInt
                0x0000000008003bac        0xc ./Drivers/STM32F4xx_HAL_Driver/Src/stm32f4xx_ll_usb.o
                0x0000000008003bac                USB_EnableGlobalInt
 .text.USB_DisableGlobalInt
                0x0000000008003bb8        0xc ./Drivers/STM32F4xx_HAL_Driver/Src/stm32f4xx_ll_usb.o
                0x0000000008003bb8                USB_DisableGlobalInt
 .text.USB_SetCurrentMode
                0x0000000008003bc4       0x2e ./Drivers/STM32F4xx_HAL_Driver/Src/stm32f4xx_ll_usb.o
                0x0000000008003bc4                USB_SetCurrentMode
 *fill*         0x0000000008003bf2        0x2 
 .text.USB_FlushTxFifo
                0x0000000008003bf4       0x24 ./Drivers/STM32F4xx_HAL_Driver/Src/stm32f4xx_ll_usb.o
                0x0000000008003bf4                USB_FlushTxFifo
 .text.USB_FlushRxFifo
                0x0000000008003c18       0x20 ./Drivers/STM32F4xx_HAL_Driver/Src/stm32f4xx_ll_usb.o
                0x0000000008003c18                USB_FlushRxFifo
 .text.USB_SetDevSpeed
                0x0000000008003c38        0xe ./Drivers/STM32F4xx_HAL_Driver/Src/stm32f4xx_ll_usb.o
                0x0000000008003c38                USB_SetDevSpeed
 *fill*         0x0000000008003c46        0x2 
 .text.USB_DevInit
                0x0000000008003c48      0x170 ./Drivers/STM32F4xx_HAL_Driver/Src/stm32f4xx_ll_usb.o
                0x0000000008003c48                USB_DevInit
 .text.USB_GetDevSpeed
                0x0000000008003db8       0x16 ./Drivers/STM32F4xx_HAL_Driver/Src/stm32f4xx_ll_usb.o
                0x0000000008003db8                USB_GetDevSpeed
 .text.USB_ActivateEndpoint
                0x0000000008003dce       0x7c ./Drivers/STM32F4xx_HAL_Driver/Src/stm32f4xx_ll_usb.o
                0x0000000008003dce                USB_ActivateEndpoint
 *fill*         0x0000000008003e4a        0x2 
 .text.USB_EP0StartXfer
                0x0000000008003e4c       0xf4 ./Drivers/STM32F4xx_HAL_Driver/Src/stm32f4xx_ll_usb.o
                0x0000000008003e4c                USB_EP0StartXfer
 .text.USB_WritePacket
                0x0000000008003f40       0x26 ./Drivers/STM32F4xx_HAL_Driver/Src/stm32f4xx_ll_usb.o
                0x0000000008003f40                USB_WritePacket
 *fill*         0x0000000008003f66        0x2 
 .text.USB_EPStartXfer
                0x0000000008003f68      0x1dc ./Drivers/STM32F4xx_HAL_Driver/Src/stm32f4xx_ll_usb.o
                0x0000000008003f68                USB_EPStartXfer
 .text.USB_ReadPacket
                0x0000000008004144       0x1c ./Drivers/STM32F4xx_HAL_Driver/Src/stm32f4xx_ll_usb.o
                0x0000000008004144                USB_ReadPacket
 .text.USB_EPSetStall
                0x0000000008004160       0x56 ./Drivers/STM32F4xx_HAL_Driver/Src/stm32f4xx_ll_usb.o
                0x0000000008004160                USB_EPSetStall
 .text.USB_EPClearStall
                0x00000000080041b6       0x52 ./Drivers/STM32F4xx_HAL_Driver/Src/stm32f4xx_ll_usb.o
                0x00000000080041b6                USB_EPClearStall
 .text.USB_SetDevAddress
                0x0000000008004208       0x20 ./Drivers/STM32F4xx_HAL_Driver/Src/stm32f4xx_ll_usb.o
                0x0000000008004208                USB_SetDevAddress
 .text.USB_DevConnect
                0x0000000008004228       0x1c ./Drivers/STM32F4xx_HAL_Driver/Src/stm32f4xx_ll_usb.o
                0x0000000008004228                USB_DevConnect
 .text.USB_DevDisconnect
                0x0000000008004244       0x1c ./Drivers/STM32F4xx_HAL_Driver/Src/stm32f4xx_ll_usb.o
                0x0000000008004244                USB_DevDisconnect
 .text.USB_ReadInterrupts
                0x0000000008004260        0x8 ./Drivers/STM32F4xx_HAL_Driver/Src/stm32f4xx_ll_usb.o
                0x0000000008004260                USB_ReadInterrupts
 .text.USB_ReadDevAllOutEpInterrupt
                0x0000000008004268       0x10 ./Drivers/STM32F4xx_HAL_Driver/Src/stm32f4xx_ll_usb.o
                0x0000000008004268                USB_ReadDevAllOutEpInterrupt
 .text.USB_ReadDevAllInEpInterrupt
                0x0000000008004278       0x10 ./Drivers/STM32F4xx_HAL_Driver/Src/stm32f4xx_ll_usb.o
                0x0000000008004278                USB_ReadDevAllInEpInterrupt
 .text.USB_ReadDevOutEPInterrupt
                0x0000000008004288       0x12 ./Drivers/STM32F4xx_HAL_Driver/Src/stm32f4xx_ll_usb.o
                0x0000000008004288                USB_ReadDevOutEPInterrupt
 .text.USB_ReadDevInEPInterrupt
                0x000000000800429a       0x24 ./Drivers/STM32F4xx_HAL_Driver/Src/stm32f4xx_ll_usb.o
                0x000000000800429a                USB_ReadDevInEPInterrupt
 .text.USB_GetMode
                0x00000000080042be        0x8 ./Drivers/STM32F4xx_HAL_Driver/Src/stm32f4xx_ll_usb.o
                0x00000000080042be                USB_GetMode
 .text.USB_ActivateSetup
                0x00000000080042c6       0x20 ./Drivers/STM32F4xx_HAL_Driver/Src/stm32f4xx_ll_usb.o
                0x00000000080042c6                USB_ActivateSetup
 *fill*         0x00000000080042e6        0x2 
 .text.USB_EP0_OutStart
                0x00000000080042e8       0x4c ./Drivers/STM32F4xx_HAL_Driver/Src/stm32f4xx_ll_usb.o
                0x00000000080042e8                USB_EP0_OutStart
 .text.USBD_DFU_GetCfgDesc
                0x0000000008004334        0xc ./Middlewares/ST/STM32_USB_Device_Library/Class/DFU/Src/usbd_dfu.o
 .text.USBD_DFU_EP0_RxReady
                0x0000000008004340        0x4 ./Middlewares/ST/STM32_USB_Device_Library/Class/DFU/Src/usbd_dfu.o
 .text.USBD_DFU_GetDeviceQualifierDesc
                0x0000000008004344        0xc ./Middlewares/ST/STM32_USB_Device_Library/Class/DFU/Src/usbd_dfu.o
 .text.USBD_DFU_GetUsrStringDesc
                0x0000000008004350       0x20 ./Middlewares/ST/STM32_USB_Device_Library/Class/DFU/Src/usbd_dfu.o
 .text.USBD_DFU_EP0_TxReady
                0x0000000008004370      0x124 ./Middlewares/ST/STM32_USB_Device_Library/Class/DFU/Src/usbd_dfu.o
 .text.USBD_DFU_DeInit
                0x0000000008004494       0x3e ./Middlewares/ST/STM32_USB_Device_Library/Class/DFU/Src/usbd_dfu.o
 *fill*         0x00000000080044d2        0x2 
 .text.USBD_DFU_Init
                0x00000000080044d4       0x50 ./Middlewares/ST/STM32_USB_Device_Library/Class/DFU/Src/usbd_dfu.o
 .text.USBD_DFU_Setup
                0x0000000008004524      0x344 ./Middlewares/ST/STM32_USB_Device_Library/Class/DFU/Src/usbd_dfu.o
 .text.USBD_DFU_SOF
                0x0000000008004868        0x4 ./Middlewares/ST/STM32_USB_Device_Library/Class/DFU/Src/usbd_dfu.o
 .text.USBD_DFU_RegisterMedia
                0x000000000800486c        0xe ./Middlewares/ST/STM32_USB_Device_Library/Class/DFU/Src/usbd_dfu.o
                0x000000000800486c                USBD_DFU_RegisterMedia
 .text.USBD_Init
                0x000000000800487a       0x30 ./Middlewares/ST/STM32_USB_Device_Library/Core/Src/usbd_core.o
                0x000000000800487a                USBD_Init
 .text.USBD_RegisterClass
                0x00000000080048aa       0x26 ./Middlewares/ST/STM32_USB_Device_Library/Core/Src/usbd_core.o
                0x00000000080048aa                USBD_RegisterClass
 .text.USBD_Start
                0x00000000080048d0        0x4 ./Middlewares/ST/STM32_USB_Device_Library/Core/Src/usbd_core.o
                0x00000000080048d0                USBD_Start
 .text.USBD_Stop
                0x00000000080048d4       0x26 ./Middlewares/ST/STM32_USB_Device_Library/Core/Src/usbd_core.o
                0x00000000080048d4                USBD_Stop
 .text.USBD_SetClassConfig
                0x00000000080048fa        0xe ./Middlewares/ST/STM32_USB_Device_Library/Core/Src/usbd_core.o
                0x00000000080048fa                USBD_SetClassConfig
 .text.USBD_ClrClassConfig
                0x0000000008004908       0x10 ./Middlewares/ST/STM32_USB_Device_Library/Core/Src/usbd_core.o
                0x0000000008004908                USBD_ClrClassConfig
 .text.USBD_LL_SetupStage
                0x0000000008004918       0x60 ./Middlewares/ST/STM32_USB_Device_Library/Core/Src/usbd_core.o
                0x0000000008004918                USBD_LL_SetupStage
 .text.USBD_LL_DataOutStage
                0x0000000008004978       0x64 ./Middlewares/ST/STM32_USB_Device_Library/Core/Src/usbd_core.o
                0x0000000008004978                USBD_LL_DataOutStage
 .text.USBD_LL_DataInStage
                0x00000000080049dc       0x9c ./Middlewares/ST/STM32_USB_Device_Library/Core/Src/usbd_core.o
                0x00000000080049dc                USBD_LL_DataInStage
 .text.USBD_LL_Reset
                0x0000000008004a78       0x50 ./Middlewares/ST/STM32_USB_Device_Library/Core/Src/usbd_core.o
                0x0000000008004a78                USBD_LL_Reset
 .text.USBD_LL_SetSpeed
                0x0000000008004ac8        0x6 ./Middlewares/ST/STM32_USB_Device_Library/Core/Src/usbd_core.o
                0x0000000008004ac8                USBD_LL_SetSpeed
 .text.USBD_LL_Suspend
                0x0000000008004ace       0x12 ./Middlewares/ST/STM32_USB_Device_Library/Core/Src/usbd_core.o
                0x0000000008004ace                USBD_LL_Suspend
 .text.USBD_LL_Resume
                0x0000000008004ae0       0x14 ./Middlewares/ST/STM32_USB_Device_Library/Core/Src/usbd_core.o
                0x0000000008004ae0                USBD_LL_Resume
 .text.USBD_LL_SOF
                0x0000000008004af4       0x18 ./Middlewares/ST/STM32_USB_Device_Library/Core/Src/usbd_core.o
                0x0000000008004af4                USBD_LL_SOF
 .text.USBD_LL_IsoINIncomplete
                0x0000000008004b0c        0x4 ./Middlewares/ST/STM32_USB_Device_Library/Core/Src/usbd_core.o
                0x0000000008004b0c                USBD_LL_IsoINIncomplete
 .text.USBD_LL_IsoOUTIncomplete
                0x0000000008004b10        0x4 ./Middlewares/ST/STM32_USB_Device_Library/Core/Src/usbd_core.o
                0x0000000008004b10                USBD_LL_IsoOUTIncomplete
 .text.USBD_LL_DevConnected
                0x0000000008004b14        0x4 ./Middlewares/ST/STM32_USB_Device_Library/Core/Src/usbd_core.o
                0x0000000008004b14                USBD_LL_DevConnected
 .text.USBD_LL_DevDisconnected
                0x0000000008004b18       0x18 ./Middlewares/ST/STM32_USB_Device_Library/Core/Src/usbd_core.o
                0x0000000008004b18                USBD_LL_DevDisconnected
 .text.USBD_CtlError.constprop.0
                0x0000000008004b30       0x16 ./Middlewares/ST/STM32_USB_Device_Library/Core/Src/usbd_ctlreq.o
 *fill*         0x0000000008004b46        0x2 
 .text.USBD_StdDevReq
                0x0000000008004b48      0x294 ./Middlewares/ST/STM32_USB_Device_Library/Core/Src/usbd_ctlreq.o
                0x0000000008004b48                USBD_StdDevReq
 .text.USBD_StdItfReq
                0x0000000008004ddc       0x4c ./Middlewares/ST/STM32_USB_Device_Library/Core/Src/usbd_ctlreq.o
                0x0000000008004ddc                USBD_StdItfReq
 .text.USBD_StdEPReq
                0x0000000008004e28      0x126 ./Middlewares/ST/STM32_USB_Device_Library/Core/Src/usbd_ctlreq.o
                0x0000000008004e28                USBD_StdEPReq
 .text.USBD_ParseSetupRequest
                0x0000000008004f4e       0x28 ./Middlewares/ST/STM32_USB_Device_Library/Core/Src/usbd_ctlreq.o
                0x0000000008004f4e                USBD_ParseSetupRequest
 .text.USBD_CtlError
                0x0000000008004f76       0x16 ./Middlewares/ST/STM32_USB_Device_Library/Core/Src/usbd_ctlreq.o
                0x0000000008004f76                USBD_CtlError
 .text.USBD_GetString
                0x0000000008004f8c       0x38 ./Middlewares/ST/STM32_USB_Device_Library/Core/Src/usbd_ctlreq.o
                0x0000000008004f8c                USBD_GetString
 .text.USBD_CtlSendData
                0x0000000008004fc4       0x1a ./Middlewares/ST/STM32_USB_Device_Library/Core/Src/usbd_ioreq.o
                0x0000000008004fc4                USBD_CtlSendData
 .text.USBD_CtlContinueSendData
                0x0000000008004fde       0x10 ./Middlewares/ST/STM32_USB_Device_Library/Core/Src/usbd_ioreq.o
                0x0000000008004fde                USBD_CtlContinueSendData
 .text.USBD_CtlPrepareRx
                0x0000000008004fee       0x1a ./Middlewares/ST/STM32_USB_Device_Library/Core/Src/usbd_ioreq.o
                0x0000000008004fee                USBD_CtlPrepareRx
 .text.USBD_CtlContinueRx
                0x0000000008005008       0x10 ./Middlewares/ST/STM32_USB_Device_Library/Core/Src/usbd_ioreq.o
                0x0000000008005008                USBD_CtlContinueRx
 .text.USBD_CtlSendStatus
                0x0000000008005018       0x16 ./Middlewares/ST/STM32_USB_Device_Library/Core/Src/usbd_ioreq.o
                0x0000000008005018                USBD_CtlSendStatus
 .text.USBD_CtlReceiveStatus
                0x000000000800502e       0x16 ./Middlewares/ST/STM32_USB_Device_Library/Core/Src/usbd_ioreq.o
                0x000000000800502e                USBD_CtlReceiveStatus
 .text.MX_USB_DEVICE_Init
                0x0000000008005044       0x50 ./USB_DEVICE/App/usb_device.o
                0x0000000008005044                MX_USB_DEVICE_Init
 .text.USBD_FS_DeviceDescriptor
                0x0000000008005094        0xc ./USB_DEVICE/App/usbd_desc.o
                0x0000000008005094                USBD_FS_DeviceDescriptor
 .text.USBD_FS_LangIDStrDescriptor
                0x00000000080050a0        0xc ./USB_DEVICE/App/usbd_desc.o
                0x00000000080050a0                USBD_FS_LangIDStrDescriptor
 .text.IntToUnicode
                0x00000000080050ac       0x2a ./USB_DEVICE/App/usbd_desc.o
 *fill*         0x00000000080050d6        0x2 
 .text.USBD_FS_SerialStrDescriptor
                0x00000000080050d8       0x40 ./USB_DEVICE/App/usbd_desc.o
                0x00000000080050d8                USBD_FS_SerialStrDescriptor
 .text.USBD_FS_ManufacturerStrDescriptor
                0x0000000008005118       0x1c ./USB_DEVICE/App/usbd_desc.o
                0x0000000008005118                USBD_FS_ManufacturerStrDescriptor
 .text.USBD_FS_ProductStrDescriptor
                0x0000000008005134       0x1c ./USB_DEVICE/App/usbd_desc.o
                0x0000000008005134                USBD_FS_ProductStrDescriptor
 .text.USBD_FS_ConfigStrDescriptor
                0x0000000008005150       0x1c ./USB_DEVICE/App/usbd_desc.o
                0x0000000008005150                USBD_FS_ConfigStrDescriptor
 .text.USBD_FS_InterfaceStrDescriptor
                0x000000000800516c       0x1c ./USB_DEVICE/App/usbd_desc.o
                0x000000000800516c                USBD_FS_InterfaceStrDescriptor
 .text.MEM_If_Read_FS
                0x0000000008005188       0x1a ./USB_DEVICE/App/usbd_dfu_if.o
 .text.MEM_If_GetStatus_FS
                0x00000000080051a2       0x12 ./USB_DEVICE/App/usbd_dfu_if.o
 .text.MEM_If_Write_FS
                0x00000000080051b4       0x38 ./USB_DEVICE/App/usbd_dfu_if.o
 .text.MEM_If_DeInit_FS
                0x00000000080051ec        0xa ./USB_DEVICE/App/usbd_dfu_if.o
 *fill*         0x00000000080051f6        0x2 
 .text.MEM_If_Init_FS
                0x00000000080051f8       0x14 ./USB_DEVICE/App/usbd_dfu_if.o
 .text.Flash_Init_FS
                0x000000000800520c        0x4 ./USB_DEVICE/App/usbd_dfu_if.o
                0x000000000800520c                Flash_Init_FS
 .text.Flash_DeInit_FS
                0x0000000008005210        0x4 ./USB_DEVICE/App/usbd_dfu_if.o
                0x0000000008005210                Flash_DeInit_FS
 .text.Flash_Write_FS
                0x0000000008005214        0x4 ./USB_DEVICE/App/usbd_dfu_if.o
                0x0000000008005214                Flash_Write_FS
 .text.Flash_GetSector
                0x0000000008005218       0x4c ./USB_DEVICE/App/usbd_dfu_if.o
                0x0000000008005218                Flash_GetSector
 .text.MEM_If_Erase_FS
                0x0000000008005264       0x2a ./USB_DEVICE/App/usbd_dfu_if.o
 .text.Flash_Erase_FS
                0x000000000800528e        0x4 ./USB_DEVICE/App/usbd_dfu_if.o
                0x000000000800528e                Flash_Erase_FS
 *fill*         0x0000000008005292        0x2 
 .text.USB_Status_Init
                0x0000000008005294       0x58 ./USB_DEVICE/App/usbd_dfu_if.o
                0x0000000008005294                USB_Status_Init
 .text.HAL_PCD_MspInit
                0x00000000080052ec       0x84 ./USB_DEVICE/Target/usbd_conf.o
                0x00000000080052ec                HAL_PCD_MspInit
 .text.HAL_PCD_SetupStageCallback
                0x0000000008005370        0xc ./USB_DEVICE/Target/usbd_conf.o
                0x0000000008005370                HAL_PCD_SetupStageCallback
 .text.HAL_PCD_DataOutStageCallback
                0x000000000800537c       0x12 ./USB_DEVICE/Target/usbd_conf.o
                0x000000000800537c                HAL_PCD_DataOutStageCallback
 .text.HAL_PCD_DataInStageCallback
                0x000000000800538e       0x10 ./USB_DEVICE/Target/usbd_conf.o
                0x000000000800538e                HAL_PCD_DataInStageCallback
 .text.HAL_PCD_SOFCallback
                0x000000000800539e        0x8 ./USB_DEVICE/Target/usbd_conf.o
                0x000000000800539e                HAL_PCD_SOFCallback
 .text.HAL_PCD_ResetCallback
                0x00000000080053a6       0x24 ./USB_DEVICE/Target/usbd_conf.o
                0x00000000080053a6                HAL_PCD_ResetCallback
 *fill*         0x00000000080053ca        0x2 
 .text.HAL_PCD_SuspendCallback
                0x00000000080053cc       0x30 ./USB_DEVICE/Target/usbd_conf.o
                0x00000000080053cc                HAL_PCD_SuspendCallback
 .text.HAL_PCD_ResumeCallback
                0x00000000080053fc        0x8 ./USB_DEVICE/Target/usbd_conf.o
                0x00000000080053fc                HAL_PCD_ResumeCallback
 .text.HAL_PCD_ISOOUTIncompleteCallback
                0x0000000008005404        0x8 ./USB_DEVICE/Target/usbd_conf.o
                0x0000000008005404                HAL_PCD_ISOOUTIncompleteCallback
 .text.HAL_PCD_ISOINIncompleteCallback
                0x000000000800540c        0x8 ./USB_DEVICE/Target/usbd_conf.o
                0x000000000800540c                HAL_PCD_ISOINIncompleteCallback
 .text.HAL_PCD_ConnectCallback
                0x0000000008005414        0x8 ./USB_DEVICE/Target/usbd_conf.o
                0x0000000008005414                HAL_PCD_ConnectCallback
 .text.HAL_PCD_DisconnectCallback
                0x000000000800541c        0x8 ./USB_DEVICE/Target/usbd_conf.o
                0x000000000800541c                HAL_PCD_DisconnectCallback
 .text.USBD_LL_Init
                0x0000000008005424       0x5c ./USB_DEVICE/Target/usbd_conf.o
                0x0000000008005424                USBD_LL_Init
 .text.USBD_LL_Start
                0x0000000008005480       0x1c ./USB_DEVICE/Target/usbd_conf.o
                0x0000000008005480                USBD_LL_Start
 .text.USBD_LL_Stop
                0x000000000800549c       0x1c ./USB_DEVICE/Target/usbd_conf.o
                0x000000000800549c                USBD_LL_Stop
 .text.USBD_LL_OpenEP
                0x00000000080054b8       0x20 ./USB_DEVICE/Target/usbd_conf.o
                0x00000000080054b8                USBD_LL_OpenEP
 .text.USBD_LL_StallEP
                0x00000000080054d8       0x1c ./USB_DEVICE/Target/usbd_conf.o
                0x00000000080054d8                USBD_LL_StallEP
 .text.USBD_LL_ClearStallEP
                0x00000000080054f4       0x1c ./USB_DEVICE/Target/usbd_conf.o
                0x00000000080054f4                USBD_LL_ClearStallEP
 .text.USBD_LL_IsStallEP
                0x0000000008005510       0x26 ./USB_DEVICE/Target/usbd_conf.o
                0x0000000008005510                USBD_LL_IsStallEP
 *fill*         0x0000000008005536        0x2 
 .text.USBD_LL_SetUSBAddress
                0x0000000008005538       0x1c ./USB_DEVICE/Target/usbd_conf.o
                0x0000000008005538                USBD_LL_SetUSBAddress
 .text.USBD_LL_Transmit
                0x0000000008005554       0x1c ./USB_DEVICE/Target/usbd_conf.o
                0x0000000008005554                USBD_LL_Transmit
 .text.USBD_LL_PrepareReceive
                0x0000000008005570       0x1c ./USB_DEVICE/Target/usbd_conf.o
                0x0000000008005570                USBD_LL_PrepareReceive
 .text.__NVIC_SystemReset
                0x000000000800558c       0x24 ./cppports_BOOTLDR/cppports.o
 .text._ZN9AutoValueD2Ev
                0x00000000080055b0        0x2 ./cppports_BOOTLDR/cppports.o
                0x00000000080055b0                AutoValue::~AutoValue()
                0x00000000080055b0                AutoValue::~AutoValue()
 .text._ZN9AutoValueD0Ev
                0x00000000080055b2        0xe ./cppports_BOOTLDR/cppports.o
                0x00000000080055b2                AutoValue::~AutoValue()
 .text._ZN9AutoValuemmEi.isra.0
                0x00000000080055c0       0x4c ./cppports_BOOTLDR/cppports.o
 .text._Z11setContrastt
                0x000000000800560c       0x2c ./cppports_BOOTLDR/cppports.o
                0x000000000800560c                setContrast(unsigned short)
 .text.GUIDelay
                0x0000000008005638        0xc ./cppports_BOOTLDR/cppports.o
                0x0000000008005638                GUIDelay
 .text._Z10shutScreenv
                0x0000000008005644       0x2c ./cppports_BOOTLDR/cppports.o
                0x0000000008005644                shutScreen()
 .text._Z12brightScreenv
                0x0000000008005670       0x7c ./cppports_BOOTLDR/cppports.o
                0x0000000008005670                brightScreen()
 .text._Z14GetCompileDateP8tagXDate
                0x00000000080056ec       0xc0 ./cppports_BOOTLDR/cppports.o
                0x00000000080056ec                GetCompileDate(tagXDate*)
 .text._Z22columsHome_ShowVerInfov
                0x00000000080057ac      0x208 ./cppports_BOOTLDR/cppports.o
                0x00000000080057ac                columsHome_ShowVerInfo()
 .text.checkAPPJumper
                0x00000000080059b4       0x3c ./cppports_BOOTLDR/cppports.o
                0x00000000080059b4                checkAPPJumper
 .text.doGUIWork
                0x00000000080059f0       0x5c ./cppports_BOOTLDR/cppports.o
                0x00000000080059f0                doGUIWork
 .text.startup._GLOBAL__sub_I__ZN9AutoValue11buttonStateE
                0x0000000008005a4c       0x58 ./cppports_BOOTLDR/cppports.o
 .text.map      0x0000000008005aa4       0x14 ./share/Arduino.o
                0x0000000008005aa4                map
 .text.saveSettings
                0x0000000008005ab8        0xc ./share/Settings.o
                0x0000000008005ab8                saveSettings
 .text.resetSettings
                0x0000000008005ac4       0x6c ./share/Settings.o
                0x0000000008005ac4                resetSettings
 .text.restoreSettings
                0x0000000008005b30       0x2c ./share/Settings.o
                0x0000000008005b30                restoreSettings
 .text.flash_read_buffer
                0x0000000008005b5c        0xc ./share/flash.o
                0x0000000008005b5c                flash_read_buffer
 .text.flash_save_buffer
                0x0000000008005b68       0x44 ./share/flash.o
                0x0000000008005b68                flash_save_buffer
 .text.u8x8_gpio_and_delay
                0x0000000008005bac       0x10 ./u8g2/src/oled_init.o
                0x0000000008005bac                u8x8_gpio_and_delay
 .text.u8x8_byte_stm32hal_hw_i2c_dma
                0x0000000008005bbc       0x70 ./u8g2/src/oled_init.o
                0x0000000008005bbc                u8x8_byte_stm32hal_hw_i2c_dma
 .text.u8g2_begin
                0x0000000008005c2c       0x20 ./u8g2/src/oled_init.o
                0x0000000008005c2c                u8g2_begin
 .text.startup._GLOBAL__sub_I_u8g2
                0x0000000008005c4c       0x3c ./u8g2/src/oled_init.o
 .text.u8g2_DrawHXBM
                0x0000000008005c88       0x84 ./u8g2/src/clib/u8g2_bitmap.o
                0x0000000008005c88                u8g2_DrawHXBM
 .text.u8g2_DrawXBM
                0x0000000008005d0c       0x4e ./u8g2/src/clib/u8g2_bitmap.o
                0x0000000008005d0c                u8g2_DrawXBM
 .text.u8g2_DrawBox
                0x0000000008005d5a       0x44 ./u8g2/src/clib/u8g2_box.o
                0x0000000008005d5a                u8g2_DrawBox
 .text.u8g2_send_buffer
                0x0000000008005d9e       0x52 ./u8g2/src/clib/u8g2_buffer.o
 .text.u8g2_ClearBuffer
                0x0000000008005df0       0x16 ./u8g2/src/clib/u8g2_buffer.o
                0x0000000008005df0                u8g2_ClearBuffer
 .text.u8g2_SendBuffer
                0x0000000008005e06       0x12 ./u8g2/src/clib/u8g2_buffer.o
                0x0000000008005e06                u8g2_SendBuffer
 .text.u8g2_SetBufferCurrTileRow
                0x0000000008005e18       0x1a ./u8g2/src/clib/u8g2_buffer.o
                0x0000000008005e18                u8g2_SetBufferCurrTileRow
 .text.u8g2_FirstPage
                0x0000000008005e32       0x1a ./u8g2/src/clib/u8g2_buffer.o
                0x0000000008005e32                u8g2_FirstPage
 .text.u8g2_NextPage
                0x0000000008005e4c       0x3e ./u8g2/src/clib/u8g2_buffer.o
                0x0000000008005e4c                u8g2_NextPage
 .text.u8g2_ClearDisplay
                0x0000000008005e8a       0x1e ./u8g2/src/clib/u8g2_cleardisplay.o
                0x0000000008005e8a                u8g2_ClearDisplay
 .text.u8g2_m_16_4_f
                0x0000000008005ea8        0xc ./u8g2/src/clib/u8g2_d_memory.o
                0x0000000008005ea8                u8g2_m_16_4_f
 .text.u8g2_Setup_ssd1306_i2c_128x32_univision_f
                0x0000000008005eb4       0x3c ./u8g2/src/clib/u8g2_d_setup.o
                0x0000000008005eb4                u8g2_Setup_ssd1306_i2c_128x32_univision_f
 .text.u8g2_font_get_word
                0x0000000008005ef0        0xe ./u8g2/src/clib/u8g2_font.o
 .text.u8g2_font_calc_vref_font
                0x0000000008005efe        0x4 ./u8g2/src/clib/u8g2_font.o
                0x0000000008005efe                u8g2_font_calc_vref_font
 .text.u8g2_font_calc_vref_top
                0x0000000008005f02        0xa ./u8g2/src/clib/u8g2_font.o
                0x0000000008005f02                u8g2_font_calc_vref_top
 .text.u8g2_read_font_info
                0x0000000008005f0c       0x6a ./u8g2/src/clib/u8g2_font.o
                0x0000000008005f0c                u8g2_read_font_info
 .text.u8g2_font_decode_get_unsigned_bits
                0x0000000008005f76       0x3c ./u8g2/src/clib/u8g2_font.o
                0x0000000008005f76                u8g2_font_decode_get_unsigned_bits
 .text.u8g2_font_setup_decode
                0x0000000008005fb2       0x40 ./u8g2/src/clib/u8g2_font.o
 .text.u8g2_font_decode_get_signed_bits
                0x0000000008005ff2       0x16 ./u8g2/src/clib/u8g2_font.o
                0x0000000008005ff2                u8g2_font_decode_get_signed_bits
 .text.u8g2_add_vector_y
                0x0000000008006008       0x1c ./u8g2/src/clib/u8g2_font.o
                0x0000000008006008                u8g2_add_vector_y
 .text.u8g2_add_vector_x
                0x0000000008006024       0x1c ./u8g2/src/clib/u8g2_font.o
                0x0000000008006024                u8g2_add_vector_x
 .text.u8g2_font_decode_len
                0x0000000008006040       0x9c ./u8g2/src/clib/u8g2_font.o
                0x0000000008006040                u8g2_font_decode_len
 .text.u8g2_font_decode_glyph
                0x00000000080060dc      0x12c ./u8g2/src/clib/u8g2_font.o
                0x00000000080060dc                u8g2_font_decode_glyph
 .text.u8g2_font_get_glyph_data
                0x0000000008006208       0x6e ./u8g2/src/clib/u8g2_font.o
                0x0000000008006208                u8g2_font_get_glyph_data
 .text.u8g2_DrawGlyph
                0x0000000008006276       0x5a ./u8g2/src/clib/u8g2_font.o
                0x0000000008006276                u8g2_DrawGlyph
 .text.u8g2_draw_string
                0x00000000080062d0       0x6e ./u8g2/src/clib/u8g2_font.o
 *fill*         0x000000000800633e        0x2 
 .text.u8g2_DrawStr
                0x0000000008006340       0x14 ./u8g2/src/clib/u8g2_font.o
                0x0000000008006340                u8g2_DrawStr
 .text.u8g2_UpdateRefHeight
                0x0000000008006354       0x56 ./u8g2/src/clib/u8g2_font.o
                0x0000000008006354                u8g2_UpdateRefHeight
 *fill*         0x00000000080063aa        0x2 
 .text.u8g2_SetFontPosBaseline
                0x00000000080063ac        0xc ./u8g2/src/clib/u8g2_font.o
                0x00000000080063ac                u8g2_SetFontPosBaseline
 .text.u8g2_SetFontPosTop
                0x00000000080063b8        0xc ./u8g2/src/clib/u8g2_font.o
                0x00000000080063b8                u8g2_SetFontPosTop
 .text.u8g2_SetFont
                0x00000000080063c4       0x1e ./u8g2/src/clib/u8g2_font.o
                0x00000000080063c4                u8g2_SetFont
 .text.u8g2_SetFontDirection
                0x00000000080063e2        0x6 ./u8g2/src/clib/u8g2_font.o
                0x00000000080063e2                u8g2_SetFontDirection
 .text.u8g2_draw_hv_line_2dir
                0x00000000080063e8       0x16 ./u8g2/src/clib/u8g2_hvline.o
                0x00000000080063e8                u8g2_draw_hv_line_2dir
 .text.u8g2_DrawHVLine
                0x00000000080063fe       0xd0 ./u8g2/src/clib/u8g2_hvline.o
                0x00000000080063fe                u8g2_DrawHVLine
 .text.u8g2_SetDrawColor
                0x00000000080064ce       0x10 ./u8g2/src/clib/u8g2_hvline.o
                0x00000000080064ce                u8g2_SetDrawColor
 .text.u8g2_is_intersection_decision_tree
                0x00000000080064de       0x1e ./u8g2/src/clib/u8g2_intersection.o
                0x00000000080064de                u8g2_is_intersection_decision_tree
 .text.u8g2_IsIntersection
                0x00000000080064fc       0x30 ./u8g2/src/clib/u8g2_intersection.o
                0x00000000080064fc                u8g2_IsIntersection
 .text.u8g2_ll_hvline_vertical_top_lsb
                0x000000000800652c       0x92 ./u8g2/src/clib/u8g2_ll_hvline.o
                0x000000000800652c                u8g2_ll_hvline_vertical_top_lsb
 .text.u8g2_update_dimension_common
                0x00000000080065be       0x42 ./u8g2/src/clib/u8g2_setup.o
 .text.u8g2_update_dimension_r0
                0x0000000008006600        0x4 ./u8g2/src/clib/u8g2_setup.o
                0x0000000008006600                u8g2_update_dimension_r0
 .text.u8g2_draw_l90_r0
                0x0000000008006604       0x10 ./u8g2/src/clib/u8g2_setup.o
                0x0000000008006604                u8g2_draw_l90_r0
 .text.u8g2_apply_clip_window
                0x0000000008006614       0x6c ./u8g2/src/clib/u8g2_setup.o
 .text.u8g2_update_page_win_r0
                0x0000000008006680       0x16 ./u8g2/src/clib/u8g2_setup.o
                0x0000000008006680                u8g2_update_page_win_r0
 *fill*         0x0000000008006696        0x2 
 .text.u8g2_SetMaxClipWindow
                0x0000000008006698       0x10 ./u8g2/src/clib/u8g2_setup.o
                0x0000000008006698                u8g2_SetMaxClipWindow
 .text.u8g2_SetupBuffer
                0x00000000080066a8       0x3e ./u8g2/src/clib/u8g2_setup.o
                0x00000000080066a8                u8g2_SetupBuffer
 .text.u8g2_SetDisplayRotation
                0x00000000080066e6       0x16 ./u8g2/src/clib/u8g2_setup.o
                0x00000000080066e6                u8g2_SetDisplayRotation
 .text.u8x8_ascii_next
                0x00000000080066fc       0x10 ./u8g2/src/clib/u8x8_8x8.o
                0x00000000080066fc                u8x8_ascii_next
 .text.u8x8_utf8_init
                0x000000000800670c        0x8 ./u8g2/src/clib/u8x8_8x8.o
                0x000000000800670c                u8x8_utf8_init
 .text.u8x8_byte_SendBytes
                0x0000000008006714       0x12 ./u8g2/src/clib/u8x8_byte.o
                0x0000000008006714                u8x8_byte_SendBytes
 .text.u8x8_byte_SendByte
                0x0000000008006726       0x16 ./u8g2/src/clib/u8x8_byte.o
                0x0000000008006726                u8x8_byte_SendByte
 .text.u8x8_byte_StartTransfer
                0x000000000800673c       0x12 ./u8g2/src/clib/u8x8_byte.o
                0x000000000800673c                u8x8_byte_StartTransfer
 .text.u8x8_byte_EndTransfer
                0x000000000800674e       0x12 ./u8g2/src/clib/u8x8_byte.o
                0x000000000800674e                u8x8_byte_EndTransfer
 .text.u8x8_i2c_data_transfer
                0x0000000008006760       0x2c ./u8g2/src/clib/u8x8_cad.o
 .text.u8x8_cad_SendCmd
                0x000000000800678c       0x12 ./u8g2/src/clib/u8x8_cad.o
                0x000000000800678c                u8x8_cad_SendCmd
 .text.u8x8_cad_SendArg
                0x000000000800679e       0x12 ./u8g2/src/clib/u8x8_cad.o
                0x000000000800679e                u8x8_cad_SendArg
 .text.u8x8_cad_SendData
                0x00000000080067b0       0x12 ./u8g2/src/clib/u8x8_cad.o
                0x00000000080067b0                u8x8_cad_SendData
 .text.u8x8_cad_StartTransfer
                0x00000000080067c2       0x12 ./u8g2/src/clib/u8x8_cad.o
                0x00000000080067c2                u8x8_cad_StartTransfer
 .text.u8x8_cad_EndTransfer
                0x00000000080067d4       0x12 ./u8g2/src/clib/u8x8_cad.o
                0x00000000080067d4                u8x8_cad_EndTransfer
 .text.u8x8_cad_SendSequence
                0x00000000080067e6       0x62 ./u8g2/src/clib/u8x8_cad.o
                0x00000000080067e6                u8x8_cad_SendSequence
 .text.u8x8_cad_ssd13xx_fast_i2c
                0x0000000008006848       0xc0 ./u8g2/src/clib/u8x8_cad.o
                0x0000000008006848                u8x8_cad_ssd13xx_fast_i2c
 .text.u8x8_d_ssd1306_128x32_generic
                0x0000000008006908       0xd4 ./u8g2/src/clib/u8x8_d_ssd1306_128x32.o
 .text.u8x8_d_ssd1306_128x32_univision
                0x00000000080069dc       0x1c ./u8g2/src/clib/u8x8_d_ssd1306_128x32.o
                0x00000000080069dc                u8x8_d_ssd1306_128x32_univision
 .text.u8x8_d_helper_display_setup_memory
                0x00000000080069f8        0xa ./u8g2/src/clib/u8x8_display.o
                0x00000000080069f8                u8x8_d_helper_display_setup_memory
 .text.u8x8_d_helper_display_init
                0x0000000008006a02       0x60 ./u8g2/src/clib/u8x8_display.o
                0x0000000008006a02                u8x8_d_helper_display_init
 .text.u8x8_DrawTile
                0x0000000008006a62       0x20 ./u8g2/src/clib/u8x8_display.o
                0x0000000008006a62                u8x8_DrawTile
 .text.u8x8_SetupMemory
                0x0000000008006a82       0x12 ./u8g2/src/clib/u8x8_display.o
                0x0000000008006a82                u8x8_SetupMemory
 .text.u8x8_InitDisplay
                0x0000000008006a94       0x12 ./u8g2/src/clib/u8x8_display.o
                0x0000000008006a94                u8x8_InitDisplay
 .text.u8x8_SetPowerSave
                0x0000000008006aa6       0x12 ./u8g2/src/clib/u8x8_display.o
                0x0000000008006aa6                u8x8_SetPowerSave
 .text.u8x8_SetContrast
                0x0000000008006ab8       0x12 ./u8g2/src/clib/u8x8_display.o
                0x0000000008006ab8                u8x8_SetContrast
 .text.u8x8_RefreshDisplay
                0x0000000008006aca       0x12 ./u8g2/src/clib/u8x8_display.o
                0x0000000008006aca                u8x8_RefreshDisplay
 .text.u8x8_gpio_call
                0x0000000008006adc        0xe ./u8g2/src/clib/u8x8_gpio.o
                0x0000000008006adc                u8x8_gpio_call
 .text.u8x8_dummy_cb
                0x0000000008006aea        0x4 ./u8g2/src/clib/u8x8_setup.o
                0x0000000008006aea                u8x8_dummy_cb
 *fill*         0x0000000008006aee        0x2 
 .text.u8x8_SetupDefaults
                0x0000000008006af0       0x28 ./u8g2/src/clib/u8x8_setup.o
                0x0000000008006af0                u8x8_SetupDefaults
 .text.u8x8_Setup
                0x0000000008006b18       0x1c ./u8g2/src/clib/u8x8_setup.o
                0x0000000008006b18                u8x8_Setup
 .text._ZdlPvj  0x0000000008006b34        0x4 d:/st/stm32cubeide_1.7.0/stm32cubeide/plugins/com.st.stm32cube.ide.mcu.externaltools.gnu-tools-for-stm32.9-2020-q2-update.win32_2.0.0.202105311346/tools/bin/../lib/gcc/arm-none-eabi/9.3.1/../../../../arm-none-eabi/lib/thumb/v7e-m+fp/hard\libstdc++_nano.a(del_ops.o)
                0x0000000008006b34                operator delete(void*, unsigned int)
 .text._ZdlPv   0x0000000008006b38        0x4 d:/st/stm32cubeide_1.7.0/stm32cubeide/plugins/com.st.stm32cube.ide.mcu.externaltools.gnu-tools-for-stm32.9-2020-q2-update.win32_2.0.0.202105311346/tools/bin/../lib/gcc/arm-none-eabi/9.3.1/../../../../arm-none-eabi/lib/thumb/v7e-m+fp/hard\libstdc++_nano.a(del_op.o)
                0x0000000008006b38                operator delete(void*)
 .text.atoi     0x0000000008006b3c        0x8 d:/st/stm32cubeide_1.7.0/stm32cubeide/plugins/com.st.stm32cube.ide.mcu.externaltools.gnu-tools-for-stm32.9-2020-q2-update.win32_2.0.0.202105311346/tools/bin/../lib/gcc/arm-none-eabi/9.3.1/../../../../arm-none-eabi/lib/thumb/v7e-m+fp/hard\libc_nano.a(lib_a-atoi.o)
                0x0000000008006b3c                atoi
 .text.__errno  0x0000000008006b44        0xc d:/st/stm32cubeide_1.7.0/stm32cubeide/plugins/com.st.stm32cube.ide.mcu.externaltools.gnu-tools-for-stm32.9-2020-q2-update.win32_2.0.0.202105311346/tools/bin/../lib/gcc/arm-none-eabi/9.3.1/../../../../arm-none-eabi/lib/thumb/v7e-m+fp/hard\libc_nano.a(lib_a-errno.o)
                0x0000000008006b44                __errno
 .text.__libc_init_array
                0x0000000008006b50       0x48 d:/st/stm32cubeide_1.7.0/stm32cubeide/plugins/com.st.stm32cube.ide.mcu.externaltools.gnu-tools-for-stm32.9-2020-q2-update.win32_2.0.0.202105311346/tools/bin/../lib/gcc/arm-none-eabi/9.3.1/../../../../arm-none-eabi/lib/thumb/v7e-m+fp/hard\libc_nano.a(lib_a-init.o)
                0x0000000008006b50                __libc_init_array
 .text.malloc   0x0000000008006b98       0x10 d:/st/stm32cubeide_1.7.0/stm32cubeide/plugins/com.st.stm32cube.ide.mcu.externaltools.gnu-tools-for-stm32.9-2020-q2-update.win32_2.0.0.202105311346/tools/bin/../lib/gcc/arm-none-eabi/9.3.1/../../../../arm-none-eabi/lib/thumb/v7e-m+fp/hard\libc_nano.a(lib_a-malloc.o)
                0x0000000008006b98                malloc
 .text.free     0x0000000008006ba8       0x10 d:/st/stm32cubeide_1.7.0/stm32cubeide/plugins/com.st.stm32cube.ide.mcu.externaltools.gnu-tools-for-stm32.9-2020-q2-update.win32_2.0.0.202105311346/tools/bin/../lib/gcc/arm-none-eabi/9.3.1/../../../../arm-none-eabi/lib/thumb/v7e-m+fp/hard\libc_nano.a(lib_a-malloc.o)
                0x0000000008006ba8                free
 .text.memcpy   0x0000000008006bb8       0x1c d:/st/stm32cubeide_1.7.0/stm32cubeide/plugins/com.st.stm32cube.ide.mcu.externaltools.gnu-tools-for-stm32.9-2020-q2-update.win32_2.0.0.202105311346/tools/bin/../lib/gcc/arm-none-eabi/9.3.1/../../../../arm-none-eabi/lib/thumb/v7e-m+fp/hard\libc_nano.a(lib_a-memcpy-stub.o)
                0x0000000008006bb8                memcpy
 .text.memset   0x0000000008006bd4       0x10 d:/st/stm32cubeide_1.7.0/stm32cubeide/plugins/com.st.stm32cube.ide.mcu.externaltools.gnu-tools-for-stm32.9-2020-q2-update.win32_2.0.0.202105311346/tools/bin/../lib/gcc/arm-none-eabi/9.3.1/../../../../arm-none-eabi/lib/thumb/v7e-m+fp/hard\libc_nano.a(lib_a-memset.o)
                0x0000000008006bd4                memset
 .text._free_r  0x0000000008006be4       0xa0 d:/st/stm32cubeide_1.7.0/stm32cubeide/plugins/com.st.stm32cube.ide.mcu.externaltools.gnu-tools-for-stm32.9-2020-q2-update.win32_2.0.0.202105311346/tools/bin/../lib/gcc/arm-none-eabi/9.3.1/../../../../arm-none-eabi/lib/thumb/v7e-m+fp/hard\libc_nano.a(lib_a-nano-freer.o)
                0x0000000008006be4                _free_r
 .text._malloc_r
                0x0000000008006c84       0xb4 d:/st/stm32cubeide_1.7.0/stm32cubeide/plugins/com.st.stm32cube.ide.mcu.externaltools.gnu-tools-for-stm32.9-2020-q2-update.win32_2.0.0.202105311346/tools/bin/../lib/gcc/arm-none-eabi/9.3.1/../../../../arm-none-eabi/lib/thumb/v7e-m+fp/hard\libc_nano.a(lib_a-nano-mallocr.o)
                0x0000000008006c84                _malloc_r
 .text._sbrk_r  0x0000000008006d38       0x20 d:/st/stm32cubeide_1.7.0/stm32cubeide/plugins/com.st.stm32cube.ide.mcu.externaltools.gnu-tools-for-stm32.9-2020-q2-update.win32_2.0.0.202105311346/tools/bin/../lib/gcc/arm-none-eabi/9.3.1/../../../../arm-none-eabi/lib/thumb/v7e-m+fp/hard\libc_nano.a(lib_a-sbrkr.o)
                0x0000000008006d38                _sbrk_r
 .text.snprintf
                0x0000000008006d58       0x68 d:/st/stm32cubeide_1.7.0/stm32cubeide/plugins/com.st.stm32cube.ide.mcu.externaltools.gnu-tools-for-stm32.9-2020-q2-update.win32_2.0.0.202105311346/tools/bin/../lib/gcc/arm-none-eabi/9.3.1/../../../../arm-none-eabi/lib/thumb/v7e-m+fp/hard\libc_nano.a(lib_a-snprintf.o)
                0x0000000008006d58                sniprintf
                0x0000000008006d58                snprintf
 .text.strcpy   0x0000000008006dc0       0x10 d:/st/stm32cubeide_1.7.0/stm32cubeide/plugins/com.st.stm32cube.ide.mcu.externaltools.gnu-tools-for-stm32.9-2020-q2-update.win32_2.0.0.202105311346/tools/bin/../lib/gcc/arm-none-eabi/9.3.1/../../../../arm-none-eabi/lib/thumb/v7e-m+fp/hard\libc_nano.a(lib_a-strcpy.o)
                0x0000000008006dc0                strcpy
 .text.strncpy  0x0000000008006dd0       0x26 d:/st/stm32cubeide_1.7.0/stm32cubeide/plugins/com.st.stm32cube.ide.mcu.externaltools.gnu-tools-for-stm32.9-2020-q2-update.win32_2.0.0.202105311346/tools/bin/../lib/gcc/arm-none-eabi/9.3.1/../../../../arm-none-eabi/lib/thumb/v7e-m+fp/hard\libc_nano.a(lib_a-strncpy.o)
                0x0000000008006dd0                strncpy
 *fill*         0x0000000008006df6        0x2 
 .text.strtok   0x0000000008006df8       0x68 d:/st/stm32cubeide_1.7.0/stm32cubeide/plugins/com.st.stm32cube.ide.mcu.externaltools.gnu-tools-for-stm32.9-2020-q2-update.win32_2.0.0.202105311346/tools/bin/../lib/gcc/arm-none-eabi/9.3.1/../../../../arm-none-eabi/lib/thumb/v7e-m+fp/hard\libc_nano.a(lib_a-strtok.o)
                0x0000000008006df8                strtok
 .text.__strtok_r
                0x0000000008006e60       0x50 d:/st/stm32cubeide_1.7.0/stm32cubeide/plugins/com.st.stm32cube.ide.mcu.externaltools.gnu-tools-for-stm32.9-2020-q2-update.win32_2.0.0.202105311346/tools/bin/../lib/gcc/arm-none-eabi/9.3.1/../../../../arm-none-eabi/lib/thumb/v7e-m+fp/hard\libc_nano.a(lib_a-strtok_r.o)
                0x0000000008006e60                __strtok_r
 .text._strtol_l.isra.0
                0x0000000008006eb0      0x108 d:/st/stm32cubeide_1.7.0/stm32cubeide/plugins/com.st.stm32cube.ide.mcu.externaltools.gnu-tools-for-stm32.9-2020-q2-update.win32_2.0.0.202105311346/tools/bin/../lib/gcc/arm-none-eabi/9.3.1/../../../../arm-none-eabi/lib/thumb/v7e-m+fp/hard\libc_nano.a(lib_a-strtol.o)
 .text.strtol   0x0000000008006fb8       0x14 d:/st/stm32cubeide_1.7.0/stm32cubeide/plugins/com.st.stm32cube.ide.mcu.externaltools.gnu-tools-for-stm32.9-2020-q2-update.win32_2.0.0.202105311346/tools/bin/../lib/gcc/arm-none-eabi/9.3.1/../../../../arm-none-eabi/lib/thumb/v7e-m+fp/hard\libc_nano.a(lib_a-strtol.o)
                0x0000000008006fb8                strtol
 .text.__assert_func
                0x0000000008006fcc       0x3c d:/st/stm32cubeide_1.7.0/stm32cubeide/plugins/com.st.stm32cube.ide.mcu.externaltools.gnu-tools-for-stm32.9-2020-q2-update.win32_2.0.0.202105311346/tools/bin/../lib/gcc/arm-none-eabi/9.3.1/../../../../arm-none-eabi/lib/thumb/v7e-m+fp/hard\libc_nano.a(lib_a-assert.o)
                0x0000000008006fcc                __assert_func
 .text.std      0x0000000008007008       0x48 d:/st/stm32cubeide_1.7.0/stm32cubeide/plugins/com.st.stm32cube.ide.mcu.externaltools.gnu-tools-for-stm32.9-2020-q2-update.win32_2.0.0.202105311346/tools/bin/../lib/gcc/arm-none-eabi/9.3.1/../../../../arm-none-eabi/lib/thumb/v7e-m+fp/hard\libc_nano.a(lib_a-findfp.o)
 .text._cleanup_r
                0x0000000008007050        0xc d:/st/stm32cubeide_1.7.0/stm32cubeide/plugins/com.st.stm32cube.ide.mcu.externaltools.gnu-tools-for-stm32.9-2020-q2-update.win32_2.0.0.202105311346/tools/bin/../lib/gcc/arm-none-eabi/9.3.1/../../../../arm-none-eabi/lib/thumb/v7e-m+fp/hard\libc_nano.a(lib_a-findfp.o)
                0x0000000008007050                _cleanup_r
 .text.__sfmoreglue
                0x000000000800705c       0x2c d:/st/stm32cubeide_1.7.0/stm32cubeide/plugins/com.st.stm32cube.ide.mcu.externaltools.gnu-tools-for-stm32.9-2020-q2-update.win32_2.0.0.202105311346/tools/bin/../lib/gcc/arm-none-eabi/9.3.1/../../../../arm-none-eabi/lib/thumb/v7e-m+fp/hard\libc_nano.a(lib_a-findfp.o)
                0x000000000800705c                __sfmoreglue
 .text.__sfp_lock_acquire
                0x0000000008007088        0xc d:/st/stm32cubeide_1.7.0/stm32cubeide/plugins/com.st.stm32cube.ide.mcu.externaltools.gnu-tools-for-stm32.9-2020-q2-update.win32_2.0.0.202105311346/tools/bin/../lib/gcc/arm-none-eabi/9.3.1/../../../../arm-none-eabi/lib/thumb/v7e-m+fp/hard\libc_nano.a(lib_a-findfp.o)
                0x0000000008007088                __sfp_lock_acquire
 .text.__sfp_lock_release
                0x0000000008007094        0xc d:/st/stm32cubeide_1.7.0/stm32cubeide/plugins/com.st.stm32cube.ide.mcu.externaltools.gnu-tools-for-stm32.9-2020-q2-update.win32_2.0.0.202105311346/tools/bin/../lib/gcc/arm-none-eabi/9.3.1/../../../../arm-none-eabi/lib/thumb/v7e-m+fp/hard\libc_nano.a(lib_a-findfp.o)
                0x0000000008007094                __sfp_lock_release
 .text.__sinit_lock_acquire
                0x00000000080070a0        0xc d:/st/stm32cubeide_1.7.0/stm32cubeide/plugins/com.st.stm32cube.ide.mcu.externaltools.gnu-tools-for-stm32.9-2020-q2-update.win32_2.0.0.202105311346/tools/bin/../lib/gcc/arm-none-eabi/9.3.1/../../../../arm-none-eabi/lib/thumb/v7e-m+fp/hard\libc_nano.a(lib_a-findfp.o)
                0x00000000080070a0                __sinit_lock_acquire
 .text.__sinit_lock_release
                0x00000000080070ac        0xc d:/st/stm32cubeide_1.7.0/stm32cubeide/plugins/com.st.stm32cube.ide.mcu.externaltools.gnu-tools-for-stm32.9-2020-q2-update.win32_2.0.0.202105311346/tools/bin/../lib/gcc/arm-none-eabi/9.3.1/../../../../arm-none-eabi/lib/thumb/v7e-m+fp/hard\libc_nano.a(lib_a-findfp.o)
                0x00000000080070ac                __sinit_lock_release
 .text.__sinit  0x00000000080070b8       0x70 d:/st/stm32cubeide_1.7.0/stm32cubeide/plugins/com.st.stm32cube.ide.mcu.externaltools.gnu-tools-for-stm32.9-2020-q2-update.win32_2.0.0.202105311346/tools/bin/../lib/gcc/arm-none-eabi/9.3.1/../../../../arm-none-eabi/lib/thumb/v7e-m+fp/hard\libc_nano.a(lib_a-findfp.o)
                0x00000000080070b8                __sinit
 .text.__sfp    0x0000000008007128       0x8c d:/st/stm32cubeide_1.7.0/stm32cubeide/plugins/com.st.stm32cube.ide.mcu.externaltools.gnu-tools-for-stm32.9-2020-q2-update.win32_2.0.0.202105311346/tools/bin/../lib/gcc/arm-none-eabi/9.3.1/../../../../arm-none-eabi/lib/thumb/v7e-m+fp/hard\libc_nano.a(lib_a-findfp.o)
                0x0000000008007128                __sfp
 .text.fprintf  0x00000000080071b4       0x24 d:/st/stm32cubeide_1.7.0/stm32cubeide/plugins/com.st.stm32cube.ide.mcu.externaltools.gnu-tools-for-stm32.9-2020-q2-update.win32_2.0.0.202105311346/tools/bin/../lib/gcc/arm-none-eabi/9.3.1/../../../../arm-none-eabi/lib/thumb/v7e-m+fp/hard\libc_nano.a(lib_a-fprintf.o)
                0x00000000080071b4                fiprintf
                0x00000000080071b4                fprintf
 .text._fwalk_reent
                0x00000000080071d8       0x3e d:/st/stm32cubeide_1.7.0/stm32cubeide/plugins/com.st.stm32cube.ide.mcu.externaltools.gnu-tools-for-stm32.9-2020-q2-update.win32_2.0.0.202105311346/tools/bin/../lib/gcc/arm-none-eabi/9.3.1/../../../../arm-none-eabi/lib/thumb/v7e-m+fp/hard\libc_nano.a(lib_a-fwalk.o)
                0x00000000080071d8                _fwalk_reent
 .text.__retarget_lock_init_recursive
                0x0000000008007216        0x2 d:/st/stm32cubeide_1.7.0/stm32cubeide/plugins/com.st.stm32cube.ide.mcu.externaltools.gnu-tools-for-stm32.9-2020-q2-update.win32_2.0.0.202105311346/tools/bin/../lib/gcc/arm-none-eabi/9.3.1/../../../../arm-none-eabi/lib/thumb/v7e-m+fp/hard\libc_nano.a(lib_a-lock.o)
                0x0000000008007216                __retarget_lock_init_recursive
 .text.__retarget_lock_acquire_recursive
                0x0000000008007218        0x2 d:/st/stm32cubeide_1.7.0/stm32cubeide/plugins/com.st.stm32cube.ide.mcu.externaltools.gnu-tools-for-stm32.9-2020-q2-update.win32_2.0.0.202105311346/tools/bin/../lib/gcc/arm-none-eabi/9.3.1/../../../../arm-none-eabi/lib/thumb/v7e-m+fp/hard\libc_nano.a(lib_a-lock.o)
                0x0000000008007218                __retarget_lock_acquire_recursive
 .text.__retarget_lock_release_recursive
                0x000000000800721a        0x2 d:/st/stm32cubeide_1.7.0/stm32cubeide/plugins/com.st.stm32cube.ide.mcu.externaltools.gnu-tools-for-stm32.9-2020-q2-update.win32_2.0.0.202105311346/tools/bin/../lib/gcc/arm-none-eabi/9.3.1/../../../../arm-none-eabi/lib/thumb/v7e-m+fp/hard\libc_nano.a(lib_a-lock.o)
                0x000000000800721a                __retarget_lock_release_recursive
 .text.__malloc_lock
                0x000000000800721c        0xc d:/st/stm32cubeide_1.7.0/stm32cubeide/plugins/com.st.stm32cube.ide.mcu.externaltools.gnu-tools-for-stm32.9-2020-q2-update.win32_2.0.0.202105311346/tools/bin/../lib/gcc/arm-none-eabi/9.3.1/../../../../arm-none-eabi/lib/thumb/v7e-m+fp/hard\libc_nano.a(lib_a-mlock.o)
                0x000000000800721c                __malloc_lock
 .text.__malloc_unlock
                0x0000000008007228        0xc d:/st/stm32cubeide_1.7.0/stm32cubeide/plugins/com.st.stm32cube.ide.mcu.externaltools.gnu-tools-for-stm32.9-2020-q2-update.win32_2.0.0.202105311346/tools/bin/../lib/gcc/arm-none-eabi/9.3.1/../../../../arm-none-eabi/lib/thumb/v7e-m+fp/hard\libc_nano.a(lib_a-mlock.o)
                0x0000000008007228                __malloc_unlock
 .text.__ssputs_r
                0x0000000008007234       0xb6 d:/st/stm32cubeide_1.7.0/stm32cubeide/plugins/com.st.stm32cube.ide.mcu.externaltools.gnu-tools-for-stm32.9-2020-q2-update.win32_2.0.0.202105311346/tools/bin/../lib/gcc/arm-none-eabi/9.3.1/../../../../arm-none-eabi/lib/thumb/v7e-m+fp/hard\libc_nano.a(lib_a-nano-svfprintf.o)
                0x0000000008007234                __ssputs_r
 *fill*         0x00000000080072ea        0x2 
 .text._svfprintf_r
                0x00000000080072ec      0x200 d:/st/stm32cubeide_1.7.0/stm32cubeide/plugins/com.st.stm32cube.ide.mcu.externaltools.gnu-tools-for-stm32.9-2020-q2-update.win32_2.0.0.202105311346/tools/bin/../lib/gcc/arm-none-eabi/9.3.1/../../../../arm-none-eabi/lib/thumb/v7e-m+fp/hard\libc_nano.a(lib_a-nano-svfprintf.o)
                0x00000000080072ec                _svfiprintf_r
                0x00000000080072ec                _svfprintf_r
 .text.__sfputc_r
                0x00000000080074ec       0x2e d:/st/stm32cubeide_1.7.0/stm32cubeide/plugins/com.st.stm32cube.ide.mcu.externaltools.gnu-tools-for-stm32.9-2020-q2-update.win32_2.0.0.202105311346/tools/bin/../lib/gcc/arm-none-eabi/9.3.1/../../../../arm-none-eabi/lib/thumb/v7e-m+fp/hard\libc_nano.a(lib_a-nano-vfprintf.o)
 .text.__sfputs_r
                0x000000000800751a       0x24 d:/st/stm32cubeide_1.7.0/stm32cubeide/plugins/com.st.stm32cube.ide.mcu.externaltools.gnu-tools-for-stm32.9-2020-q2-update.win32_2.0.0.202105311346/tools/bin/../lib/gcc/arm-none-eabi/9.3.1/../../../../arm-none-eabi/lib/thumb/v7e-m+fp/hard\libc_nano.a(lib_a-nano-vfprintf.o)
                0x000000000800751a                __sfputs_r
 *fill*         0x000000000800753e        0x2 
 .text._vfprintf_r
                0x0000000008007540      0x260 d:/st/stm32cubeide_1.7.0/stm32cubeide/plugins/com.st.stm32cube.ide.mcu.externaltools.gnu-tools-for-stm32.9-2020-q2-update.win32_2.0.0.202105311346/tools/bin/../lib/gcc/arm-none-eabi/9.3.1/../../../../arm-none-eabi/lib/thumb/v7e-m+fp/hard\libc_nano.a(lib_a-nano-vfprintf.o)
                0x0000000008007540                _vfiprintf_r
                0x0000000008007540                _vfprintf_r
 .text._printf_common
                0x00000000080077a0       0xda d:/st/stm32cubeide_1.7.0/stm32cubeide/plugins/com.st.stm32cube.ide.mcu.externaltools.gnu-tools-for-stm32.9-2020-q2-update.win32_2.0.0.202105311346/tools/bin/../lib/gcc/arm-none-eabi/9.3.1/../../../../arm-none-eabi/lib/thumb/v7e-m+fp/hard\libc_nano.a(lib_a-nano-vfprintf_i.o)
                0x00000000080077a0                _printf_common
 *fill*         0x000000000800787a        0x2 
 .text._printf_i
                0x000000000800787c      0x24c d:/st/stm32cubeide_1.7.0/stm32cubeide/plugins/com.st.stm32cube.ide.mcu.externaltools.gnu-tools-for-stm32.9-2020-q2-update.win32_2.0.0.202105311346/tools/bin/../lib/gcc/arm-none-eabi/9.3.1/../../../../arm-none-eabi/lib/thumb/v7e-m+fp/hard\libc_nano.a(lib_a-nano-vfprintf_i.o)
                0x000000000800787c                _printf_i
 .text.__sread  0x0000000008007ac8       0x22 d:/st/stm32cubeide_1.7.0/stm32cubeide/plugins/com.st.stm32cube.ide.mcu.externaltools.gnu-tools-for-stm32.9-2020-q2-update.win32_2.0.0.202105311346/tools/bin/../lib/gcc/arm-none-eabi/9.3.1/../../../../arm-none-eabi/lib/thumb/v7e-m+fp/hard\libc_nano.a(lib_a-stdio.o)
                0x0000000008007ac8                __sread
 .text.__swrite
                0x0000000008007aea       0x38 d:/st/stm32cubeide_1.7.0/stm32cubeide/plugins/com.st.stm32cube.ide.mcu.externaltools.gnu-tools-for-stm32.9-2020-q2-update.win32_2.0.0.202105311346/tools/bin/../lib/gcc/arm-none-eabi/9.3.1/../../../../arm-none-eabi/lib/thumb/v7e-m+fp/hard\libc_nano.a(lib_a-stdio.o)
                0x0000000008007aea                __swrite
 .text.__sseek  0x0000000008007b22       0x24 d:/st/stm32cubeide_1.7.0/stm32cubeide/plugins/com.st.stm32cube.ide.mcu.externaltools.gnu-tools-for-stm32.9-2020-q2-update.win32_2.0.0.202105311346/tools/bin/../lib/gcc/arm-none-eabi/9.3.1/../../../../arm-none-eabi/lib/thumb/v7e-m+fp/hard\libc_nano.a(lib_a-stdio.o)
                0x0000000008007b22                __sseek
 .text.__sclose