policy_engine_user.cpp:19:15:int8_t dpm_get_range_fixed_pdo_index(const pd_msg*)	4	static
policy_engine_user.cpp:51:6:static bool PolicyEngine::pdbs_dpm_evaluate_capability(const pd_msg*, pd_msg*)	24	static
policy_engine_user.cpp:120:6:static void PolicyEngine::pdbs_dpm_get_sink_capability(pd_msg*)	24	static
policy_engine_user.cpp:180:6:static bool PolicyEngine::pdbs_dpm_evaluate_typec_current(fusb_typec_current)	0	static
policy_engine_user.cpp:192:6:static void PolicyEngine::pdbs_dpm_transition_default()	0	static
policy_engine_user.cpp:201:6:static void PolicyEngine::pdbs_dpm_transition_requested()	0	static
policy_engine_user.cpp:206:6:static void PolicyEngine::handleMessage(pd_msg*)	8	static
policy_engine_user.cpp:208:6:static bool PolicyEngine::messageWaiting()	8	static
policy_engine_user.cpp:210:6:static bool PolicyEngine::readMessage()	8	static
policy_engine_user.cpp:212:6:static void PolicyEngine::pdbs_dpm_transition_typec()	0	static
