policy_engine.cpp:46:35:static void PolicyEngine::init()	56	static
policy_engine.cpp:59:6:static void PolicyEngine::notify(uint32_t)	8	static
policy_engine.cpp:139:35:static PolicyEngine::policy_engine_state PolicyEngine::pe_sink_startup()	0	static
policy_engine.cpp:154:35:static PolicyEngine::policy_engine_state PolicyEngine::pe_sink_discovery()	0	static
policy_engine.cpp:214:35:static PolicyEngine::policy_engine_state PolicyEngine::pe_sink_eval_cap()	8	static
policy_engine.cpp:478:35:static PolicyEngine::policy_engine_state PolicyEngine::pe_sink_hard_reset()	0	static
policy_engine.cpp:492:35:static PolicyEngine::policy_engine_state PolicyEngine::pe_sink_transition_default()	8	static
policy_engine.cpp:624:35:static PolicyEngine::policy_engine_state PolicyEngine::pe_sink_not_supported_received()	0	static
policy_engine.cpp:632:35:static PolicyEngine::policy_engine_state PolicyEngine::pe_sink_source_unresponsive()	8	static
policy_engine.cpp:639:10:static uint32_t PolicyEngine::waitForEvent(uint32_t, TickType_t)	16	static
policy_engine.cpp:161:35:static PolicyEngine::policy_engine_state PolicyEngine::pe_sink_wait_cap()	8	static
policy_engine.cpp:241:35:static PolicyEngine::policy_engine_state PolicyEngine::pe_sink_select_cap()	8	static
policy_engine.cpp:295:35:static PolicyEngine::policy_engine_state PolicyEngine::pe_sink_transition_sink()	8	static
policy_engine.cpp:333:35:static PolicyEngine::policy_engine_state PolicyEngine::pe_sink_ready()	8	static
policy_engine.cpp:431:35:static PolicyEngine::policy_engine_state PolicyEngine::pe_sink_get_source_cap()	8	static
policy_engine.cpp:453:35:static PolicyEngine::policy_engine_state PolicyEngine::pe_sink_give_sink_cap()	8	static
policy_engine.cpp:505:35:static PolicyEngine::policy_engine_state PolicyEngine::pe_sink_soft_reset()	40	static
policy_engine.cpp:531:35:static PolicyEngine::policy_engine_state PolicyEngine::pe_sink_send_soft_reset()	8	static
policy_engine.cpp:583:35:static PolicyEngine::policy_engine_state PolicyEngine::pe_sink_send_not_supported()	8	static
policy_engine.cpp:612:35:static PolicyEngine::policy_engine_state PolicyEngine::pe_sink_chunk_received()	8	static
policy_engine.cpp:65:6:static void PolicyEngine::pe_task(const void*)	8	static
policy_engine.cpp:641:6:static bool PolicyEngine::isPD3_0()	0	static
