protocol_tx.cpp:87:37:static ProtocolTransmit::protocol_tx_state ProtocolTransmit::protocol_tx_reset()	8	static,ignoring_inline_asm
protocol_tx.cpp:101:37:static ProtocolTransmit::protocol_tx_state ProtocolTransmit::protocol_tx_construct_message()	8	static
protocol_tx.cpp:157:37:static ProtocolTransmit::protocol_tx_state ProtocolTransmit::protocol_tx_match_messageid()	40	static
protocol_tx.cpp:171:37:static ProtocolTransmit::protocol_tx_state ProtocolTransmit::protocol_tx_transmission_error()	8	static
protocol_tx.cpp:181:37:static ProtocolTransmit::protocol_tx_state ProtocolTransmit::protocol_tx_message_sent()	8	static
protocol_tx.cpp:192:37:static ProtocolTransmit::protocol_tx_state ProtocolTransmit::protocol_tx_discard_message()	0	static
protocol_tx.cpp:244:6:static void ProtocolTransmit::notify(ProtocolTransmit::Notifications)	8	static
protocol_tx.cpp:250:6:static void ProtocolTransmit::init()	56	static
protocol_tx.cpp:258:6:static void ProtocolTransmit::pushMessage(pd_msg*)	8	static
protocol_tx.cpp:264:6:static bool ProtocolTransmit::messagePending()	8	static
protocol_tx.cpp:271:6:static void ProtocolTransmit::getMessage()	8	static
protocol_tx.cpp:39:37:static ProtocolTransmit::protocol_tx_state ProtocolTransmit::protocol_tx_phy_reset()	8	static
protocol_tx.cpp:278:33:static ProtocolTransmit::Notifications ProtocolTransmit::waitForEvent(uint32_t, TickType_t)	16	static
protocol_tx.cpp:61:37:static ProtocolTransmit::protocol_tx_state ProtocolTransmit::protocol_tx_wait_message()	8	static
protocol_tx.cpp:128:37:static ProtocolTransmit::protocol_tx_state ProtocolTransmit::protocol_tx_wait_response()	8	static
protocol_tx.cpp:202:6:static void ProtocolTransmit::thread(const void*)	8	static
