usbd_conf.c:68:6:HAL_PCD_MspInit	48	static
usbd_conf.c:101:6:HAL_PCD_MspDeInit	8	static
usbd_conf.c:134:6:HAL_PCD_SetupStageCallback	8	static
usbd_conf.c:149:6:HAL_PCD_DataOutStageCallback	8	static
usbd_conf.c:164:6:HAL_PCD_DataInStageCallback	8	static
usbd_conf.c:178:6:HAL_PCD_SOFCallback	8	static
usbd_conf.c:192:6:HAL_PCD_ResetCallback	8	static
usbd_conf.c:217:6:HAL_PCD_SuspendCallback	8	static
usbd_conf.c:242:6:HAL_PCD_ResumeCallback	8	static
usbd_conf.c:260:6:HAL_PCD_ISOOUTIncompleteCallback	8	static
usbd_conf.c:275:6:HAL_PCD_ISOINIncompleteCallback	8	static
usbd_conf.c:289:6:HAL_PCD_ConnectCallback	8	static
usbd_conf.c:303:6:HAL_PCD_DisconnectCallback	8	static
usbd_conf.c:318:20:USBD_LL_Init	8	static
usbd_conf.c:512:9:USBD_LL_IsStallEP	0	static
usbd_conf.c:590:10:USBD_LL_GetRxDataSize	8	static
usbd_conf.c:600:6:USBD_LL_Delay	8	static
usbd_conf.c:610:20:USBD_Get_USB_Status	0	static
usbd_conf.c:368:20:USBD_LL_DeInit	8	static
usbd_conf.c:385:20:USBD_LL_Start	8	static
usbd_conf.c:402:20:USBD_LL_Stop	8	static
usbd_conf.c:422:20:USBD_LL_OpenEP	8	static
usbd_conf.c:440:20:USBD_LL_CloseEP	8	static
usbd_conf.c:458:20:USBD_LL_FlushEP	8	static
usbd_conf.c:476:20:USBD_LL_StallEP	8	static
usbd_conf.c:494:20:USBD_LL_ClearStallEP	8	static
usbd_conf.c:532:20:USBD_LL_SetUSBAddress	8	static
usbd_conf.c:552:20:USBD_LL_Transmit	8	static
usbd_conf.c:572:20:USBD_LL_PrepareReceive	8	static
