u8g2_font.c:111:16:u8g2_font_get_byte	0	static
u8g2_font.c:118:17:u8g2_font_get_word	0	static
u8g2_font.c:1031:13:u8g2_font_calc_vref_font	0	static
u8g2_font.c:1042:13:u8g2_font_calc_vref_bottom	0	static
u8g2_font.c:1052:13:u8g2_font_calc_vref_top	0	static
u8g2_font.c:1066:13:u8g2_font_calc_vref_center	0	static
u8g2_font.c:131:6:u8g2_read_font_info	16	static
u8g2_font.c:170:8:u8g2_GetFontSize	16	static
u8g2_font.c:205:9:u8g2_GetFontBBXWidth	0	static
u8g2_font.c:210:9:u8g2_GetFontBBXHeight	0	static
u8g2_font.c:216:8:u8g2_GetFontBBXOffX	0	static
u8g2_font.c:222:8:u8g2_GetFontBBXOffY	0	static
u8g2_font.c:228:9:u8g2_GetFontCapitalAHeight	0	static
u8g2_font.c:237:9:u8g2_font_decode_get_unsigned_bits	12	static
u8g2_font.c:485:13:u8g2_font_setup_decode	16	static
u8g2_font.c:282:8:u8g2_font_decode_get_signed_bits	8	static
u8g2_font.c:296:13:u8g2_add_vector_y	0	static
u8g2_font.c:316:13:u8g2_add_vector_x	0	static
u8g2_font.c:387:6:u8g2_font_decode_len	64	static
u8g2_font.c:531:8:u8g2_font_decode_glyph	56	static
u8g2_font.c:639:16:u8g2_font_get_glyph_data	16	static
u8g2_font.c:726:20:u8g2_font_draw_glyph	8	static
u8g2_font.c:1101:16:u8g2_is_all_valid	16	static
u8g2_font.c:1169:13:u8g2_GetGlyphHorizontalProperties	16	static
u8g2_font.c:1193:20:u8g2_calculate_exact_string_width	32	static
u8g2_font.c:743:9:u8g2_IsGlyph	8	static
u8g2_font.c:752:8:u8g2_GetGlyphWidth	16	static
u8g2_font.c:1129:20:u8g2_string_width	24	static
u8g2_font.c:775:6:u8g2_SetFontMode	0	static
u8g2_font.c:780:13:u8g2_DrawGlyph	24	static
u8g2_font.c:805:20:u8g2_draw_string	24	static
u8g2_font.c:854:13:u8g2_DrawStr	8	static
u8g2_font.c:870:13:u8g2_DrawUTF8	8	static
u8g2_font.c:878:13:u8g2_DrawExtendedUTF8	48	static
u8g2_font.c:925:13:u8g2_DrawExtUTF8	48	static
u8g2_font.c:985:6:u8g2_UpdateRefHeight	8	static
u8g2_font.c:1010:6:u8g2_SetFontRefHeightText	8	static
u8g2_font.c:1016:6:u8g2_SetFontRefHeightExtendedText	8	static
u8g2_font.c:1022:6:u8g2_SetFontRefHeightAll	8	static
u8g2_font.c:1036:6:u8g2_SetFontPosBaseline	0	static
u8g2_font.c:1047:6:u8g2_SetFontPosBottom	0	static
u8g2_font.c:1061:6:u8g2_SetFontPosTop	0	static
u8g2_font.c:1076:6:u8g2_SetFontPosCenter	0	static
u8g2_font.c:1083:6:u8g2_SetFont	8	static
u8g2_font.c:1120:9:u8g2_IsAllValidUTF8	8	static
u8g2_font.c:1183:8:u8g2_GetStrX	24	static
u8g2_font.c:1266:13:u8g2_GetStrWidth	8	static
u8g2_font.c:1272:13:u8g2_GetExactStrWidth	8	static
u8g2_font.c:1288:13:u8g2_GetUTF8Width	8	static
u8g2_font.c:1296:6:u8g2_SetFontDirection	0	static
