u8g2_buffer.c:51:13:u8g2_send_tile_row	16	static
u8g2_buffer.c:72:13:u8g2_send_buffer	24	static
u8g2_buffer.c:40:6:u8g2_ClearBuffer	8	static
u8g2_buffer.c:93:6:u8g2_SendBuffer	8	static
u8g2_buffer.c:101:6:u8g2_SetBufferCurrTileRow	8	static
u8g2_buffer.c:108:6:u8g2_FirstPage	8	static
u8g2_buffer.c:117:9:u8g2_NextPage	16	static
u8g2_buffer.c:154:6:u8g2_UpdateDisplayArea	40	static
u8g2_buffer.c:179:6:u8g2_UpdateDisplay	8	static
u8g2_buffer.c:188:6:u8g2_WriteBufferPBM	24	static
u8g2_buffer.c:194:6:u8g2_WriteBufferXBM	24	static
u8g2_buffer.c:203:6:u8g2_WriteBufferPBM2	24	static
u8g2_buffer.c:209:6:u8g2_WriteBufferXBM2	24	static
