u8g2_setup.c:138:13:u8g2_update_dimension_common	16	static
u8g2_setup.c:212:6:u8g2_update_dimension_r0	8	static
u8g2_setup.c:231:6:u8g2_update_dimension_r1	8	static
u8g2_setup.c:253:6:u8g2_update_dimension_r2	8	static
u8g2_setup.c:276:6:u8g2_update_dimension_r3	8	static
u8g2_setup.c:186:13:u8g2_apply_clip_window	24	static
u8g2_setup.c:217:6:u8g2_update_page_win_r0	8	static
u8g2_setup.c:240:6:u8g2_update_page_win_r1	8	static
u8g2_setup.c:258:6:u8g2_update_page_win_r2	8	static
u8g2_setup.c:285:6:u8g2_update_page_win_r3	8	static
u8g2_setup.c:307:6:u8g2_draw_l90_r0	16	static
u8g2_setup.c:315:6:u8g2_draw_l90_mirrorr_r0	24	static
u8g2_setup.c:332:6:u8g2_draw_l90_r1	24	static
u8g2_setup.c:357:6:u8g2_draw_l90_r2	24	static
u8g2_setup.c:402:6:u8g2_draw_l90_r3	24	static
u8g2_setup.c:46:6:u8g2_SetMaxClipWindow	8	static
u8g2_setup.c:56:6:u8g2_SetClipWindow	8	static
u8g2_setup.c:71:6:u8g2_SetupBuffer	16	static
u8g2_setup.c:110:6:u8g2_SetDisplayRotation	8	static
u8g2_setup.c:119:6:u8g2_SendF	12	static
u8g2_setup.c:442:6:u8g2_Setup_null	24	static
