u8x8_8x8.c:62:13:u8x8_get_glyph_data	16	static
u8x8_8x8.c:168:13:u8x8_upscale_buf	8	static
u8x8_8x8.c:290:10:u8x8_ascii_next	0	static
u8x8_8x8.c:304:10:u8x8_utf8_next	0	static
u8x8_8x8.c:50:6:u8x8_SetFont	0	static
u8x8_8x8.c:105:6:u8x8_DrawGlyph	64	static
u8x8_8x8.c:153:10:u8x8_upscale_byte	0	static
u8x8_8x8.c:179:13:u8x8_draw_2x2_subglyph	56	static
u8x8_8x8.c:231:13:u8x8_draw_1x2_subglyph	56	static
u8x8_8x8.c:207:6:u8x8_Draw2x2Glyph	48	static
u8x8_8x8.c:249:6:u8x8_Draw1x2Glyph	48	static
u8x8_8x8.c:285:6:u8x8_utf8_init	0	static
u8x8_8x8.c:359:16:u8x8_draw_string	32	static
u8x8_8x8.c:398:16:u8x8_draw_2x2_string	32	static
u8x8_8x8.c:439:16:u8x8_draw_1x2_string	32	static
u8x8_8x8.c:383:9:u8x8_DrawString	8	static
u8x8_8x8.c:389:9:u8x8_DrawUTF8	8	static
u8x8_8x8.c:424:9:u8x8_Draw2x2String	8	static
u8x8_8x8.c:430:9:u8x8_Draw2x2UTF8	8	static
u8x8_8x8.c:462:9:u8x8_Draw1x2String	8	static
u8x8_8x8.c:468:9:u8x8_Draw1x2UTF8	8	static
u8x8_8x8.c:476:9:u8x8_GetUTF8Len	16	static
