u8x8_cad.c:428:13:u8x8_i2c_data_transfer	24	static
u8x8_cad.c:88:9:u8x8_cad_SendCmd	8	static
u8x8_cad.c:93:9:u8x8_cad_SendArg	8	static
u8x8_cad.c:98:9:u8x8_cad_SendMultipleArg	24	static
u8x8_cad.c:108:9:u8x8_cad_SendData	8	static
u8x8_cad.c:113:9:u8x8_cad_StartTransfer	8	static
u8x8_cad.c:118:9:u8x8_cad_EndTransfer	8	static
u8x8_cad.c:123:6:u8x8_cad_vsendf	32	static
u8x8_cad.c:141:6:u8x8_SendF	12	static
u8x8_cad.c:159:6:u8x8_cad_SendSequence	24	static
u8x8_cad.c:197:9:u8x8_cad_empty	8	static
u8x8_cad.c:224:9:u8x8_cad_110	24	static
u8x8_cad.c:257:9:u8x8_cad_100	24	static
u8x8_cad.c:289:9:u8x8_cad_001	24	static
u8x8_cad.c:321:9:u8x8_cad_011	24	static
u8x8_cad.c:350:9:u8x8_cad_st7920_spi	24	static
u8x8_cad.c:437:9:u8x8_cad_ssd13xx_i2c	24	static
u8x8_cad.c:488:9:u8x8_cad_ssd13xx_fast_i2c	24	static
u8x8_cad.c:565:9:u8x8_cad_st75256_i2c	24	static
u8x8_cad.c:611:9:u8x8_cad_ld7032_i2c	24	static
u8x8_cad.c:670:9:u8x8_cad_uc16xx_i2c	24	static
