u8x8_byte.c:461:13:i2c_delay	8	static
u8x8_byte.c:467:13:i2c_init	8	static
u8x8_byte.c:477:13:i2c_read_scl_and_delay	8	static
u8x8_byte.c:490:13:i2c_read_sda	8	static
u8x8_byte.c:496:13:i2c_clear_sda	8	static
u8x8_byte.c:520:13:i2c_stop	8	static
u8x8_byte.c:485:13:i2c_clear_scl	8	static
u8x8_byte.c:502:13:i2c_start	8	static
u8x8_byte.c:535:13:i2c_write_bit	8	static
u8x8_byte.c:547:13:i2c_read_bit	8	static
u8x8_byte.c:560:13:i2c_write_byte	16	static
u8x8_byte.c:39:9:u8x8_byte_SetDC	8	static
u8x8_byte.c:44:9:u8x8_byte_SendBytes	8	static
u8x8_byte.c:49:9:u8x8_byte_SendByte	16	static
u8x8_byte.c:54:9:u8x8_byte_StartTransfer	8	static
u8x8_byte.c:59:9:u8x8_byte_EndTransfer	8	static
u8x8_byte.c:66:9:u8x8_byte_empty	0	static
u8x8_byte.c:107:9:u8x8_byte_4wire_sw_spi	32	static
u8x8_byte.c:166:9:u8x8_byte_8bit_6800mode	24	static
u8x8_byte.c:216:9:u8x8_byte_8bit_8080mode	24	static
u8x8_byte.c:268:9:u8x8_byte_3wire_sw_spi	32	static
u8x8_byte.c:331:6:u8x8_byte_set_ks0108_cs	16	static
u8x8_byte.c:341:9:u8x8_byte_ks0108	24	static
u8x8_byte.c:397:9:u8x8_byte_sed1520	24	static
u8x8_byte.c:577:9:u8x8_byte_sw_i2c	16	static
