stm32f4xx_ll_usb.c:1319:26:USB_CoreReset	0	static
stm32f4xx_ll_usb.c:82:19:USB_CoreInit	8	static
stm32f4xx_ll_usb.c:138:19:USB_SetTurnaroundTime	0	static
stm32f4xx_ll_usb.c:221:19:USB_EnableGlobalInt	0	static
stm32f4xx_ll_usb.c:233:19:USB_DisableGlobalInt	0	static
stm32f4xx_ll_usb.c:248:19:USB_SetCurrentMode	8	static
stm32f4xx_ll_usb.c:453:19:USB_FlushTxFifo	0	static
stm32f4xx_ll_usb.c:475:19:USB_FlushRxFifo	0	static
stm32f4xx_ll_usb.c:503:19:USB_SetDevSpeed	0	static
stm32f4xx_ll_usb.c:277:19:USB_DevInit	24	static
stm32f4xx_ll_usb.c:519:9:USB_GetDevSpeed	0	static
stm32f4xx_ll_usb.c:548:19:USB_ActivateEndpoint	12	static
stm32f4xx_ll_usb.c:586:19:USB_ActivateDedicatedEndpoint	12	static
stm32f4xx_ll_usb.c:625:19:USB_DeactivateEndpoint	8	static
stm32f4xx_ll_usb.c:672:19:USB_DeactivateDedicatedEndpoint	0	static
stm32f4xx_ll_usb.c:856:19:USB_EP0StartXfer	12	static
stm32f4xx_ll_usb.c:956:19:USB_WritePacket	12	static
stm32f4xx_ll_usb.c:714:19:USB_EPStartXfer	32	static
stm32f4xx_ll_usb.c:983:7:USB_ReadPacket	4	static
stm32f4xx_ll_usb.c:1005:19:USB_EPSetStall	0	static
stm32f4xx_ll_usb.c:1036:19:USB_EPClearStall	0	static
stm32f4xx_ll_usb.c:1065:19:USB_StopDevice	16	static
stm32f4xx_ll_usb.c:1106:20:USB_SetDevAddress	0	static
stm32f4xx_ll_usb.c:1121:20:USB_DevConnect	0	static
stm32f4xx_ll_usb.c:1138:20:USB_DevDisconnect	0	static
stm32f4xx_ll_usb.c:1155:11:USB_ReadInterrupts	0	static
stm32f4xx_ll_usb.c:1170:10:USB_ReadDevAllOutEpInterrupt	0	static
stm32f4xx_ll_usb.c:1186:10:USB_ReadDevAllInEpInterrupt	0	static
stm32f4xx_ll_usb.c:1204:10:USB_ReadDevOutEPInterrupt	0	static
stm32f4xx_ll_usb.c:1222:10:USB_ReadDevInEPInterrupt	4	static
stm32f4xx_ll_usb.c:1241:7:USB_ClearInterrupts	0	static
stm32f4xx_ll_usb.c:1254:10:USB_GetMode	0	static
stm32f4xx_ll_usb.c:1264:20:USB_ActivateSetup	0	static
stm32f4xx_ll_usb.c:1286:19:USB_EP0_OutStart	4	static
stm32f4xx_ll_usb.c:1460:19:USB_InitFSLSPClkSel	4	static
stm32f4xx_ll_usb.c:1490:19:USB_ResetPort	24	static
stm32f4xx_ll_usb.c:1517:19:USB_DriveVbus	8	static
stm32f4xx_ll_usb.c:1355:19:USB_HostInit	16	static
stm32f4xx_ll_usb.c:1547:10:USB_GetHostSpeed	8	static
stm32f4xx_ll_usb.c:1561:10:USB_GetCurrentFrame	0	static
stm32f4xx_ll_usb.c:1592:19:USB_HC_Init	20	static
stm32f4xx_ll_usb.c:1839:10:USB_HC_ReadInterrupt	0	static
stm32f4xx_ll_usb.c:1853:19:USB_HC_Halt	4	static
stm32f4xx_ll_usb.c:1916:19:USB_DoPing	0	static
stm32f4xx_ll_usb.c:1709:19:USB_HC_StartXfer	24	static
stm32f4xx_ll_usb.c:1940:19:USB_StopHost	16	static
stm32f4xx_ll_usb.c:1995:19:USB_ActivateRemoteWakeup	0	static
stm32f4xx_ll_usb.c:2013:19:USB_DeActivateRemoteWakeup	0	static
