stm32f4xx_hal_flash_ex.c:953:13:FLASH_MassErase	0	static
stm32f4xx_hal_flash_ex.c:1231:26:FLASH_OB_BOR_LevelConfig	0	static
stm32f4xx_hal_flash_ex.c:1249:16:FLASH_OB_GetUser	0	static
stm32f4xx_hal_flash_ex.c:1259:17:FLASH_OB_GetWRP	0	static
stm32f4xx_hal_flash_ex.c:1273:16:FLASH_OB_GetRDP	0	static
stm32f4xx_hal_flash_ex.c:1301:16:FLASH_OB_GetBOR	0	static
stm32f4xx_hal_flash_ex.c:1032:26:FLASH_OB_EnableWRP	8	static
stm32f4xx_hal_flash_ex.c:1068:26:FLASH_OB_DisableWRP	8	static
stm32f4xx_hal_flash_ex.c:1162:26:FLASH_OB_RDP_LevelConfig	8	static
stm32f4xx_hal_flash_ex.c:1196:26:FLASH_OB_UserConfig	16	static
stm32f4xx_hal_flash_ex.c:1101:26:FLASH_OB_EnablePCROP	8	static
stm32f4xx_hal_flash_ex.c:1129:26:FLASH_OB_DisablePCROP	8	static
stm32f4xx_hal_flash_ex.c:286:19:HAL_FLASHEx_OBProgram	8	static
stm32f4xx_hal_flash_ex.c:345:6:HAL_FLASHEx_OBGetConfig	8	static
stm32f4xx_hal_flash_ex.c:374:19:HAL_FLASHEx_AdvOBProgram	8	static
stm32f4xx_hal_flash_ex.c:430:6:HAL_FLASHEx_AdvOBGetConfig	0	static
stm32f4xx_hal_flash_ex.c:462:19:HAL_FLASHEx_OB_SelectPCROP	0	static
stm32f4xx_hal_flash_ex.c:487:19:HAL_FLASHEx_OB_DeSelectPCROP	0	static
stm32f4xx_hal_flash_ex.c:982:6:FLASH_Erase_Sector	4	static
stm32f4xx_hal_flash_ex.c:233:19:HAL_FLASHEx_Erase_IT	8	static
stm32f4xx_hal_flash_ex.c:1311:6:FLASH_FlushCaches	0	static
stm32f4xx_hal_flash_ex.c:162:19:HAL_FLASHEx_Erase	24	static
