GraphicsTest.cpp:12:6:void u8g2_prepare()	8	static
GraphicsTest.cpp:21:6:void u8g2_box_frame(uint8_t)	32	static
GraphicsTest.cpp:30:6:void u8g2_disc_circle(uint8_t)	24	static
GraphicsTest.cpp:39:6:void u8g2_r_frame(uint8_t)	24	static
GraphicsTest.cpp:45:6:void u8g2_string(uint8_t)	16	static
GraphicsTest.cpp:56:6:void u8g2_line(uint8_t)	24	static
GraphicsTest.cpp:64:6:void u8g2_triangle(uint8_t)	48	static
GraphicsTest.cpp:73:6:void u8g2_ascii_1()	24	static
GraphicsTest.cpp:85:6:void u8g2_ascii_2()	24	static
GraphicsTest.cpp:97:6:void u8g2_extra_page(uint8_t)	16	static
GraphicsTest.cpp:173:6:void u8g2_bitmap_overlay(uint8_t)	24	static
GraphicsTest.cpp:192:6:void u8g2_bitmap_modes(uint8_t)	24	static
GraphicsTest.cpp:217:6:void draw()	8	static
GraphicsTest.cpp:237:6:void graphicsTest()	8	static
