Archive member included to satisfy reference by file (symbol)

d:/st/stm32cubeide_1.4.0/stm32cubeide/plugins/com.st.stm32cube.ide.mcu.externaltools.gnu-tools-for-stm32.7-2018-q2-update.win32_1.4.0.202007081208/tools/bin/../lib/gcc/arm-none-eabi/7.3.1/../../../../arm-none-eabi/lib/thumb/v7e-m/fpv4-sp/hard\libstdc++_nano.a(del_opv.o)
                              HARDWARE/Src/INA.o (operator delete[](void*))
d:/st/stm32cubeide_1.4.0/stm32cubeide/plugins/com.st.stm32cube.ide.mcu.externaltools.gnu-tools-for-stm32.7-2018-q2-update.win32_1.4.0.202007081208/tools/bin/../lib/gcc/arm-none-eabi/7.3.1/../../../../arm-none-eabi/lib/thumb/v7e-m/fpv4-sp/hard\libstdc++_nano.a(new_opv.o)
                              HARDWARE/Src/INA.o (operator new[](unsigned int))
d:/st/stm32cubeide_1.4.0/stm32cubeide/plugins/com.st.stm32cube.ide.mcu.externaltools.gnu-tools-for-stm32.7-2018-q2-update.win32_1.4.0.202007081208/tools/bin/../lib/gcc/arm-none-eabi/7.3.1/../../../../arm-none-eabi/lib/thumb/v7e-m/fpv4-sp/hard\libstdc++_nano.a(del_ops.o)
                              SOFTWARE/Src/Page.o (operator delete(void*, unsigned int))
d:/st/stm32cubeide_1.4.0/stm32cubeide/plugins/com.st.stm32cube.ide.mcu.externaltools.gnu-tools-for-stm32.7-2018-q2-update.win32_1.4.0.202007081208/tools/bin/../lib/gcc/arm-none-eabi/7.3.1/../../../../arm-none-eabi/lib/thumb/v7e-m/fpv4-sp/hard\libstdc++_nano.a(new_op.o)
                              SOFTWARE/Src/Page.o (operator new(unsigned int))
d:/st/stm32cubeide_1.4.0/stm32cubeide/plugins/com.st.stm32cube.ide.mcu.externaltools.gnu-tools-for-stm32.7-2018-q2-update.win32_1.4.0.202007081208/tools/bin/../lib/gcc/arm-none-eabi/7.3.1/../../../../arm-none-eabi/lib/thumb/v7e-m/fpv4-sp/hard\libstdc++_nano.a(new_handler.o)
                              d:/st/stm32cubeide_1.4.0/stm32cubeide/plugins/com.st.stm32cube.ide.mcu.externaltools.gnu-tools-for-stm32.7-2018-q2-update.win32_1.4.0.202007081208/tools/bin/../lib/gcc/arm-none-eabi/7.3.1/../../../../arm-none-eabi/lib/thumb/v7e-m/fpv4-sp/hard\libstdc++_nano.a(new_op.o) (std::get_new_handler())
d:/st/stm32cubeide_1.4.0/stm32cubeide/plugins/com.st.stm32cube.ide.mcu.externaltools.gnu-tools-for-stm32.7-2018-q2-update.win32_1.4.0.202007081208/tools/bin/../lib/gcc/arm-none-eabi/7.3.1/../../../../arm-none-eabi/lib/thumb/v7e-m/fpv4-sp/hard\libstdc++_nano.a(del_op.o)
                              SOFTWARE/Src/Page.o (operator delete(void*))
d:/st/stm32cubeide_1.4.0/stm32cubeide/plugins/com.st.stm32cube.ide.mcu.externaltools.gnu-tools-for-stm32.7-2018-q2-update.win32_1.4.0.202007081208/tools/bin/../lib/gcc/arm-none-eabi/7.3.1/../../../../arm-none-eabi/lib/thumb/v7e-m/fpv4-sp/hard\libstdc++_nano.a(list.o)
                              SOFTWARE/Src/Page.o (std::__detail::_List_node_base::_M_hook(std::__detail::_List_node_base*))
d:/st/stm32cubeide_1.4.0/stm32cubeide/plugins/com.st.stm32cube.ide.mcu.externaltools.gnu-tools-for-stm32.7-2018-q2-update.win32_1.4.0.202007081208/tools/bin/../lib/gcc/arm-none-eabi/7.3.1/../../../../arm-none-eabi/lib/thumb/v7e-m/fpv4-sp/hard\libstdc++_nano.a(functexcept.o)
                              SOFTWARE/Src/Page.o (std::__throw_bad_alloc())
d:/st/stm32cubeide_1.4.0/stm32cubeide/plugins/com.st.stm32cube.ide.mcu.externaltools.gnu-tools-for-stm32.7-2018-q2-update.win32_1.4.0.202007081208/tools/bin/../lib/gcc/arm-none-eabi/7.3.1/../../../../arm-none-eabi/lib/thumb/v7e-m/fpv4-sp/hard\libstdc++_nano.a(snprintf_lite.o)
                              d:/st/stm32cubeide_1.4.0/stm32cubeide/plugins/com.st.stm32cube.ide.mcu.externaltools.gnu-tools-for-stm32.7-2018-q2-update.win32_1.4.0.202007081208/tools/bin/../lib/gcc/arm-none-eabi/7.3.1/../../../../arm-none-eabi/lib/thumb/v7e-m/fpv4-sp/hard\libstdc++_nano.a(functexcept.o) (__gnu_cxx::__snprintf_lite(char*, unsigned int, char const*, std::__va_list))
d:/st/stm32cubeide_1.4.0/stm32cubeide/plugins/com.st.stm32cube.ide.mcu.externaltools.gnu-tools-for-stm32.7-2018-q2-update.win32_1.4.0.202007081208/tools/bin/../lib/gcc/arm-none-eabi/7.3.1/../../../../arm-none-eabi/lib/thumb/v7e-m/fpv4-sp/hard\libm.a(lib_a-w_pow.o)
                              SOFTWARE/Src/spline.o (pow)
d:/st/stm32cubeide_1.4.0/stm32cubeide/plugins/com.st.stm32cube.ide.mcu.externaltools.gnu-tools-for-stm32.7-2018-q2-update.win32_1.4.0.202007081208/tools/bin/../lib/gcc/arm-none-eabi/7.3.1/../../../../arm-none-eabi/lib/thumb/v7e-m/fpv4-sp/hard\libm.a(lib_a-e_pow.o)
                              d:/st/stm32cubeide_1.4.0/stm32cubeide/plugins/com.st.stm32cube.ide.mcu.externaltools.gnu-tools-for-stm32.7-2018-q2-update.win32_1.4.0.202007081208/tools/bin/../lib/gcc/arm-none-eabi/7.3.1/../../../../arm-none-eabi/lib/thumb/v7e-m/fpv4-sp/hard\libm.a(lib_a-w_pow.o) (__ieee754_pow)
d:/st/stm32cubeide_1.4.0/stm32cubeide/plugins/com.st.stm32cube.ide.mcu.externaltools.gnu-tools-for-stm32.7-2018-q2-update.win32_1.4.0.202007081208/tools/bin/../lib/gcc/arm-none-eabi/7.3.1/../../../../arm-none-eabi/lib/thumb/v7e-m/fpv4-sp/hard\libm.a(lib_a-e_sqrt.o)
[...]
Memory Configuration

Name             Origin             Length             Attributes
RAM              0x0000000020000000 0x0000000000010000 xrw
FLASH            0x0000000008000000 0x0000000000040000 xr
*default*        0x0000000000000000 0xffffffffffffffff

Linker script and memory map

LOAD d:/st/stm32cubeide_1.4.0/stm32cubeide/plugins/com.st.stm32cube.ide.mcu.externaltools.gnu-tools-for-stm32.7-2018-q2-update.win32_1.4.0.202007081208/tools/bin/../lib/gcc/arm-none-eabi/7.3.1/thumb/v7e-m/fpv4-sp/hard/crti.o
LOAD d:/st/stm32cubeide_1.4.0/stm32cubeide/plugins/com.st.stm32cube.ide.mcu.externaltools.gnu-tools-for-stm32.7-2018-q2-update.win32_1.4.0.202007081208/tools/bin/../lib/gcc/arm-none-eabi/7.3.1/thumb/v7e-m/fpv4-sp/hard/crtbegin.o
LOAD d:/st/stm32cubeide_1.4.0/stm32cubeide/plugins/com.st.stm32cube.ide.mcu.externaltools.gnu-tools-for-stm32.7-2018-q2-update.win32_1.4.0.202007081208/tools/bin/../lib/gcc/arm-none-eabi/7.3.1/../../../../arm-none-eabi/lib/thumb/v7e-m/fpv4-sp/hard/crt0.o
LOAD BSP/Src/BSP.o
LOAD BSP/Src/BSP_PD.o
LOAD BSP/Src/I2C_Wrapper.o
LOAD BSP/Src/IRQ.o
LOAD BSP/Src/Power.o
LOAD BSP/Src/Setup.o
LOAD BSP/Src/flash.o
LOAD BSP/Src/fusb302b.o
LOAD BSP/Src/logo.o
LOAD Core/Src/freertos.o
LOAD Core/Src/main.o
LOAD Core/Src/stm32f4xx_hal_msp.o
LOAD Core/Src/stm32f4xx_hal_timebase_tim.o
LOAD Core/Src/stm32f4xx_it.o
LOAD Core/Src/syscalls.o
LOAD Core/Src/sysmem.o
LOAD Core/Src/system_stm32f4xx.o
LOAD Core/Startup/startup_stm32f401ccux.o
LOAD Drivers/STM32F4xx_HAL_Driver/Src/stm32f4xx_hal.o
LOAD Drivers/STM32F4xx_HAL_Driver/Src/stm32f4xx_hal_adc.o
LOAD Drivers/STM32F4xx_HAL_Driver/Src/stm32f4xx_hal_adc_ex.o
LOAD Drivers/STM32F4xx_HAL_Driver/Src/stm32f4xx_hal_cortex.o
LOAD Drivers/STM32F4xx_HAL_Driver/Src/stm32f4xx_hal_dma.o
LOAD Drivers/STM32F4xx_HAL_Driver/Src/stm32f4xx_hal_dma_ex.o
LOAD Drivers/STM32F4xx_HAL_Driver/Src/stm32f4xx_hal_exti.o
LOAD Drivers/STM32F4xx_HAL_Driver/Src/stm32f4xx_hal_flash.o
LOAD Drivers/STM32F4xx_HAL_Driver/Src/stm32f4xx_hal_flash_ex.o
LOAD Drivers/STM32F4xx_HAL_Driver/Src/stm32f4xx_hal_flash_ramfunc.o
LOAD Drivers/STM32F4xx_HAL_Driver/Src/stm32f4xx_hal_gpio.o
LOAD Drivers/STM32F4xx_HAL_Driver/Src/stm32f4xx_hal_i2c.o
LOAD Drivers/STM32F4xx_HAL_Driver/Src/stm32f4xx_hal_i2c_ex.o
LOAD Drivers/STM32F4xx_HAL_Driver/Src/stm32f4xx_hal_iwdg.o
LOAD Drivers/STM32F4xx_HAL_Driver/Src/stm32f4xx_hal_pcd.o
LOAD Drivers/STM32F4xx_HAL_Driver/Src/stm32f4xx_hal_pcd_ex.o
LOAD Drivers/STM32F4xx_HAL_Driver/Src/stm32f4xx_hal_pwr.o
LOAD Drivers/STM32F4xx_HAL_Driver/Src/stm32f4xx_hal_pwr_ex.o
LOAD Drivers/STM32F4xx_HAL_Driver/Src/stm32f4xx_hal_rcc.o
LOAD Drivers/STM32F4xx_HAL_Driver/Src/stm32f4xx_hal_rcc_ex.o
LOAD Drivers/STM32F4xx_HAL_Driver/Src/stm32f4xx_hal_tim.o
LOAD Drivers/STM32F4xx_HAL_Driver/Src/stm32f4xx_hal_tim_ex.o
LOAD Drivers/STM32F4xx_HAL_Driver/Src/stm32f4xx_ll_usb.o
LOAD Fonts/fontTables.o
LOAD Fonts/u8g2_simsun_9_fntodgironchinese.o
LOAD HARDWARE/FUSB302/fusbpd.o
LOAD HARDWARE/FUSB302/int_n.o
LOAD HARDWARE/FUSB302/policy_engine.o
LOAD HARDWARE/FUSB302/policy_engine_user.o
LOAD HARDWARE/FUSB302/protocol_rx.o
LOAD HARDWARE/FUSB302/protocol_tx.o
LOAD HARDWARE/Src/Buttons.o
LOAD HARDWARE/Src/INA.o
LOAD HARDWARE/Src/LIS3DH.o
LOAD HARDWARE/Src/TipThermoModel.o
LOAD HARDWARE/Src/oled_init.o
LOAD HARDWARE/u8g2/examples/full_buffer/GraphicsTest/GraphicsTest.o
LOAD HARDWARE/u8g2/src/U8x8lib.o
LOAD HARDWARE/u8g2/src/clib/u8g2_bitmap.o
LOAD HARDWARE/u8g2/src/clib/u8g2_box.o
LOAD HARDWARE/u8g2/src/clib/u8g2_buffer.o
LOAD HARDWARE/u8g2/src/clib/u8g2_circle.o
LOAD HARDWARE/u8g2/src/clib/u8g2_cleardisplay.o
LOAD HARDWARE/u8g2/src/clib/u8g2_d_memory.o
LOAD HARDWARE/u8g2/src/clib/u8g2_d_setup.o
LOAD HARDWARE/u8g2/src/clib/u8g2_font.o
LOAD HARDWARE/u8g2/src/clib/u8g2_fonts.o
LOAD HARDWARE/u8g2/src/clib/u8g2_hvline.o
LOAD HARDWARE/u8g2/src/clib/u8g2_input_value.o
LOAD HARDWARE/u8g2/src/clib/u8g2_intersection.o
LOAD HARDWARE/u8g2/src/clib/u8g2_kerning.o
LOAD HARDWARE/u8g2/src/clib/u8g2_line.o
LOAD HARDWARE/u8g2/src/clib/u8g2_ll_hvline.o
LOAD HARDWARE/u8g2/src/clib/u8g2_message.o
LOAD HARDWARE/u8g2/src/clib/u8g2_polygon.o
LOAD HARDWARE/u8g2/src/clib/u8g2_selection_list.o
LOAD HARDWARE/u8g2/src/clib/u8g2_setup.o
LOAD HARDWARE/u8g2/src/clib/u8log.o
LOAD HARDWARE/u8g2/src/clib/u8log_u8g2.o
LOAD HARDWARE/u8g2/src/clib/u8log_u8x8.o
LOAD HARDWARE/u8g2/src/clib/u8x8_8x8.o
LOAD HARDWARE/u8g2/src/clib/u8x8_byte.o
LOAD HARDWARE/u8g2/src/clib/u8x8_cad.o
LOAD HARDWARE/u8g2/src/clib/u8x8_capture.o
LOAD HARDWARE/u8g2/src/clib/u8x8_d_a2printer.o
LOAD HARDWARE/u8g2/src/clib/u8x8_d_il3820_296x128.o
LOAD HARDWARE/u8g2/src/clib/u8x8_d_ist3020.o
LOAD HARDWARE/u8g2/src/clib/u8x8_d_ist7920.o
LOAD HARDWARE/u8g2/src/clib/u8x8_d_ks0108.o
LOAD HARDWARE/u8g2/src/clib/u8x8_d_lc7981.o
LOAD HARDWARE/u8g2/src/clib/u8x8_d_ld7032_60x32.o
LOAD HARDWARE/u8g2/src/clib/u8x8_d_ls013b7dh03.o
LOAD HARDWARE/u8g2/src/clib/u8x8_d_max7219.o
LOAD HARDWARE/u8g2/src/clib/u8x8_d_pcd8544_84x48.o
LOAD HARDWARE/u8g2/src/clib/u8x8_d_pcf8812.o
LOAD HARDWARE/u8g2/src/clib/u8x8_d_pcf8814_hx1230.o
LOAD HARDWARE/u8g2/src/clib/u8x8_d_s1d15e06.o
LOAD HARDWARE/u8g2/src/clib/u8x8_d_sbn1661.o
LOAD HARDWARE/u8g2/src/clib/u8x8_d_sed1330.o
LOAD HARDWARE/u8g2/src/clib/u8x8_d_sh1106_64x32.o
LOAD HARDWARE/u8g2/src/clib/u8x8_d_sh1106_72x40.o
LOAD HARDWARE/u8g2/src/clib/u8x8_d_sh1107.o
LOAD HARDWARE/u8g2/src/clib/u8x8_d_sh1108.o
LOAD HARDWARE/u8g2/src/clib/u8x8_d_sh1122.o
LOAD HARDWARE/u8g2/src/clib/u8x8_d_ssd1305.o
LOAD HARDWARE/u8g2/src/clib/u8x8_d_ssd1306_128x32.o
LOAD HARDWARE/u8g2/src/clib/u8x8_d_ssd1306_128x64_noname.o
LOAD HARDWARE/u8g2/src/clib/u8x8_d_ssd1306_2040x16.o
LOAD HARDWARE/u8g2/src/clib/u8x8_d_ssd1306_48x64.o
LOAD HARDWARE/u8g2/src/clib/u8x8_d_ssd1306_64x32.o
LOAD HARDWARE/u8g2/src/clib/u8x8_d_ssd1306_64x48.o
LOAD HARDWARE/u8g2/src/clib/u8x8_d_ssd1306_72x40.o
LOAD HARDWARE/u8g2/src/clib/u8x8_d_ssd1306_96x16.o
LOAD HARDWARE/u8g2/src/clib/u8x8_d_ssd1309.o
LOAD HARDWARE/u8g2/src/clib/u8x8_d_ssd1316.o
LOAD HARDWARE/u8g2/src/clib/u8x8_d_ssd1317.o
LOAD HARDWARE/u8g2/src/clib/u8x8_d_ssd1318.o
LOAD HARDWARE/u8g2/src/clib/u8x8_d_ssd1322.o
LOAD HARDWARE/u8g2/src/clib/u8x8_d_ssd1325.o
LOAD HARDWARE/u8g2/src/clib/u8x8_d_ssd1326.o
LOAD HARDWARE/u8g2/src/clib/u8x8_d_ssd1327.o
LOAD HARDWARE/u8g2/src/clib/u8x8_d_ssd1329.o
LOAD HARDWARE/u8g2/src/clib/u8x8_d_ssd1606_172x72.o
LOAD HARDWARE/u8g2/src/clib/u8x8_d_ssd1607_200x200.o
LOAD HARDWARE/u8g2/src/clib/u8x8_d_st7511.o
LOAD HARDWARE/u8g2/src/clib/u8x8_d_st75256.o
LOAD HARDWARE/u8g2/src/clib/u8x8_d_st7528.o
LOAD HARDWARE/u8g2/src/clib/u8x8_d_st75320.o
LOAD HARDWARE/u8g2/src/clib/u8x8_d_st7565.o
LOAD HARDWARE/u8g2/src/clib/u8x8_d_st7567.o
LOAD HARDWARE/u8g2/src/clib/u8x8_d_st7571.o
LOAD HARDWARE/u8g2/src/clib/u8x8_d_st7586s_erc240160.o
LOAD HARDWARE/u8g2/src/clib/u8x8_d_st7586s_s028hn118a.o
LOAD HARDWARE/u8g2/src/clib/u8x8_d_st7586s_ymc240160.o
LOAD HARDWARE/u8g2/src/clib/u8x8_d_st7588.o
LOAD HARDWARE/u8g2/src/clib/u8x8_d_st7920.o
LOAD HARDWARE/u8g2/src/clib/u8x8_d_stdio.o
LOAD HARDWARE/u8g2/src/clib/u8x8_d_t6963.o
LOAD HARDWARE/u8g2/src/clib/u8x8_d_uc1601.o
LOAD HARDWARE/u8g2/src/clib/u8x8_d_uc1604.o
LOAD HARDWARE/u8g2/src/clib/u8x8_d_uc1608.o
LOAD HARDWARE/u8g2/src/clib/u8x8_d_uc1610.o
LOAD HARDWARE/u8g2/src/clib/u8x8_d_uc1611.o
LOAD HARDWARE/u8g2/src/clib/u8x8_d_uc1617.o
LOAD HARDWARE/u8g2/src/clib/u8x8_d_uc1638.o
LOAD HARDWARE/u8g2/src/clib/u8x8_d_uc1701_dogs102.o
LOAD HARDWARE/u8g2/src/clib/u8x8_d_uc1701_mini12864.o
LOAD HARDWARE/u8g2/src/clib/u8x8_debounce.o
LOAD HARDWARE/u8g2/src/clib/u8x8_display.o
LOAD HARDWARE/u8g2/src/clib/u8x8_fonts.o
LOAD HARDWARE/u8g2/src/clib/u8x8_gpio.o
LOAD HARDWARE/u8g2/src/clib/u8x8_input_value.o
LOAD HARDWARE/u8g2/src/clib/u8x8_message.o
LOAD HARDWARE/u8g2/src/clib/u8x8_selection_list.o
LOAD HARDWARE/u8g2/src/clib/u8x8_setup.o
LOAD HARDWARE/u8g2/src/clib/u8x8_string.o
LOAD HARDWARE/u8g2/src/clib/u8x8_u16toa.o
LOAD HARDWARE/u8g2/src/clib/u8x8_u8toa.o
LOAD Middlewares/ST/STM32_USB_Device_Library/Class/CDC/Src/usbd_cdc.o
LOAD Middlewares/ST/STM32_USB_Device_Library/Core/Src/usbd_core.o
LOAD Middlewares/ST/STM32_USB_Device_Library/Core/Src/usbd_ctlreq.o
LOAD Middlewares/ST/STM32_USB_Device_Library/Core/Src/usbd_ioreq.o
LOAD Middlewares/Third_Party/FreeRTOS/Source/CMSIS_RTOS/cmsis_os.o
LOAD Middlewares/Third_Party/FreeRTOS/Source/croutine.o
LOAD Middlewares/Third_Party/FreeRTOS/Source/event_groups.o
LOAD Middlewares/Third_Party/FreeRTOS/Source/list.o
LOAD Middlewares/Third_Party/FreeRTOS/Source/queue.o
LOAD Middlewares/Third_Party/FreeRTOS/Source/stream_buffer.o
LOAD Middlewares/Third_Party/FreeRTOS/Source/tasks.o
LOAD Middlewares/Third_Party/FreeRTOS/Source/timers.o
LOAD Middlewares/Third_Party/FreeRTOS/Source/portable/GCC/ARM_CM4F/port.o
LOAD SOFTWARE/Src/Arduino.o
LOAD SOFTWARE/Src/Colum.o
LOAD SOFTWARE/Src/Page.o
LOAD SOFTWARE/Src/Settings.o
LOAD SOFTWARE/Src/Translation.o
LOAD SOFTWARE/Src/dtostrf.o
LOAD SOFTWARE/Src/gui.o
LOAD SOFTWARE/Src/power.o
LOAD SOFTWARE/Src/spline.o
LOAD Threads/GUIThread.o
LOAD Threads/MOVThread.o
LOAD Threads/PIDThread.o
LOAD Threads/POWThread.o
LOAD Threads/USBThread.o
LOAD USB_DEVICE/App/usb_device.o
LOAD USB_DEVICE/App/usbd_cdc_if.o
LOAD USB_DEVICE/App/usbd_desc.o
LOAD USB_DEVICE/Target/usbd_conf.o
START GROUP
LOAD d:/st/stm32cubeide_1.4.0/stm32cubeide/plugins/com.st.stm32cube.ide.mcu.externaltools.gnu-tools-for-stm32.7-2018-q2-update.win32_1.4.0.202007081208/tools/bin/../lib/gcc/arm-none-eabi/7.3.1/../../../../arm-none-eabi/lib/thumb/v7e-m/fpv4-sp/hard\libstdc++_nano.a
LOAD d:/st/stm32cubeide_1.4.0/stm32cubeide/plugins/com.st.stm32cube.ide.mcu.externaltools.gnu-tools-for-stm32.7-2018-q2-update.win32_1.4.0.202007081208/tools/bin/../lib/gcc/arm-none-eabi/7.3.1/../../../../arm-none-eabi/lib/thumb/v7e-m/fpv4-sp/hard\libsupc++_nano.a
END GROUP
LOAD d:/st/stm32cubeide_1.4.0/stm32cubeide/plugins/com.st.stm32cube.ide.mcu.externaltools.gnu-tools-for-stm32.7-2018-q2-update.win32_1.4.0.202007081208/tools/bin/../lib/gcc/arm-none-eabi/7.3.1/../../../../arm-none-eabi/lib/thumb/v7e-m/fpv4-sp/hard\libstdc++_nano.a
LOAD d:/st/stm32cubeide_1.4.0/stm32cubeide/plugins/com.st.stm32cube.ide.mcu.externaltools.gnu-tools-for-stm32.7-2018-q2-update.win32_1.4.0.202007081208/tools/bin/../lib/gcc/arm-none-eabi/7.3.1/../../../../arm-none-eabi/lib/thumb/v7e-m/fpv4-sp/hard\libm.a
LOAD d:/st/stm32cubeide_1.4.0/stm32cubeide/plugins/com.st.stm32cube.ide.mcu.externaltools.gnu-tools-for-stm32.7-2018-q2-update.win32_1.4.0.202007081208/tools/bin/../lib/gcc/arm-none-eabi/7.3.1/../../../../arm-none-eabi/lib/thumb/v7e-m/fpv4-sp/hard\libc_nano.a
START GROUP
LOAD d:/st/stm32cubeide_1.4.0/stm32cubeide/plugins/com.st.stm32cube.ide.mcu.externaltools.gnu-tools-for-stm32.7-2018-q2-update.win32_1.4.0.202007081208/tools/bin/../lib/gcc/arm-none-eabi/7.3.1/thumb/v7e-m/fpv4-sp/hard\libgcc.a
LOAD d:/st/stm32cubeide_1.4.0/stm32cubeide/plugins/com.st.stm32cube.ide.mcu.externaltools.gnu-tools-for-stm32.7-2018-q2-update.win32_1.4.0.202007081208/tools/bin/../lib/gcc/arm-none-eabi/7.3.1/../../../../arm-none-eabi/lib/thumb/v7e-m/fpv4-sp/hard\libc_nano.a
END GROUP
START GROUP
LOAD d:/st/stm32cubeide_1.4.0/stm32cubeide/plugins/com.st.stm32cube.ide.mcu.externaltools.gnu-tools-for-stm32.7-2018-q2-update.win32_1.4.0.202007081208/tools/bin/../lib/gcc/arm-none-eabi/7.3.1/thumb/v7e-m/fpv4-sp/hard\libgcc.a
LOAD d:/st/stm32cubeide_1.4.0/stm32cubeide/plugins/com.st.stm32cube.ide.mcu.externaltools.gnu-tools-for-stm32.7-2018-q2-update.win32_1.4.0.202007081208/tools/bin/../lib/gcc/arm-none-eabi/7.3.1/../../../../arm-none-eabi/lib/thumb/v7e-m/fpv4-sp/hard\libc_nano.a
END GROUP
LOAD d:/st/stm32cubeide_1.4.0/stm32cubeide/plugins/com.st.stm32cube.ide.mcu.externaltools.gnu-tools-for-stm32.7-2018-q2-update.win32_1.4.0.202007081208/tools/bin/../lib/gcc/arm-none-eabi/7.3.1/thumb/v7e-m/fpv4-sp/hard/crtend.o
LOAD d:/st/stm32cubeide_1.4.0/stm32cubeide/plugins/com.st.stm32cube.ide.mcu.externaltools.gnu-tools-for-stm32.7-2018-q2-update.win32_1.4.0.202007081208/tools/bin/../lib/gcc/arm-none-eabi/7.3.1/thumb/v7e-m/fpv4-sp/hard/crtn.o
                0x0000000020010000                _estack = (ORIGIN (RAM) + LENGTH (RAM))
                0x0000000000000900                _Min_Heap_Size = 0x900
                0x0000000000000900                _Min_Stack_Size = 0x900

.isr_vector     0x0000000008000000      0x194
                0x0000000008000000                . = ALIGN (0x4)
 *(.isr_vector)
 .isr_vector    0x0000000008000000      0x194 Core/Startup/startup_stm32f401ccux.o
                0x0000000008000000                g_pfnVectors
                0x0000000008000194                . = ALIGN (0x4)

.text           0x00000000080001a0    0x10188
                0x00000000080001a0                . = ALIGN (0x4)
 *(.text)
 .text          0x00000000080001a0       0x40 d:/st/stm32cubeide_1.4.0/stm32cubeide/plugins/com.st.stm32cube.ide.mcu.externaltools.gnu-tools-for-stm32.7-2018-q2-update.win32_1.4.0.202007081208/tools/bin/../lib/gcc/arm-none-eabi/7.3.1/thumb/v7e-m/fpv4-sp/hard/crtbegin.o
 .text          0x00000000080001e0       0xa0 d:/st/stm32cubeide_1.4.0/stm32cubeide/plugins/com.st.stm32cube.ide.mcu.externaltools.gnu-tools-for-stm32.7-2018-q2-update.win32_1.4.0.202007081208/tools/bin/../lib/gcc/arm-none-eabi/7.3.1/../../../../arm-none-eabi/lib/thumb/v7e-m/fpv4-sp/hard\libc_nano.a(lib_a-memchr.o)
                0x00000000080001e0                memchr
 .text          0x0000000008000280       0xa0 d:/st/stm32cubeide_1.4.0/stm32cubeide/plugins/com.st.stm32cube.ide.mcu.externaltools.gnu-tools-for-stm32.7-2018-q2-update.win32_1.4.0.202007081208/tools/bin/../lib/gcc/arm-none-eabi/7.3.1/thumb/v7e-m/fpv4-sp/hard\libgcc.a(_aeabi_ldivmod.o)
                0x0000000008000280                __aeabi_ldivmod
 .text          0x0000000008000320       0x30 d:/st/stm32cubeide_1.4.0/stm32cubeide/plugins/com.st.stm32cube.ide.mcu.externaltools.gnu-tools-for-stm32.7-2018-q2-update.win32_1.4.0.202007081208/tools/bin/../lib/gcc/arm-none-eabi/7.3.1/thumb/v7e-m/fpv4-sp/hard\libgcc.a(_aeabi_uldivmod.o)
                0x0000000008000320                __aeabi_uldivmod
 .text          0x0000000008000350      0x2cc d:/st/stm32cubeide_1.4.0/stm32cubeide/plugins/com.st.stm32cube.ide.mcu.externaltools.gnu-tools-for-stm32.7-2018-q2-update.win32_1.4.0.202007081208/tools/bin/../lib/gcc/arm-none-eabi/7.3.1/thumb/v7e-m/fpv4-sp/hard\libgcc.a(_udivmoddi4.o)
                0x0000000008000350                __udivmoddi4
 .text          0x000000000800061c        0x4 d:/st/stm32cubeide_1.4.0/stm32cubeide/plugins/com.st.stm32cube.ide.mcu.externaltools.gnu-tools-for-stm32.7-2018-q2-update.win32_1.4.0.202007081208/tools/bin/../lib/gcc/arm-none-eabi/7.3.1/thumb/v7e-m/fpv4-sp/hard\libgcc.a(_dvmd_tls.o)
                0x000000000800061c                __aeabi_idiv0
                0x000000000800061c                __aeabi_ldiv0
 *(.text*)
 .text._ZL15switchToFastPWMv
                0x0000000008000620       0x30 BSP/Src/BSP.o
 .text._ZL15switchToSlowPWMv
                0x0000000008000650       0x30 BSP/Src/BSP.o
 .text.postRToSInit
                0x0000000008000680       0x24 BSP/Src/BSP.o
                0x0000000008000680                postRToSInit
 .text.resetWatchdog
                0x00000000080006a4       0x10 BSP/Src/BSP.o
                0x00000000080006a4                resetWatchdog
 .text.getHandleTemperature
                0x00000000080006b4       0x30 BSP/Src/BSP.o
                0x00000000080006b4                getHandleTemperature
 .text._Z24getTipInstantTemperaturev
                0x00000000080006e4       0x44 BSP/Src/BSP.o
                0x00000000080006e4                getTipInstantTemperature()
 .text.getTipRawTemp
                0x0000000008000728       0x48 BSP/Src/BSP.o
                0x0000000008000728                getTipRawTemp
 .text.getInputVoltageX10
                0x0000000008000770       0x3c BSP/Src/BSP.o
                0x0000000008000770                getInputVoltageX10
 .text.setTipPWM
                0x00000000080007ac       0x14 BSP/Src/BSP.o
                0x00000000080007ac                setTipPWM
 .text.tryBetterPWM
                0x00000000080007c0       0x2c BSP/Src/BSP.o
                0x00000000080007c0                tryBetterPWM
 .text.HAL_TIM_PWM_PulseFinishedCallback
                0x00000000080007ec       0x18 BSP/Src/BSP.o
                0x00000000080007ec                HAL_TIM_PWM_PulseFinishedCallback
 .text.unstick_I2C
                0x0000000008000804      0x128 BSP/Src/BSP.o
                0x0000000008000804                unstick_I2C
 .text.getButtonA
                0x000000000800092c       0x1c BSP/Src/BSP.o
                0x000000000800092c                getButtonA
 .text.getButtonB
                0x0000000008000948       0x18 BSP/Src/BSP.o
                0x0000000008000948                getButtonB
 .text.getButtonOK
                0x0000000008000960       0x1c BSP/Src/BSP.o
                0x0000000008000960                getButtonOK
 .text.BSPInit  0x000000000800097c        0x8 BSP/Src/BSP.o
                0x000000000800097c                BSPInit
 .text.preRToSInit
                0x0000000008000984       0x1c BSP/Src/BSP.o
                0x0000000008000984                preRToSInit
 .text.delay_ms
                0x00000000080009a0        0x8 BSP/Src/BSP.o
                0x00000000080009a0                delay_ms
 .text._Z41__static_initialization_and_destruction_0ii
                0x00000000080009a8       0x38 BSP/Src/I2C_Wrapper.o
 .text._ZN8FRToSI2C12CpltCallbackEP17I2C_HandleTypeDef
                0x00000000080009e0       0x48 BSP/Src/I2C_Wrapper.o
                0x00000000080009e0                FRToSI2C::CpltCallback(I2C_HandleTypeDef*)
 .text._ZN8FRToSI2C11I2C_UnstickEv
                0x0000000008000a28        0xc BSP/Src/I2C_Wrapper.o
                0x0000000008000a28                FRToSI2C::I2C_Unstick()
 .text._ZN8FRToSI2C6unlockEv
                0x0000000008000a34       0x10 BSP/Src/I2C_Wrapper.o
                0x0000000008000a34                FRToSI2C::unlock()
 .text._ZN8FRToSI2C4lockEv
                0x0000000008000a44       0x14 BSP/Src/I2C_Wrapper.o
                0x0000000008000a44                FRToSI2C::lock()
 .text._ZN8FRToSI2C8Mem_ReadEttPht
                0x0000000008000a58       0x56 BSP/Src/I2C_Wrapper.o
                0x0000000008000a58                FRToSI2C::Mem_Read(unsigned short, unsigned short, unsigned char*, unsigned short)
 .text._ZN8FRToSI2C16I2C_RegisterReadEhh
                0x0000000008000aae       0x18 BSP/Src/I2C_Wrapper.o
                0x0000000008000aae                FRToSI2C::I2C_RegisterRead(unsigned char, unsigned char)
 .text._ZN8FRToSI2C9Mem_WriteEttPht
                0x0000000008000ac6       0x56 BSP/Src/I2C_Wrapper.o
                0x0000000008000ac6                FRToSI2C::Mem_Write(unsigned short, unsigned short, unsigned char*, unsigned short)
 .text._ZN8FRToSI2C17I2C_RegisterWriteEhhh
                0x0000000008000b1c       0x18 BSP/Src/I2C_Wrapper.o
                0x0000000008000b1c                FRToSI2C::I2C_RegisterWrite(unsigned char, unsigned char, unsigned char)
 .text._ZN8FRToSI2C5probeEt
                0x0000000008000b34       0x3e BSP/Src/I2C_Wrapper.o
                0x0000000008000b34                FRToSI2C::probe(unsigned short)
 .text._ZN8FRToSI2C18writeRegistersBulkEhPKNS_7I2C_REGEh
                0x0000000008000b72       0x40 BSP/Src/I2C_Wrapper.o
                0x0000000008000b72                FRToSI2C::writeRegistersBulk(unsigned char, FRToSI2C::I2C_REG const*, unsigned char)
 .text._ZN8FRToSI2C7unlock2Ev
                0x0000000008000bb2       0x10 BSP/Src/I2C_Wrapper.o
                0x0000000008000bb2                FRToSI2C::unlock2()
 .text._ZN8FRToSI2C9FRToSInitEv
                0x0000000008000bc2       0x34 BSP/Src/I2C_Wrapper.o
                0x0000000008000bc2                FRToSI2C::FRToSInit()
 .text._ZN8FRToSI2C5lock2Ev
                0x0000000008000bf6       0x1e BSP/Src/I2C_Wrapper.o
                0x0000000008000bf6                FRToSI2C::lock2()
 .text._GLOBAL__sub_I_FRToSI2C1
                0x0000000008000c14        0xe BSP/Src/I2C_Wrapper.o
 .text._GLOBAL__sub_D_FRToSI2C1
                0x0000000008000c22        0xe BSP/Src/I2C_Wrapper.o
 .text.HAL_ADCEx_InjectedConvCpltCallback
                0x0000000008000c30       0x48 BSP/Src/IRQ.o
                0x0000000008000c30                HAL_ADCEx_InjectedConvCpltCallback
 .text.HAL_ADC_ConvCpltCallback
                0x0000000008000c78        0x2 BSP/Src/IRQ.o
                0x0000000008000c78                HAL_ADC_ConvCpltCallback
 .text.HAL_ADC_ConvHalfCpltCallback
                0x0000000008000c7a        0x2 BSP/Src/IRQ.o
                0x0000000008000c7a                HAL_ADC_ConvHalfCpltCallback
 .text.HAL_I2C_MasterRxCpltCallback
                0x0000000008000c7c        0x8 BSP/Src/IRQ.o
                0x0000000008000c7c                HAL_I2C_MasterRxCpltCallback
 .text.HAL_I2C_MasterTxCpltCallback
                0x0000000008000c84        0x8 BSP/Src/IRQ.o
                0x0000000008000c84                HAL_I2C_MasterTxCpltCallback
 .text.HAL_I2C_MemTxCpltCallback
                0x0000000008000c8c        0x8 BSP/Src/IRQ.o
                0x0000000008000c8c                HAL_I2C_MemTxCpltCallback
 .text.HAL_I2C_ErrorCallback
                0x0000000008000c94        0x8 BSP/Src/IRQ.o
                0x0000000008000c94                HAL_I2C_ErrorCallback
 .text.HAL_I2C_AbortCpltCallback
                0x0000000008000c9c        0x8 BSP/Src/IRQ.o
                0x0000000008000c9c                HAL_I2C_AbortCpltCallback
 .text.HAL_I2C_MemRxCpltCallback
                0x0000000008000ca4        0x8 BSP/Src/IRQ.o
                0x0000000008000ca4                HAL_I2C_MemRxCpltCallback
 .text.HAL_GPIO_EXTI_Callback
                0x0000000008000cac        0x8 BSP/Src/IRQ.o
                0x0000000008000cac                HAL_GPIO_EXTI_Callback
 .text.power_check
                0x0000000008000cb4        0x2 BSP/Src/Power.o
                0x0000000008000cb4                power_check
 *fill*         0x0000000008000cb6        0x2 
 .text.usb_pd_detect
                0x0000000008000cb8       0x18 BSP/Src/Power.o
                0x0000000008000cb8                usb_pd_detect
 .text.getIsPoweredByDCIN
                0x0000000008000cd0        0x4 BSP/Src/Power.o
                0x0000000008000cd0                getIsPoweredByDCIN
 .text.getADC   0x0000000008000cd4       0x34 BSP/Src/Setup.o
                0x0000000008000cd4                getADC
 .text._ZL14fusb_write_bufhhPKh
                0x0000000008000d08       0x1c BSP/Src/fusb302b.o
 .text._ZL14fusb_read_byteh
                0x0000000008000d24       0x14 BSP/Src/fusb302b.o
 .text._ZL13fusb_read_bufhhPh
                0x0000000008000d38       0x1c BSP/Src/fusb302b.o
 .text._ZL15fusb_write_bytehh
                0x0000000008000d54       0x14 BSP/Src/fusb302b.o
 .text._Z17fusb_send_messagePK6pd_msg
                0x0000000008000d68       0x54 BSP/Src/fusb302b.o
                0x0000000008000d68                fusb_send_message(pd_msg const*)
 .text._Z17fusb_read_messageP6pd_msg
                0x0000000008000dbc       0x50 BSP/Src/fusb302b.o
                0x0000000008000dbc                fusb_read_message(pd_msg*)
 .text._Z15fusb_get_statusP11fusb_status
                0x0000000008000e0c       0x34 BSP/Src/fusb302b.o
                0x0000000008000e0c                fusb_get_status(fusb_status*)
 .text._Z10fusb_resetv
                0x0000000008000e40       0x38 BSP/Src/fusb302b.o
                0x0000000008000e40                fusb_reset()
 .text._Z12fusb_read_idv
                0x0000000008000e78       0x2c BSP/Src/fusb302b.o
                0x0000000008000e78                fusb_read_id()
 .text._Z10fusb_setupv
                0x0000000008000ea4       0xd0 BSP/Src/fusb302b.o
                0x0000000008000ea4                fusb_setup()
 .text._Z14fusb302_detectv
                0x0000000008000f74       0x10 BSP/Src/fusb302b.o
                0x0000000008000f74                fusb302_detect()
 .text.vApplicationStackOverflowHook
                0x0000000008000f84        0x2 Core/Src/freertos.o
                0x0000000008000f84                vApplicationStackOverflowHook
 *fill*         0x0000000008000f86        0x2 
 .text.vApplicationGetIdleTaskMemory
                0x0000000008000f88       0x18 Core/Src/freertos.o
                0x0000000008000f88                vApplicationGetIdleTaskMemory
 .text.MX_GPIO_Init
                0x0000000008000fa0       0xa4 Core/Src/main.o
 .text.MX_DMA_Init
                0x0000000008001044       0x68 Core/Src/main.o
 .text.MX_ADC1_Init
                0x00000000080010ac       0xb4 Core/Src/main.o
 .text.MX_I2C1_Init
                0x0000000008001160       0x34 Core/Src/main.o
 .text.MX_I2C3_Init
                0x0000000008001194       0x34 Core/Src/main.o
 .text.MX_TIM1_Init
                0x00000000080011c8       0xbc Core/Src/main.o
 .text.MX_TIM2_Init
                0x0000000008001284       0x64 Core/Src/main.o
 .text.MX_TIM3_Init
                0x00000000080012e8       0x68 Core/Src/main.o
 .text.StartPIDTask
                0x0000000008001350       0x12 Core/Src/main.o
                0x0000000008001350                StartPIDTask
 .text.StartMOVTask
                0x0000000008001362        0xe Core/Src/main.o
                0x0000000008001362                StartMOVTask
 .text.StartPOWTask
                0x0000000008001370        0xe Core/Src/main.o
                0x0000000008001370                StartPOWTask
 .text.StartGUITask
                0x000000000800137e        0xe Core/Src/main.o
                0x000000000800137e                StartGUITask
 .text.SystemClock_Config
                0x000000000800138c       0x9c Core/Src/main.o
                0x000000000800138c                SystemClock_Config
 .text.main     0x0000000008001428      0x124 Core/Src/main.o
                0x0000000008001428                main
 .text.HAL_TIM_PeriodElapsedCallback
                0x000000000800154c       0x74 Core/Src/main.o
                0x000000000800154c                HAL_TIM_PeriodElapsedCallback
 .text.Error_Handler
                0x00000000080015c0        0x2 Core/Src/main.o
                0x00000000080015c0                Error_Handler
 *fill*         0x00000000080015c2        0x2 
 .text.HAL_MspInit
                0x00000000080015c4       0x38 Core/Src/stm32f4xx_hal_msp.o
                0x00000000080015c4                HAL_MspInit
 .text.HAL_ADC_MspInit
                0x00000000080015fc       0xe8 Core/Src/stm32f4xx_hal_msp.o
                0x00000000080015fc                HAL_ADC_MspInit
 .text.HAL_I2C_MspInit
                0x00000000080016e4      0x1c0 Core/Src/stm32f4xx_hal_msp.o
                0x00000000080016e4                HAL_I2C_MspInit
 .text.HAL_TIM_PWM_MspInit
                0x00000000080018a4       0xa4 Core/Src/stm32f4xx_hal_msp.o
                0x00000000080018a4                HAL_TIM_PWM_MspInit
 .text.HAL_TIM_MspPostInit
                0x0000000008001948       0x8c Core/Src/stm32f4xx_hal_msp.o
                0x0000000008001948                HAL_TIM_MspPostInit
 .text.HAL_InitTick
                0x00000000080019d4       0x7c Core/Src/stm32f4xx_hal_timebase_tim.o
                0x00000000080019d4                HAL_InitTick
 .text.NMI_Handler
                0x0000000008001a50        0x2 Core/Src/stm32f4xx_it.o
                0x0000000008001a50                NMI_Handler
 .text.HardFault_Handler
                0x0000000008001a52        0x2 Core/Src/stm32f4xx_it.o
                0x0000000008001a52                HardFault_Handler
 .text.MemManage_Handler
                0x0000000008001a54        0x2 Core/Src/stm32f4xx_it.o
                0x0000000008001a54                MemManage_Handler
 .text.BusFault_Handler
                0x0000000008001a56        0x2 Core/Src/stm32f4xx_it.o
                0x0000000008001a56                BusFault_Handler
 .text.UsageFault_Handler
                0x0000000008001a58        0x2 Core/Src/stm32f4xx_it.o
                0x0000000008001a58                UsageFault_Handler
 .text.DebugMon_Handler
                0x0000000008001a5a        0x2 Core/Src/stm32f4xx_it.o
                0x0000000008001a5a                DebugMon_Handler
 .text.EXTI1_IRQHandler
                0x0000000008001a5c        0xa Core/Src/stm32f4xx_it.o
                0x0000000008001a5c                EXTI1_IRQHandler
 *fill*         0x0000000008001a66        0x2 
 .text.DMA1_Stream0_IRQHandler
                0x0000000008001a68       0x10 Core/Src/stm32f4xx_it.o
                0x0000000008001a68                DMA1_Stream0_IRQHandler
 .text.DMA1_Stream6_IRQHandler
                0x0000000008001a78       0x10 Core/Src/stm32f4xx_it.o
                0x0000000008001a78                DMA1_Stream6_IRQHandler
 .text.ADC_IRQHandler
                0x0000000008001a88       0x10 Core/Src/stm32f4xx_it.o
                0x0000000008001a88                ADC_IRQHandler
 .text.TIM1_UP_TIM10_IRQHandler
                0x0000000008001a98       0x10 Core/Src/stm32f4xx_it.o
                0x0000000008001a98                TIM1_UP_TIM10_IRQHandler
 .text.TIM1_CC_IRQHandler
                0x0000000008001aa8       0x10 Core/Src/stm32f4xx_it.o
                0x0000000008001aa8                TIM1_CC_IRQHandler
 .text.TIM3_IRQHandler
                0x0000000008001ab8       0x10 Core/Src/stm32f4xx_it.o
                0x0000000008001ab8                TIM3_IRQHandler
 .text.TIM4_IRQHandler
                0x0000000008001ac8       0x10 Core/Src/stm32f4xx_it.o
                0x0000000008001ac8                TIM4_IRQHandler
 .text.I2C1_EV_IRQHandler
                0x0000000008001ad8       0x10 Core/Src/stm32f4xx_it.o
                0x0000000008001ad8                I2C1_EV_IRQHandler
 .text.I2C1_ER_IRQHandler
                0x0000000008001ae8       0x10 Core/Src/stm32f4xx_it.o
                0x0000000008001ae8                I2C1_ER_IRQHandler
 .text.DMA2_Stream0_IRQHandler
                0x0000000008001af8       0x10 Core/Src/stm32f4xx_it.o
                0x0000000008001af8                DMA2_Stream0_IRQHandler
 .text.OTG_FS_IRQHandler
                0x0000000008001b08       0x10 Core/Src/stm32f4xx_it.o
                0x0000000008001b08                OTG_FS_IRQHandler
 .text.I2C3_EV_IRQHandler
                0x0000000008001b18       0x10 Core/Src/stm32f4xx_it.o
                0x0000000008001b18                I2C3_EV_IRQHandler
 .text.I2C3_ER_IRQHandler
                0x0000000008001b28       0x10 Core/Src/stm32f4xx_it.o
                0x0000000008001b28                I2C3_ER_IRQHandler
 .text._getpid  0x0000000008001b38        0x4 Core/Src/syscalls.o
                0x0000000008001b38                _getpid
 .text._kill    0x0000000008001b3c       0x10 Core/Src/syscalls.o
                0x0000000008001b3c                _kill
 .text._exit    0x0000000008001b4c        0xc Core/Src/syscalls.o
                0x0000000008001b4c                _exit
 .text._sbrk    0x0000000008001b58       0x48 Core/Src/sysmem.o
                0x0000000008001b58                _sbrk
 .text.SystemInit
                0x0000000008001ba0       0x1c Core/Src/system_stm32f4xx.o
                0x0000000008001ba0                SystemInit
 .text.Reset_Handler
                0x0000000008001bbc       0x50 Core/Startup/startup_stm32f401ccux.o
                0x0000000008001bbc                Reset_Handler
 .text.Default_Handler
                0x0000000008001c0c        0x2 Core/Startup/startup_stm32f401ccux.o
                0x0000000008001c0c                DMA2_Stream5_IRQHandler
                0x0000000008001c0c                USART6_IRQHandler
                0x0000000008001c0c                DMA2_Stream7_IRQHandler
                0x0000000008001c0c                OTG_FS_WKUP_IRQHandler
                0x0000000008001c0c                SPI2_IRQHandler
                0x0000000008001c0c                EXTI9_5_IRQHandler
                0x0000000008001c0c                SPI1_IRQHandler
                0x0000000008001c0c                PVD_IRQHandler
                0x0000000008001c0c                TIM5_IRQHandler
                0x0000000008001c0c                DMA1_Stream1_IRQHandler
                0x0000000008001c0c                WWDG_IRQHandler
                0x0000000008001c0c                SPI4_IRQHandler
                0x0000000008001c0c                DMA1_Stream2_IRQHandler
                0x0000000008001c0c                RCC_IRQHandler
                0x0000000008001c0c                DMA2_Stream3_IRQHandler
                0x0000000008001c0c                DMA2_Stream4_IRQHandler
                0x0000000008001c0c                I2C2_EV_IRQHandler
                0x0000000008001c0c                USART2_IRQHandler
                0x0000000008001c0c                DMA1_Stream7_IRQHandler
                0x0000000008001c0c                DMA1_Stream4_IRQHandler
                0x0000000008001c0c                FLASH_IRQHandler
                0x0000000008001c0c                SDIO_IRQHandler
                0x0000000008001c0c                EXTI15_10_IRQHandler
                0x0000000008001c0c                USART1_IRQHandler
                0x0000000008001c0c                RTC_WKUP_IRQHandler
                0x0000000008001c0c                TIM2_IRQHandler
                0x0000000008001c0c                TAMP_STAMP_IRQHandler
                0x0000000008001c0c                DMA2_Stream6_IRQHandler
                0x0000000008001c0c                Default_Handler
                0x0000000008001c0c                EXTI2_IRQHandler
                0x0000000008001c0c                DMA1_Stream5_IRQHandler
                0x0000000008001c0c                TIM1_TRG_COM_TIM11_IRQHandler
                0x0000000008001c0c                TIM1_BRK_TIM9_IRQHandler
                0x0000000008001c0c                EXTI3_IRQHandler
                0x0000000008001c0c                I2C2_ER_IRQHandler
                0x0000000008001c0c                DMA2_Stream2_IRQHandler
                0x0000000008001c0c                DMA2_Stream1_IRQHandler
                0x0000000008001c0c                FPU_IRQHandler
                0x0000000008001c0c                SPI3_IRQHandler
                0x0000000008001c0c                DMA1_Stream3_IRQHandler
                0x0000000008001c0c                EXTI0_IRQHandler
                0x0000000008001c0c                RTC_Alarm_IRQHandler
                0x0000000008001c0c                EXTI4_IRQHandler
 *fill*         0x0000000008001c0e        0x2 
 .text.HAL_Init
                0x0000000008001c10       0x34 Drivers/STM32F4xx_HAL_Driver/Src/stm32f4xx_hal.o
                0x0000000008001c10                HAL_Init
 .text.HAL_IncTick
                0x0000000008001c44       0x18 Drivers/STM32F4xx_HAL_Driver/Src/stm32f4xx_hal.o
                0x0000000008001c44                HAL_IncTick
 .text.HAL_GetTick
                0x0000000008001c5c        0xc Drivers/STM32F4xx_HAL_Driver/Src/stm32f4xx_hal.o
                0x0000000008001c5c                HAL_GetTick
 .text.HAL_Delay
                0x0000000008001c68       0x28 Drivers/STM32F4xx_HAL_Driver/Src/stm32f4xx_hal.o
                0x0000000008001c68                HAL_Delay
 .text.ADC_Init
                0x0000000008001c90      0x134 Drivers/STM32F4xx_HAL_Driver/Src/stm32f4xx_hal_adc.o
 .text.HAL_ADC_Init
                0x0000000008001dc4       0x56 Drivers/STM32F4xx_HAL_Driver/Src/stm32f4xx_hal_adc.o
                0x0000000008001dc4                HAL_ADC_Init
 *fill*         0x0000000008001e1a        0x2 
 .text.HAL_ADC_Start
                0x0000000008001e1c       0xf8 Drivers/STM32F4xx_HAL_Driver/Src/stm32f4xx_hal_adc.o
                0x0000000008001e1c                HAL_ADC_Start
 .text.HAL_ADC_Start_DMA
                0x0000000008001f14      0x144 Drivers/STM32F4xx_HAL_Driver/Src/stm32f4xx_hal_adc.o
                0x0000000008001f14                HAL_ADC_Start_DMA
 .text.ADC_DMAHalfConvCplt
                0x0000000008002058        0xa Drivers/STM32F4xx_HAL_Driver/Src/stm32f4xx_hal_adc.o
 .text.HAL_ADC_LevelOutOfWindowCallback
                0x0000000008002062        0x2 Drivers/STM32F4xx_HAL_Driver/Src/stm32f4xx_hal_adc.o
                0x0000000008002062                HAL_ADC_LevelOutOfWindowCallback
 .text.HAL_ADC_ErrorCallback
                0x0000000008002064        0x2 Drivers/STM32F4xx_HAL_Driver/Src/stm32f4xx_hal_adc.o
                0x0000000008002064                HAL_ADC_ErrorCallback
 .text.HAL_ADC_IRQHandler
                0x0000000008002066      0x14e Drivers/STM32F4xx_HAL_Driver/Src/stm32f4xx_hal_adc.o
                0x0000000008002066                HAL_ADC_IRQHandler
 .text.ADC_DMAError
                0x00000000080021b4       0x16 Drivers/STM32F4xx_HAL_Driver/Src/stm32f4xx_hal_adc.o
 .text.ADC_DMAConvCplt
                0x00000000080021ca       0x72 Drivers/STM32F4xx_HAL_Driver/Src/stm32f4xx_hal_adc.o
 .text.HAL_ADC_ConfigChannel
                0x000000000800223c      0x190 Drivers/STM32F4xx_HAL_Driver/Src/stm32f4xx_hal_adc.o
                0x000000000800223c                HAL_ADC_ConfigChannel
 .text.HAL_ADCEx_InjectedStart
                0x00000000080023cc       0xf4 Drivers/STM32F4xx_HAL_Driver/Src/stm32f4xx_hal_adc_ex.o
                0x00000000080023cc                HAL_ADCEx_InjectedStart
 .text.HAL_ADCEx_InjectedStart_IT
                0x00000000080024c0       0xfc Drivers/STM32F4xx_HAL_Driver/Src/stm32f4xx_hal_adc_ex.o
                0x00000000080024c0                HAL_ADCEx_InjectedStart_IT
 .text.HAL_ADCEx_InjectedConfigChannel
                0x00000000080025bc      0x20c Drivers/STM32F4xx_HAL_Driver/Src/stm32f4xx_hal_adc_ex.o
                0x00000000080025bc                HAL_ADCEx_InjectedConfigChannel
 .text.HAL_NVIC_SetPriorityGrouping
                0x00000000080027c8       0x24 Drivers/STM32F4xx_HAL_Driver/Src/stm32f4xx_hal_cortex.o
                0x00000000080027c8                HAL_NVIC_SetPriorityGrouping
 .text.HAL_NVIC_SetPriority
                0x00000000080027ec       0x68 Drivers/STM32F4xx_HAL_Driver/Src/stm32f4xx_hal_cortex.o
                0x00000000080027ec                HAL_NVIC_SetPriority
 .text.HAL_NVIC_EnableIRQ
                0x0000000008002854       0x1c Drivers/STM32F4xx_HAL_Driver/Src/stm32f4xx_hal_cortex.o
                0x0000000008002854                HAL_NVIC_EnableIRQ
 .text.DMA_SetConfig
                0x0000000008002870       0x2c Drivers/STM32F4xx_HAL_Driver/Src/stm32f4xx_hal_dma.o
 .text.DMA_CalcBaseAndBitshift
                0x000000000800289c       0x3c Drivers/STM32F4xx_HAL_Driver/Src/stm32f4xx_hal_dma.o
 .text.DMA_CheckFifoParam
                0x00000000080028d8       0x8e Drivers/STM32F4xx_HAL_Driver/Src/stm32f4xx_hal_dma.o
 *fill*         0x0000000008002966        0x2 
 .text.HAL_DMA_Init
                0x0000000008002968       0xcc Drivers/STM32F4xx_HAL_Driver/Src/stm32f4xx_hal_dma.o
                0x0000000008002968                HAL_DMA_Init
 .text.HAL_DMA_Start_IT
                0x0000000008002a34       0x6a Drivers/STM32F4xx_HAL_Driver/Src/stm32f4xx_hal_dma.o
                0x0000000008002a34                HAL_DMA_Start_IT
 .text.HAL_DMA_Abort_IT
                0x0000000008002a9e       0x26 Drivers/STM32F4xx_HAL_Driver/Src/stm32f4xx_hal_dma.o
                0x0000000008002a9e                HAL_DMA_Abort_IT
 .text.HAL_DMA_IRQHandler
                0x0000000008002ac4      0x1dc Drivers/STM32F4xx_HAL_Driver/Src/stm32f4xx_hal_dma.o
                0x0000000008002ac4                HAL_DMA_IRQHandler
 .text.HAL_DMA_GetState
                0x0000000008002ca0        0x6 Drivers/STM32F4xx_HAL_Driver/Src/stm32f4xx_hal_dma.o
                0x0000000008002ca0                HAL_DMA_GetState
 .text.HAL_DMA_GetError
                0x0000000008002ca6        0x4 Drivers/STM32F4xx_HAL_Driver/Src/stm32f4xx_hal_dma.o
                0x0000000008002ca6                HAL_DMA_GetError
 *fill*         0x0000000008002caa        0x2 
 .text.HAL_GPIO_Init
                0x0000000008002cac      0x1a4 Drivers/STM32F4xx_HAL_Driver/Src/stm32f4xx_hal_gpio.o
                0x0000000008002cac                HAL_GPIO_Init
 .text.HAL_GPIO_ReadPin
                0x0000000008002e50        0xe Drivers/STM32F4xx_HAL_Driver/Src/stm32f4xx_hal_gpio.o
                0x0000000008002e50                HAL_GPIO_ReadPin
 .text.HAL_GPIO_WritePin
                0x0000000008002e5e        0xc Drivers/STM32F4xx_HAL_Driver/Src/stm32f4xx_hal_gpio.o
                0x0000000008002e5e                HAL_GPIO_WritePin
 *fill*         0x0000000008002e6a        0x2 
 .text.HAL_GPIO_EXTI_IRQHandler
                0x0000000008002e6c       0x1c Drivers/STM32F4xx_HAL_Driver/Src/stm32f4xx_hal_gpio.o
                0x0000000008002e6c                HAL_GPIO_EXTI_IRQHandler
 .text.I2C_Master_SB
                0x0000000008002e88       0xaa Drivers/STM32F4xx_HAL_Driver/Src/stm32f4xx_hal_i2c.o
 .text.I2C_Master_ADD10
                0x0000000008002f32       0x2e Drivers/STM32F4xx_HAL_Driver/Src/stm32f4xx_hal_i2c.o
 .text.I2C_Master_ADDR
                0x0000000008002f60      0x206 Drivers/STM32F4xx_HAL_Driver/Src/stm32f4xx_hal_i2c.o
 .text.I2C_SlaveTransmit_BTF
                0x0000000008003166       0x1e Drivers/STM32F4xx_HAL_Driver/Src/stm32f4xx_hal_i2c.o
 .text.I2C_SlaveReceive_BTF
                0x0000000008003184       0x1e Drivers/STM32F4xx_HAL_Driver/Src/stm32f4xx_hal_i2c.o
 *fill*         0x00000000080031a2        0x2 
 .text.I2C_WaitOnSTOPRequestThroughIT
                0x00000000080031a4       0x48 Drivers/STM32F4xx_HAL_Driver/Src/stm32f4xx_hal_i2c.o
 .text.I2C_IsAcknowledgeFailed
                0x00000000080031ec       0x32 Drivers/STM32F4xx_HAL_Driver/Src/stm32f4xx_hal_i2c.o
 .text.I2C_ConvertOtherXferOptions
                0x000000000800321e       0x1e Drivers/STM32F4xx_HAL_Driver/Src/stm32f4xx_hal_i2c.o
 .text.I2C_WaitOnFlagUntilTimeout
                0x000000000800323c       0x70 Drivers/STM32F4xx_HAL_Driver/Src/stm32f4xx_hal_i2c.o
 .text.I2C_WaitOnMasterAddressFlagUntilTimeout
                0x00000000080032ac       0xa4 Drivers/STM32F4xx_HAL_Driver/Src/stm32f4xx_hal_i2c.o
 .text.I2C_MasterRequestWrite
                0x0000000008003350       0xbc Drivers/STM32F4xx_HAL_Driver/Src/stm32f4xx_hal_i2c.o
 .text.I2C_WaitOnTXEFlagUntilTimeout
                0x000000000800340c       0x54 Drivers/STM32F4xx_HAL_Driver/Src/stm32f4xx_hal_i2c.o
 .text.I2C_RequestMemoryWrite
                0x0000000008003460       0xdc Drivers/STM32F4xx_HAL_Driver/Src/stm32f4xx_hal_i2c.o
 .text.I2C_RequestMemoryRead
                0x000000000800353c      0x160 Drivers/STM32F4xx_HAL_Driver/Src/stm32f4xx_hal_i2c.o
 .text.I2C_WaitOnBTFFlagUntilTimeout
                0x000000000800369c       0x54 Drivers/STM32F4xx_HAL_Driver/Src/stm32f4xx_hal_i2c.o
 .text.I2C_WaitOnRXNEFlagUntilTimeout
                0x00000000080036f0       0x6a Drivers/STM32F4xx_HAL_Driver/Src/stm32f4xx_hal_i2c.o
 *fill*         0x000000000800375a        0x2 
 .text.HAL_I2C_Init
                0x000000000800375c      0x1b4 Drivers/STM32F4xx_HAL_Driver/Src/stm32f4xx_hal_i2c.o
                0x000000000800375c                HAL_I2C_Init
 .text.HAL_I2C_Master_Transmit
                0x0000000008003910      0x174 Drivers/STM32F4xx_HAL_Driver/Src/stm32f4xx_hal_i2c.o
                0x0000000008003910                HAL_I2C_Master_Transmit
 .text.HAL_I2C_Master_Transmit_DMA
                0x0000000008003a84      0x170 Drivers/STM32F4xx_HAL_Driver/Src/stm32f4xx_hal_i2c.o
                0x0000000008003a84                HAL_I2C_Master_Transmit_DMA
 .text.HAL_I2C_Mem_Write
                0x0000000008003bf4      0x168 Drivers/STM32F4xx_HAL_Driver/Src/stm32f4xx_hal_i2c.o
                0x0000000008003bf4                HAL_I2C_Mem_Write
 .text.HAL_I2C_Mem_Read
                0x0000000008003d5c      0x2d0 Drivers/STM32F4xx_HAL_Driver/Src/stm32f4xx_hal_i2c.o
                0x0000000008003d5c                HAL_I2C_Mem_Read
 .text.I2C_MasterTransmit_BTF
                0x000000000800402c       0x84 Drivers/STM32F4xx_HAL_Driver/Src/stm32f4xx_hal_i2c.o
 .text.HAL_I2C_SlaveTxCpltCallback
                0x00000000080040b0        0x2 Drivers/STM32F4xx_HAL_Driver/Src/stm32f4xx_hal_i2c.o
                0x00000000080040b0                HAL_I2C_SlaveTxCpltCallback
 .text.I2C_SlaveTransmit_TXE
                0x00000000080040b2       0x4a Drivers/STM32F4xx_HAL_Driver/Src/stm32f4xx_hal_i2c.o
 .text.HAL_I2C_SlaveRxCpltCallback
                0x00000000080040fc        0x2 Drivers/STM32F4xx_HAL_Driver/Src/stm32f4xx_hal_i2c.o
                0x00000000080040fc                HAL_I2C_SlaveRxCpltCallback
 .text.I2C_SlaveReceive_RXNE
                0x00000000080040fe       0x4a Drivers/STM32F4xx_HAL_Driver/Src/stm32f4xx_hal_i2c.o
 .text.HAL_I2C_AddrCallback
                0x0000000008004148        0x2 Drivers/STM32F4xx_HAL_Driver/Src/stm32f4xx_hal_i2c.o
                0x0000000008004148                HAL_I2C_AddrCallback
 .text.I2C_Slave_ADDR
                0x000000000800414a       0x4e Drivers/STM32F4xx_HAL_Driver/Src/stm32f4xx_hal_i2c.o
 .text.HAL_I2C_ListenCpltCallback
                0x0000000008004198        0x2 Drivers/STM32F4xx_HAL_Driver/Src/stm32f4xx_hal_i2c.o
                0x0000000008004198                HAL_I2C_ListenCpltCallback
 *fill*         0x000000000800419a        0x2 
 .text.I2C_Slave_AF
                0x000000000800419c       0x94 Drivers/STM32F4xx_HAL_Driver/Src/stm32f4xx_hal_i2c.o
 .text.I2C_MemoryTransmit_TXE_BTF
                0x0000000008004230       0xb6 Drivers/STM32F4xx_HAL_Driver/Src/stm32f4xx_hal_i2c.o
 .text.I2C_MasterTransmit_TXE
                0x00000000080042e6       0xce Drivers/STM32F4xx_HAL_Driver/Src/stm32f4xx_hal_i2c.o
 .text.I2C_MasterReceive_BTF
                0x00000000080043b4      0x11e Drivers/STM32F4xx_HAL_Driver/Src/stm32f4xx_hal_i2c.o
 .text.I2C_DMAError
                0x00000000080044d2       0x44 Drivers/STM32F4xx_HAL_Driver/Src/stm32f4xx_hal_i2c.o
 .text.I2C_DMAXferCplt
                0x0000000008004516      0x122 Drivers/STM32F4xx_HAL_Driver/Src/stm32f4xx_hal_i2c.o
 .text.I2C_MasterReceive_RXNE
                0x0000000008004638       0xe2 Drivers/STM32F4xx_HAL_Driver/Src/stm32f4xx_hal_i2c.o
 *fill*         0x000000000800471a        0x2 
 .text.I2C_DMAAbort
                0x000000000800471c       0xe4 Drivers/STM32F4xx_HAL_Driver/Src/stm32f4xx_hal_i2c.o
 .text.I2C_ITError
                0x0000000008004800      0x178 Drivers/STM32F4xx_HAL_Driver/Src/stm32f4xx_hal_i2c.o
 .text.I2C_Slave_STOPF
                0x0000000008004978      0x188 Drivers/STM32F4xx_HAL_Driver/Src/stm32f4xx_hal_i2c.o
 .text.HAL_I2C_EV_IRQHandler
                0x0000000008004b00      0x19a Drivers/STM32F4xx_HAL_Driver/Src/stm32f4xx_hal_i2c.o
                0x0000000008004b00                HAL_I2C_EV_IRQHandler
 .text.HAL_I2C_ER_IRQHandler
                0x0000000008004c9a       0xc4 Drivers/STM32F4xx_HAL_Driver/Src/stm32f4xx_hal_i2c.o
                0x0000000008004c9a                HAL_I2C_ER_IRQHandler
 .text.HAL_IWDG_Refresh
                0x0000000008004d5e        0xc Drivers/STM32F4xx_HAL_Driver/Src/stm32f4xx_hal_iwdg.o
                0x0000000008004d5e                HAL_IWDG_Refresh
 .text.PCD_WriteEmptyTxFifo
                0x0000000008004d6a       0xd4 Drivers/STM32F4xx_HAL_Driver/Src/stm32f4xx_hal_pcd.o
 .text.HAL_PCD_Init
                0x0000000008004e3e      0x122 Drivers/STM32F4xx_HAL_Driver/Src/stm32f4xx_hal_pcd.o
                0x0000000008004e3e                HAL_PCD_Init
 .text.HAL_PCD_Start
                0x0000000008004f60       0x42 Drivers/STM32F4xx_HAL_Driver/Src/stm32f4xx_hal_pcd.o
                0x0000000008004f60                HAL_PCD_Start
 *fill*         0x0000000008004fa2        0x2 
 .text.PCD_EP_OutXfrComplete_int
                0x0000000008004fa4      0x100 Drivers/STM32F4xx_HAL_Driver/Src/stm32f4xx_hal_pcd.o
 .text.PCD_EP_OutSetupPacket_int
                0x00000000080050a4       0x50 Drivers/STM32F4xx_HAL_Driver/Src/stm32f4xx_hal_pcd.o
 .text.HAL_PCD_IRQHandler
                0x00000000080050f4      0x4a6 Drivers/STM32F4xx_HAL_Driver/Src/stm32f4xx_hal_pcd.o
                0x00000000080050f4                HAL_PCD_IRQHandler
 .text.HAL_PCD_SetAddress
                0x000000000800559a       0x28 Drivers/STM32F4xx_HAL_Driver/Src/stm32f4xx_hal_pcd.o
                0x000000000800559a                HAL_PCD_SetAddress
 .text.HAL_PCD_EP_Open
                0x00000000080055c2       0x82 Drivers/STM32F4xx_HAL_Driver/Src/stm32f4xx_hal_pcd.o
                0x00000000080055c2                HAL_PCD_EP_Open
 .text.HAL_PCD_EP_Close
                0x0000000008005644       0x6e Drivers/STM32F4xx_HAL_Driver/Src/stm32f4xx_hal_pcd.o
                0x0000000008005644                HAL_PCD_EP_Close
 .text.HAL_PCD_EP_Receive
                0x00000000080056b2       0x5c Drivers/STM32F4xx_HAL_Driver/Src/stm32f4xx_hal_pcd.o
                0x00000000080056b2                HAL_PCD_EP_Receive
 .text.HAL_PCD_EP_GetRxCount
                0x000000000800570e       0x12 Drivers/STM32F4xx_HAL_Driver/Src/stm32f4xx_hal_pcd.o
                0x000000000800570e                HAL_PCD_EP_GetRxCount
 .text.HAL_PCD_EP_Transmit
                0x0000000008005720       0x54 Drivers/STM32F4xx_HAL_Driver/Src/stm32f4xx_hal_pcd.o
                0x0000000008005720                HAL_PCD_EP_Transmit
 .text.HAL_PCD_EP_SetStall
                0x0000000008005774       0x82 Drivers/STM32F4xx_HAL_Driver/Src/stm32f4xx_hal_pcd.o
                0x0000000008005774                HAL_PCD_EP_SetStall
 .text.HAL_PCD_EP_ClrStall
                0x00000000080057f6       0x6e Drivers/STM32F4xx_HAL_Driver/Src/stm32f4xx_hal_pcd.o
                0x00000000080057f6                HAL_PCD_EP_ClrStall
 .text.HAL_PCDEx_SetTxFiFo
                0x0000000008005864       0x48 Drivers/STM32F4xx_HAL_Driver/Src/stm32f4xx_hal_pcd_ex.o
                0x0000000008005864                HAL_PCDEx_SetTxFiFo
 .text.HAL_PCDEx_SetRxFiFo
                0x00000000080058ac        0x8 Drivers/STM32F4xx_HAL_Driver/Src/stm32f4xx_hal_pcd_ex.o
                0x00000000080058ac                HAL_PCDEx_SetRxFiFo
 .text.HAL_PCDEx_LPM_Callback
                0x00000000080058b4        0x2 Drivers/STM32F4xx_HAL_Driver/Src/stm32f4xx_hal_pcd_ex.o
                0x00000000080058b4                HAL_PCDEx_LPM_Callback
 *fill*         0x00000000080058b6        0x2 
 .text.HAL_RCC_OscConfig
                0x00000000080058b8      0x3ec Drivers/STM32F4xx_HAL_Driver/Src/stm32f4xx_hal_rcc.o
                0x00000000080058b8                HAL_RCC_OscConfig
 .text.HAL_RCC_GetSysClockFreq
                0x0000000008005ca4       0xd8 Drivers/STM32F4xx_HAL_Driver/Src/stm32f4xx_hal_rcc.o
                0x0000000008005ca4                HAL_RCC_GetSysClockFreq
 .text.HAL_RCC_ClockConfig
                0x0000000008005d7c      0x160 Drivers/STM32F4xx_HAL_Driver/Src/stm32f4xx_hal_rcc.o
                0x0000000008005d7c                HAL_RCC_ClockConfig
 .text.HAL_RCC_GetHCLKFreq
                0x0000000008005edc        0xc Drivers/STM32F4xx_HAL_Driver/Src/stm32f4xx_hal_rcc.o
                0x0000000008005edc                HAL_RCC_GetHCLKFreq
 .text.HAL_RCC_GetPCLK1Freq
                0x0000000008005ee8       0x20 Drivers/STM32F4xx_HAL_Driver/Src/stm32f4xx_hal_rcc.o
                0x0000000008005ee8                HAL_RCC_GetPCLK1Freq
 .text.HAL_RCC_GetClockConfig
                0x0000000008005f08       0x3c Drivers/STM32F4xx_HAL_Driver/Src/stm32f4xx_hal_rcc.o
                0x0000000008005f08                HAL_RCC_GetClockConfig
 .text.TIM_OC1_SetConfig
                0x0000000008005f44       0x5c Drivers/STM32F4xx_HAL_Driver/Src/stm32f4xx_hal_tim.o
 .text.TIM_OC3_SetConfig
                0x0000000008005fa0       0x64 Drivers/STM32F4xx_HAL_Driver/Src/stm32f4xx_hal_tim.o
 .text.TIM_OC4_SetConfig
                0x0000000008006004       0x48 Drivers/STM32F4xx_HAL_Driver/Src/stm32f4xx_hal_tim.o
 .text.HAL_TIM_Base_MspInit
                0x000000000800604c        0x2 Drivers/STM32F4xx_HAL_Driver/Src/stm32f4xx_hal_tim.o
                0x000000000800604c                HAL_TIM_Base_MspInit
 .text.HAL_TIM_Base_Start_IT
                0x000000000800604e       0x22 Drivers/STM32F4xx_HAL_Driver/Src/stm32f4xx_hal_tim.o
                0x000000000800604e                HAL_TIM_Base_Start_IT
 .text.HAL_TIM_OC_DelayElapsedCallback
                0x0000000008006070        0x2 Drivers/STM32F4xx_HAL_Driver/Src/stm32f4xx_hal_tim.o
                0x0000000008006070                HAL_TIM_OC_DelayElapsedCallback
 .text.HAL_TIM_IC_CaptureCallback
                0x0000000008006072        0x2 Drivers/STM32F4xx_HAL_Driver/Src/stm32f4xx_hal_tim.o
                0x0000000008006072                HAL_TIM_IC_CaptureCallback
 .text.HAL_TIM_TriggerCallback
                0x0000000008006074        0x2 Drivers/STM32F4xx_HAL_Driver/Src/stm32f4xx_hal_tim.o
                0x0000000008006074                HAL_TIM_TriggerCallback
 .text.HAL_TIM_IRQHandler
                0x0000000008006076      0x17a Drivers/STM32F4xx_HAL_Driver/Src/stm32f4xx_hal_tim.o
                0x0000000008006076                HAL_TIM_IRQHandler
 .text.TIM_Base_SetConfig
                0x00000000080061f0       0x9c Drivers/STM32F4xx_HAL_Driver/Src/stm32f4xx_hal_tim.o
                0x00000000080061f0                TIM_Base_SetConfig
 .text.HAL_TIM_Base_Init
                0x000000000800628c       0x32 Drivers/STM32F4xx_HAL_Driver/Src/stm32f4xx_hal_tim.o
                0x000000000800628c                HAL_TIM_Base_Init
 .text.HAL_TIM_PWM_Init
                0x00000000080062be       0x32 Drivers/STM32F4xx_HAL_Driver/Src/stm32f4xx_hal_tim.o
                0x00000000080062be                HAL_TIM_PWM_Init
 .text.TIM_OC2_SetConfig
                0x00000000080062f0       0x64 Drivers/STM32F4xx_HAL_Driver/Src/stm32f4xx_hal_tim.o
                0x00000000080062f0                TIM_OC2_SetConfig
 .text.HAL_TIM_PWM_ConfigChannel
                0x0000000008006354       0xdc Drivers/STM32F4xx_HAL_Driver/Src/stm32f4xx_hal_tim.o
                0x0000000008006354                HAL_TIM_PWM_ConfigChannel
 .text.TIM_CCxChannelCmd
                0x0000000008006430       0x22 Drivers/STM32F4xx_HAL_Driver/Src/stm32f4xx_hal_tim.o
                0x0000000008006430                TIM_CCxChannelCmd
 *fill*         0x0000000008006452        0x2 
 .text.HAL_TIM_PWM_Start
                0x0000000008006454       0x3c Drivers/STM32F4xx_HAL_Driver/Src/stm32f4xx_hal_tim.o
                0x0000000008006454                HAL_TIM_PWM_Start
 .text.HAL_TIM_PWM_Stop
                0x0000000008006490       0x60 Drivers/STM32F4xx_HAL_Driver/Src/stm32f4xx_hal_tim.o
                0x0000000008006490                HAL_TIM_PWM_Stop
 .text.HAL_TIM_PWM_Start_IT
                0x00000000080064f0       0x80 Drivers/STM32F4xx_HAL_Driver/Src/stm32f4xx_hal_tim.o
                0x00000000080064f0                HAL_TIM_PWM_Start_IT
 .text.HAL_TIMEx_MasterConfigSynchronization
                0x0000000008006570       0x78 Drivers/STM32F4xx_HAL_Driver/Src/stm32f4xx_hal_tim_ex.o
                0x0000000008006570                HAL_TIMEx_MasterConfigSynchronization
 .text.HAL_TIMEx_ConfigBreakDeadTime
                0x00000000080065e8       0x52 Drivers/STM32F4xx_HAL_Driver/Src/stm32f4xx_hal_tim_ex.o
                0x00000000080065e8                HAL_TIMEx_ConfigBreakDeadTime
 .text.HAL_TIMEx_CommutCallback
                0x000000000800663a        0x2 Drivers/STM32F4xx_HAL_Driver/Src/stm32f4xx_hal_tim_ex.o
                0x000000000800663a                HAL_TIMEx_CommutCallback
 .text.HAL_TIMEx_BreakCallback
                0x000000000800663c        0x2 Drivers/STM32F4xx_HAL_Driver/Src/stm32f4xx_hal_tim_ex.o
                0x000000000800663c                HAL_TIMEx_BreakCallback
 *fill*         0x000000000800663e        0x2 
 .text.USB_CoreReset
                0x0000000008006640       0x3c Drivers/STM32F4xx_HAL_Driver/Src/stm32f4xx_ll_usb.o
 .text.USB_CoreInit
                0x000000000800667c       0x8a Drivers/STM32F4xx_HAL_Driver/Src/stm32f4xx_ll_usb.o
                0x000000000800667c                USB_CoreInit
 *fill*         0x0000000008006706        0x2 
 .text.USB_SetTurnaroundTime
                0x0000000008006708       0xec Drivers/STM32F4xx_HAL_Driver/Src/stm32f4xx_ll_usb.o
                0x0000000008006708                USB_SetTurnaroundTime
 .text.USB_EnableGlobalInt
                0x00000000080067f4        0xc Drivers/STM32F4xx_HAL_Driver/Src/stm32f4xx_ll_usb.o
                0x00000000080067f4                USB_EnableGlobalInt
 .text.USB_DisableGlobalInt
                0x0000000008006800        0xc Drivers/STM32F4xx_HAL_Driver/Src/stm32f4xx_ll_usb.o
                0x0000000008006800                USB_DisableGlobalInt
 .text.USB_SetCurrentMode
                0x000000000800680c       0x30 Drivers/STM32F4xx_HAL_Driver/Src/stm32f4xx_ll_usb.o
                0x000000000800680c                USB_SetCurrentMode
 .text.USB_FlushTxFifo
                0x000000000800683c       0x28 Drivers/STM32F4xx_HAL_Driver/Src/stm32f4xx_ll_usb.o
                0x000000000800683c                USB_FlushTxFifo
 .text.USB_FlushRxFifo
                0x0000000008006864       0x24 Drivers/STM32F4xx_HAL_Driver/Src/stm32f4xx_ll_usb.o
                0x0000000008006864                USB_FlushRxFifo
 .text.USB_SetDevSpeed
                0x0000000008006888        0xe Drivers/STM32F4xx_HAL_Driver/Src/stm32f4xx_ll_usb.o
                0x0000000008006888                USB_SetDevSpeed
 *fill*         0x0000000008006896        0x2 
 .text.USB_DevInit
                0x0000000008006898      0x190 Drivers/STM32F4xx_HAL_Driver/Src/stm32f4xx_ll_usb.o
                0x0000000008006898                USB_DevInit
 .text.USB_GetDevSpeed
                0x0000000008006a28       0x22 Drivers/STM32F4xx_HAL_Driver/Src/stm32f4xx_ll_usb.o
                0x0000000008006a28                USB_GetDevSpeed
 .text.USB_ActivateEndpoint
                0x0000000008006a4a       0x94 Drivers/STM32F4xx_HAL_Driver/Src/stm32f4xx_ll_usb.o
                0x0000000008006a4a                USB_ActivateEndpoint
 *fill*         0x0000000008006ade        0x2 
 .text.USB_DeactivateEndpoint
                0x0000000008006ae0       0xdc Drivers/STM32F4xx_HAL_Driver/Src/stm32f4xx_ll_usb.o
                0x0000000008006ae0                USB_DeactivateEndpoint
 .text.USB_EP0StartXfer
                0x0000000008006bbc      0x11c Drivers/STM32F4xx_HAL_Driver/Src/stm32f4xx_ll_usb.o
                0x0000000008006bbc                USB_EP0StartXfer
 .text.USB_WritePacket
                0x0000000008006cd8       0x28 Drivers/STM32F4xx_HAL_Driver/Src/stm32f4xx_ll_usb.o
                0x0000000008006cd8                USB_WritePacket
 .text.USB_EPStartXfer
                0x0000000008006d00      0x21c Drivers/STM32F4xx_HAL_Driver/Src/stm32f4xx_ll_usb.o
                0x0000000008006d00                USB_EPStartXfer
 .text.USB_ReadPacket
                0x0000000008006f1c       0x28 Drivers/STM32F4xx_HAL_Driver/Src/stm32f4xx_ll_usb.o
                0x0000000008006f1c                USB_ReadPacket
 .text.USB_EPSetStall
                0x0000000008006f44       0x5a Drivers/STM32F4xx_HAL_Driver/Src/stm32f4xx_ll_usb.o
                0x0000000008006f44                USB_EPSetStall
 .text.USB_EPClearStall
                0x0000000008006f9e       0x5c Drivers/STM32F4xx_HAL_Driver/Src/stm32f4xx_ll_usb.o
                0x0000000008006f9e                USB_EPClearStall
 .text.USB_SetDevAddress
                0x0000000008006ffa       0x20 Drivers/STM32F4xx_HAL_Driver/Src/stm32f4xx_ll_usb.o
                0x0000000008006ffa                USB_SetDevAddress
 .text.USB_DevConnect
                0x000000000800701a       0x1c Drivers/STM32F4xx_HAL_Driver/Src/stm32f4xx_ll_usb.o
                0x000000000800701a                USB_DevConnect
 .text.USB_DevDisconnect
                0x0000000008007036       0x1c Drivers/STM32F4xx_HAL_Driver/Src/stm32f4xx_ll_usb.o
                0x0000000008007036                USB_DevDisconnect
 .text.USB_ReadInterrupts
                0x0000000008007052        0x8 Drivers/STM32F4xx_HAL_Driver/Src/stm32f4xx_ll_usb.o
                0x0000000008007052                USB_ReadInterrupts
 .text.USB_ReadDevAllOutEpInterrupt
                0x000000000800705a       0x10 Drivers/STM32F4xx_HAL_Driver/Src/stm32f4xx_ll_usb.o
                0x000000000800705a                USB_ReadDevAllOutEpInterrupt
 .text.USB_ReadDevAllInEpInterrupt
                0x000000000800706a       0x10 Drivers/STM32F4xx_HAL_Driver/Src/stm32f4xx_ll_usb.o
                0x000000000800706a                USB_ReadDevAllInEpInterrupt
 .text.USB_ReadDevOutEPInterrupt
                0x000000000800707a       0x12 Drivers/STM32F4xx_HAL_Driver/Src/stm32f4xx_ll_usb.o
                0x000000000800707a                USB_ReadDevOutEPInterrupt
 .text.USB_ReadDevInEPInterrupt
                0x000000000800708c       0x28 Drivers/STM32F4xx_HAL_Driver/Src/stm32f4xx_ll_usb.o
                0x000000000800708c                USB_ReadDevInEPInterrupt
 .text.USB_GetMode
                0x00000000080070b4        0x8 Drivers/STM32F4xx_HAL_Driver/Src/stm32f4xx_ll_usb.o
                0x00000000080070b4                USB_GetMode
 .text.USB_ActivateSetup
                0x00000000080070bc       0x20 Drivers/STM32F4xx_HAL_Driver/Src/stm32f4xx_ll_usb.o
                0x00000000080070bc                USB_ActivateSetup
 .text.USB_EP0_OutStart
                0x00000000080070dc       0x60 Drivers/STM32F4xx_HAL_Driver/Src/stm32f4xx_ll_usb.o
                0x00000000080070dc                USB_EP0_OutStart
 .text._Z24fusb302_start_processingv
                0x000000000800713c       0x1c HARDWARE/FUSB302/fusbpd.o
                0x000000000800713c                fusb302_start_processing()
 .text._ZN16InterruptHandler6ThreadEPKv
                0x0000000008007158       0xa0 HARDWARE/FUSB302/int_n.o
                0x0000000008007158                InterruptHandler::Thread(void const*)
 .text._ZN16InterruptHandler4initEv
                0x00000000080071f8       0x2c HARDWARE/FUSB302/int_n.o
                0x00000000080071f8                InterruptHandler::init()
 .text._ZN16InterruptHandler11irqCallbackEv
                0x0000000008007224       0x48 HARDWARE/FUSB302/int_n.o
                0x0000000008007224                InterruptHandler::irqCallback()
 .text._ZN12PolicyEngine4initEv
                0x000000000800726c       0x60 HARDWARE/FUSB302/policy_engine.o
                0x000000000800726c                PolicyEngine::init()
 .text._ZN12PolicyEngine6notifyEm
                0x00000000080072cc       0x18 HARDWARE/FUSB302/policy_engine.o
                0x00000000080072cc                PolicyEngine::notify(unsigned long)
 .text._ZN12PolicyEngine15pe_sink_startupEv
                0x00000000080072e4       0x10 HARDWARE/FUSB302/policy_engine.o
                0x00000000080072e4                PolicyEngine::pe_sink_startup()
 .text._ZN12PolicyEngine17pe_sink_discoveryEv
                0x00000000080072f4        0x4 HARDWARE/FUSB302/policy_engine.o
                0x00000000080072f4                PolicyEngine::pe_sink_discovery()
 .text._ZN12PolicyEngine16pe_sink_eval_capEv
                0x00000000080072f8       0x64 HARDWARE/FUSB302/policy_engine.o
                0x00000000080072f8                PolicyEngine::pe_sink_eval_cap()
 .text._ZN12PolicyEngine18pe_sink_hard_resetEv
                0x000000000800735c       0x1c HARDWARE/FUSB302/policy_engine.o
                0x000000000800735c                PolicyEngine::pe_sink_hard_reset()
 .text._ZN12PolicyEngine26pe_sink_transition_defaultEv
                0x0000000008007378       0x14 HARDWARE/FUSB302/policy_engine.o
                0x0000000008007378                PolicyEngine::pe_sink_transition_default()
 .text._ZN12PolicyEngine30pe_sink_not_supported_receivedEv
                0x000000000800738c        0x4 HARDWARE/FUSB302/policy_engine.o
                0x000000000800738c                PolicyEngine::pe_sink_not_supported_received()
 .text._ZN12PolicyEngine27pe_sink_source_unresponsiveEv
                0x0000000008007390        0xe HARDWARE/FUSB302/policy_engine.o
                0x0000000008007390                PolicyEngine::pe_sink_source_unresponsive()
 *fill*         0x000000000800739e        0x2 
 .text._ZN12PolicyEngine12waitForEventEmm
                0x00000000080073a0       0x20 HARDWARE/FUSB302/policy_engine.o
                0x00000000080073a0                PolicyEngine::waitForEvent(unsigned long, unsigned long)
 .text._ZN12PolicyEngine16pe_sink_wait_capEv
                0x00000000080073c0       0x98 HARDWARE/FUSB302/policy_engine.o
                0x00000000080073c0                PolicyEngine::pe_sink_wait_cap()
 .text._ZN12PolicyEngine18pe_sink_select_capEv
                0x0000000008007458       0xb8 HARDWARE/FUSB302/policy_engine.o
                0x0000000008007458                PolicyEngine::pe_sink_select_cap()
 .text._ZN12PolicyEngine23pe_sink_transition_sinkEv
                0x0000000008007510       0x5c HARDWARE/FUSB302/policy_engine.o
                0x0000000008007510                PolicyEngine::pe_sink_transition_sink()
 .text._ZN12PolicyEngine13pe_sink_readyEv
                0x000000000800756c      0x130 HARDWARE/FUSB302/policy_engine.o
                0x000000000800756c                PolicyEngine::pe_sink_ready()
 .text._ZN12PolicyEngine22pe_sink_get_source_capEv
                0x000000000800769c       0x44 HARDWARE/FUSB302/policy_engine.o
                0x000000000800769c                PolicyEngine::pe_sink_get_source_cap()
 .text._ZN12PolicyEngine21pe_sink_give_sink_capEv
                0x00000000080076e0       0x3c HARDWARE/FUSB302/policy_engine.o
                0x00000000080076e0                PolicyEngine::pe_sink_give_sink_cap()
 .text._ZN12PolicyEngine18pe_sink_soft_resetEv
                0x000000000800771c       0x48 HARDWARE/FUSB302/policy_engine.o
                0x000000000800771c                PolicyEngine::pe_sink_soft_reset()
 .text._ZN12PolicyEngine23pe_sink_send_soft_resetEv
                0x0000000008007764       0x94 HARDWARE/FUSB302/policy_engine.o
                0x0000000008007764                PolicyEngine::pe_sink_send_soft_reset()
 .text._ZN12PolicyEngine26pe_sink_send_not_supportedEv
                0x00000000080077f8       0x5c HARDWARE/FUSB302/policy_engine.o
                0x00000000080077f8                PolicyEngine::pe_sink_send_not_supported()
 .text._ZN12PolicyEngine22pe_sink_chunk_receivedEv
                0x0000000008007854       0x1a HARDWARE/FUSB302/policy_engine.o
                0x0000000008007854                PolicyEngine::pe_sink_chunk_received()
 *fill*         0x000000000800786e        0x2 
 .text._ZN12PolicyEngine7pe_taskEPKv
                0x0000000008007870      0x130 HARDWARE/FUSB302/policy_engine.o
                0x0000000008007870                PolicyEngine::pe_task(void const*)
 .text._ZL29dpm_get_range_fixed_pdo_indexPK6pd_msg
                0x00000000080079a0       0x62 HARDWARE/FUSB302/policy_engine_user.o
 *fill*         0x0000000008007a02        0x2 
 .text._ZN12PolicyEngine28pdbs_dpm_evaluate_capabilityEPK6pd_msgPS0_
                0x0000000008007a04      0x124 HARDWARE/FUSB302/policy_engine_user.o
                0x0000000008007a04                PolicyEngine::pdbs_dpm_evaluate_capability(pd_msg const*, pd_msg*)
 .text._ZN12PolicyEngine28pdbs_dpm_get_sink_capabilityEP6pd_msg
                0x0000000008007b28       0xe4 HARDWARE/FUSB302/policy_engine_user.o
                0x0000000008007b28                PolicyEngine::pdbs_dpm_get_sink_capability(pd_msg*)
 .text._ZN12PolicyEngine27pdbs_dpm_transition_defaultEv
                0x0000000008007c0c       0x18 HARDWARE/FUSB302/policy_engine_user.o
                0x0000000008007c0c                PolicyEngine::pdbs_dpm_transition_default()
 .text._ZN12PolicyEngine29pdbs_dpm_transition_requestedEv
                0x0000000008007c24        0xc HARDWARE/FUSB302/policy_engine_user.o
                0x0000000008007c24                PolicyEngine::pdbs_dpm_transition_requested()
 .text._ZN12PolicyEngine13handleMessageEP6pd_msg
                0x0000000008007c30       0x18 HARDWARE/FUSB302/policy_engine_user.o
                0x0000000008007c30                PolicyEngine::handleMessage(pd_msg*)
 .text._ZN12PolicyEngine14messageWaitingEv
                0x0000000008007c48       0x18 HARDWARE/FUSB302/policy_engine_user.o
                0x0000000008007c48                PolicyEngine::messageWaiting()
 .text._ZN12PolicyEngine11readMessageEv
                0x0000000008007c60       0x20 HARDWARE/FUSB302/policy_engine_user.o
                0x0000000008007c60                PolicyEngine::readMessage()
 .text._ZN15ProtocolReceive27protocol_rx_check_messageidEv
                0x0000000008007c80       0x10 HARDWARE/FUSB302/protocol_rx.o
                0x0000000008007c80                ProtocolReceive::protocol_rx_check_messageid()
 .text._ZN15ProtocolReceive27protocol_rx_store_messageidEv
                0x0000000008007c90       0x40 HARDWARE/FUSB302/protocol_rx.o
                0x0000000008007c90                ProtocolReceive::protocol_rx_store_messageid()
 .text._ZN15ProtocolReceive4initEv
                0x0000000008007cd0       0x40 HARDWARE/FUSB302/protocol_rx.o
                0x0000000008007cd0                ProtocolReceive::init()
 .text._ZN15ProtocolReceive6notifyEm
                0x0000000008007d10       0x18 HARDWARE/FUSB302/protocol_rx.o
                0x0000000008007d10                ProtocolReceive::notify(unsigned long)
 .text._ZN15ProtocolReceive12waitForEventEmm
                0x0000000008007d28       0x28 HARDWARE/FUSB302/protocol_rx.o
                0x0000000008007d28                ProtocolReceive::waitForEvent(unsigned long, unsigned long)
 .text._ZN15ProtocolReceive20protocol_rx_wait_phyEv
                0x0000000008007d50       0x74 HARDWARE/FUSB302/protocol_rx.o
                0x0000000008007d50                ProtocolReceive::protocol_rx_wait_phy()
 .text._ZN15ProtocolReceive17protocol_rx_resetEv
                0x0000000008007dc4       0x44 HARDWARE/FUSB302/protocol_rx.o
                0x0000000008007dc4                ProtocolReceive::protocol_rx_reset()
 .text._ZN15ProtocolReceive6threadEPKv
                0x0000000008007e08       0x28 HARDWARE/FUSB302/protocol_rx.o
                0x0000000008007e08                ProtocolReceive::thread(void const*)
 .text._ZN16ProtocolTransmit17protocol_tx_resetEv
                0x0000000008007e30       0x2c HARDWARE/FUSB302/protocol_tx.o
                0x0000000008007e30                ProtocolTransmit::protocol_tx_reset()
 .text._ZN16ProtocolTransmit29protocol_tx_construct_messageEv
                0x0000000008007e5c       0x34 HARDWARE/FUSB302/protocol_tx.o
                0x0000000008007e5c                ProtocolTransmit::protocol_tx_construct_message()
 .text._ZN16ProtocolTransmit27protocol_tx_match_messageidEv
                0x0000000008007e90       0x40 HARDWARE/FUSB302/protocol_tx.o
                0x0000000008007e90                ProtocolTransmit::protocol_tx_match_messageid()
 .text._ZN16ProtocolTransmit30protocol_tx_transmission_errorEv
                0x0000000008007ed0       0x28 HARDWARE/FUSB302/protocol_tx.o
                0x0000000008007ed0                ProtocolTransmit::protocol_tx_transmission_error()
 .text._ZN16ProtocolTransmit24protocol_tx_message_sentEv
                0x0000000008007ef8       0x30 HARDWARE/FUSB302/protocol_tx.o
                0x0000000008007ef8                ProtocolTransmit::protocol_tx_message_sent()
 .text._ZN16ProtocolTransmit27protocol_tx_discard_messageEv
                0x0000000008007f28       0x2c HARDWARE/FUSB302/protocol_tx.o
                0x0000000008007f28                ProtocolTransmit::protocol_tx_discard_message()
 .text._ZN16ProtocolTransmit6notifyENS_13NotificationsE
                0x0000000008007f54       0x18 HARDWARE/FUSB302/protocol_tx.o
                0x0000000008007f54                ProtocolTransmit::notify(ProtocolTransmit::Notifications)
 .text._ZN16ProtocolTransmit4initEv
                0x0000000008007f6c       0x60 HARDWARE/FUSB302/protocol_tx.o
                0x0000000008007f6c                ProtocolTransmit::init()
 .text._ZN16ProtocolTransmit11pushMessageEP6pd_msg
                0x0000000008007fcc       0x1c HARDWARE/FUSB302/protocol_tx.o
                0x0000000008007fcc                ProtocolTransmit::pushMessage(pd_msg*)
 .text._ZN16ProtocolTransmit14messagePendingEv
                0x0000000008007fe8       0x1c HARDWARE/FUSB302/protocol_tx.o
                0x0000000008007fe8                ProtocolTransmit::messagePending()
 .text._ZN16ProtocolTransmit10getMessageEv
                0x0000000008008004       0x1c HARDWARE/FUSB302/protocol_tx.o
                0x0000000008008004                ProtocolTransmit::getMessage()
 .text._ZN16ProtocolTransmit21protocol_tx_phy_resetEv
                0x0000000008008020       0x24 HARDWARE/FUSB302/protocol_tx.o
                0x0000000008008020                ProtocolTransmit::protocol_tx_phy_reset()
 .text._ZN16ProtocolTransmit12waitForEventEmm
                0x0000000008008044       0x28 HARDWARE/FUSB302/protocol_tx.o
                0x0000000008008044                ProtocolTransmit::waitForEvent(unsigned long, unsigned long)
 .text._ZN16ProtocolTransmit24protocol_tx_wait_messageEv
                0x000000000800806c       0x48 HARDWARE/FUSB302/protocol_tx.o
                0x000000000800806c                ProtocolTransmit::protocol_tx_wait_message()
 .text._ZN16ProtocolTransmit25protocol_tx_wait_responseEv
                0x00000000080080b4       0x38 HARDWARE/FUSB302/protocol_tx.o
                0x00000000080080b4                ProtocolTransmit::protocol_tx_wait_response()
 .text._ZN16ProtocolTransmit6threadEPKv
                0x00000000080080ec       0x4c HARDWARE/FUSB302/protocol_tx.o
                0x00000000080080ec                ProtocolTransmit::thread(void const*)
 .text._Z15readButtonStatev
                0x0000000008008138      0x100 HARDWARE/Src/Buttons.o
                0x0000000008008138                readButtonState()
 .text._Z14getButtonStatev
                0x0000000008008238       0x3c HARDWARE/Src/Buttons.o
                0x0000000008008238                getButtonState()
 .text._ZN6inaDetC2ER9inaEEPROM
                0x0000000008008274       0x98 HARDWARE/Src/INA.o
                0x0000000008008274                inaDet::inaDet(inaEEPROM&)
                0x0000000008008274                inaDet::inaDet(inaEEPROM&)
 .text._ZN9INA_ClassC2Eh
                0x000000000800830c       0x1a HARDWARE/Src/INA.o
                0x000000000800830c                INA_Class::INA_Class(unsigned char)
                0x000000000800830c                INA_Class::INA_Class(unsigned char)
 .text._ZN9INA_ClassD2Ev
                0x0000000008008326       0x14 HARDWARE/Src/INA.o
                0x0000000008008326                INA_Class::~INA_Class()
                0x0000000008008326                INA_Class::~INA_Class()
 *fill*         0x000000000800833a        0x2 
 .text._ZNK9INA_Class8readWordEhh
                0x000000000800833c       0x30 HARDWARE/Src/INA.o
                0x000000000800833c                INA_Class::readWord(unsigned char, unsigned char) const
 .text._ZNK9INA_Class9writeWordEhth
                0x000000000800836c       0x2c HARDWARE/Src/INA.o
                0x000000000800836c                INA_Class::writeWord(unsigned char, unsigned short, unsigned char) const
 .text._ZN9INA_Class17readInafromEEPROMEh
                0x0000000008008398       0x64 HARDWARE/Src/INA.o
                0x0000000008008398                INA_Class::readInafromEEPROM(unsigned char)
 .text._ZN9INA_Class16writeInatoEEPROMEh
                0x00000000080083fc       0x3e HARDWARE/Src/INA.o
                0x00000000080083fc                INA_Class::writeInatoEEPROM(unsigned char)
 *fill*         0x000000000800843a        0x2 
 .text._ZN9INA_Class10initDeviceEh
                0x000000000800843c       0x5c HARDWARE/Src/INA.o
                0x000000000800843c                INA_Class::initDevice(unsigned char)
 .text._ZN9INA_Class5beginEtmh
                0x0000000008008498      0x238 HARDWARE/Src/INA.o
                0x0000000008008498                INA_Class::begin(unsigned short, unsigned long, unsigned char)
 .text._ZN9INA_Class16setBusConversionEmh
                0x00000000080086d0       0xd8 HARDWARE/Src/INA.o
                0x00000000080086d0                INA_Class::setBusConversion(unsigned long, unsigned char)
 .text._ZN9INA_Class18setShuntConversionEmh
                0x00000000080087a8       0xd4 HARDWARE/Src/INA.o
                0x00000000080087a8                INA_Class::setShuntConversion(unsigned long, unsigned char)
 .text._ZN9INA_Class13getDeviceNameEh
                0x000000000800887c       0x6c HARDWARE/Src/INA.o
                0x000000000800887c                INA_Class::getDeviceName(unsigned char)
 .text._ZN9INA_Class16getDeviceAddressEh
                0x00000000080088e8       0x20 HARDWARE/Src/INA.o
                0x00000000080088e8                INA_Class::getDeviceAddress(unsigned char)
 .text._ZN9INA_Class9getBusRawEh
                0x0000000008008908       0x60 HARDWARE/Src/INA.o
                0x0000000008008908                INA_Class::getBusRaw(unsigned char)
 .text._ZN9INA_Class16getBusMilliVoltsEh
                0x0000000008008968       0x20 HARDWARE/Src/INA.o
                0x0000000008008968                INA_Class::getBusMilliVolts(unsigned char)
 .text._ZN9INA_Class15getBusMicroAmpsEh
                0x0000000008008988       0x6c HARDWARE/Src/INA.o
                0x0000000008008988                INA_Class::getBusMicroAmps(unsigned char)
 .text._ZN9INA_Class11getShuntRawEh
                0x00000000080089f4       0x88 HARDWARE/Src/INA.o
                0x00000000080089f4                INA_Class::getShuntRaw(unsigned char)
 .text._ZN9INA_Class18getShuntMicroVoltsEh
                0x0000000008008a7c       0x48 HARDWARE/Src/INA.o
                0x0000000008008a7c                INA_Class::getShuntMicroVolts(unsigned char)
 .text._ZN9INA_Class7setModeEhh
                0x0000000008008ac4       0x80 HARDWARE/Src/INA.o
                0x0000000008008ac4                INA_Class::setMode(unsigned char, unsigned char)
 .text._ZN9INA_Class21alertOnBusOverVoltageEblh
                0x0000000008008b44       0xa0 HARDWARE/Src/INA.o
                0x0000000008008b44                INA_Class::alertOnBusOverVoltage(bool, long, unsigned char)
 .text._ZN9INA_Class12setAveragingEth
                0x0000000008008be4       0xac HARDWARE/Src/INA.o
                0x0000000008008be4                INA_Class::setAveraging(unsigned short, unsigned char)
 .text._ZN6LIS3DH9initalizeEv
                0x0000000008008c90       0x18 HARDWARE/Src/LIS3DH.o
                0x0000000008008c90                LIS3DH::initalize()
 .text._ZN6LIS3DH11getAxisDataEP8axisData
                0x0000000008008ca8       0x38 HARDWARE/Src/LIS3DH.o
                0x0000000008008ca8                LIS3DH::getAxisData(axisData*)
 .text._ZN6LIS3DH6detectEv
                0x0000000008008ce0       0x10 HARDWARE/Src/LIS3DH.o
                0x0000000008008ce0                LIS3DH::detect()
 .text._ZN6LIS3DH14getOrientationEv
                0x0000000008008cf0       0x28 HARDWARE/Src/LIS3DH.o
                0x0000000008008cf0                LIS3DH::getOrientation()
 .text._ZN14TipThermoModel20convertTipRawADCTouVEt
                0x0000000008008d18       0x38 HARDWARE/Src/TipThermoModel.o
                0x0000000008008d18                TipThermoModel::convertTipRawADCTouV(unsigned short)
 .text._Z17LinearInterpolatelllll
                0x0000000008008d50       0x30 HARDWARE/Src/TipThermoModel.o
                0x0000000008008d50                LinearInterpolate(long, long, long, long, long)
 .text._ZN14TipThermoModel15convertuVToDegCEm
                0x0000000008008d80       0x60 HARDWARE/Src/TipThermoModel.o
                0x0000000008008d80                TipThermoModel::convertuVToDegC(unsigned long)
 .text._ZN14TipThermoModel22convertTipRawADCToDegCEt
                0x0000000008008de0        0xc HARDWARE/Src/TipThermoModel.o
                0x0000000008008de0                TipThermoModel::convertTipRawADCToDegC(unsigned short)
 .text._ZN14TipThermoModel9getTipInCEb
                0x0000000008008dec       0x44 HARDWARE/Src/TipThermoModel.o
                0x0000000008008dec                TipThermoModel::getTipInC(bool)
 .text._ZN14TipThermoModel12getTipMaxInCEv
                0x0000000008008e30       0x24 HARDWARE/Src/TipThermoModel.o
                0x0000000008008e30                TipThermoModel::getTipMaxInC()
 .text.u8x8_gpio_and_delay
                0x0000000008008e54       0x14 HARDWARE/Src/oled_init.o
                0x0000000008008e54                u8x8_gpio_and_delay
 .text.u8x8_byte_stm32hal_hw_i2c_dma
                0x0000000008008e68       0x74 HARDWARE/Src/oled_init.o
                0x0000000008008e68                u8x8_byte_stm32hal_hw_i2c_dma
 .text._Z41__static_initialization_and_destruction_0ii
                0x0000000008008edc       0x4c HARDWARE/Src/oled_init.o
 .text.u8g2_begin
                0x0000000008008f28       0x20 HARDWARE/Src/oled_init.o
                0x0000000008008f28                u8g2_begin
 .text._GLOBAL__sub_I_u8g2
                0x0000000008008f48        0xe HARDWARE/Src/oled_init.o
 .text.u8g2_DrawHXBM
                0x0000000008008f56       0x8c HARDWARE/u8g2/src/clib/u8g2_bitmap.o
                0x0000000008008f56                u8g2_DrawHXBM
 .text.u8g2_DrawXBM
                0x0000000008008fe2       0x54 HARDWARE/u8g2/src/clib/u8g2_bitmap.o
                0x0000000008008fe2                u8g2_DrawXBM
 .text.u8g2_DrawBox
                0x0000000008009036       0x4a HARDWARE/u8g2/src/clib/u8g2_box.o
                0x0000000008009036                u8g2_DrawBox
 .text.u8g2_send_tile_row
                0x0000000008009080       0x20 HARDWARE/u8g2/src/clib/u8g2_buffer.o
 .text.u8g2_send_buffer
                0x00000000080090a0       0x34 HARDWARE/u8g2/src/clib/u8g2_buffer.o
 .text.u8g2_ClearBuffer
                0x00000000080090d4       0x1a HARDWARE/u8g2/src/clib/u8g2_buffer.o
                0x00000000080090d4                u8g2_ClearBuffer
 .text.u8g2_SendBuffer
                0x00000000080090ee       0x10 HARDWARE/u8g2/src/clib/u8g2_buffer.o
                0x00000000080090ee                u8g2_SendBuffer
 .text.u8g2_SetBufferCurrTileRow
                0x00000000080090fe       0x18 HARDWARE/u8g2/src/clib/u8g2_buffer.o
                0x00000000080090fe                u8g2_SetBufferCurrTileRow
 .text.u8g2_FirstPage
                0x0000000008009116       0x1a HARDWARE/u8g2/src/clib/u8g2_buffer.o
                0x0000000008009116                u8g2_FirstPage
 .text.u8g2_NextPage
                0x0000000008009130       0x40 HARDWARE/u8g2/src/clib/u8g2_buffer.o
                0x0000000008009130                u8g2_NextPage
 .text.u8g2_ClearDisplay
                0x0000000008009170       0x1c HARDWARE/u8g2/src/clib/u8g2_cleardisplay.o
                0x0000000008009170                u8g2_ClearDisplay
 .text.u8g2_m_16_4_f
                0x000000000800918c        0xc HARDWARE/u8g2/src/clib/u8g2_d_memory.o
                0x000000000800918c                u8g2_m_16_4_f
 .text.u8g2_Setup_ssd1306_i2c_128x32_univision_f
                0x0000000008009198       0x3c HARDWARE/u8g2/src/clib/u8g2_d_setup.o
                0x0000000008009198                u8g2_Setup_ssd1306_i2c_128x32_univision_f
 .text.u8g2_font_get_byte
                0x00000000080091d4        0x4 HARDWARE/u8g2/src/clib/u8g2_font.o
 .text.u8g2_font_get_word
                0x00000000080091d8        0xe HARDWARE/u8g2/src/clib/u8g2_font.o
 .text.u8g2_font_calc_vref_font
                0x00000000080091e6        0x4 HARDWARE/u8g2/src/clib/u8g2_font.o
                0x00000000080091e6                u8g2_font_calc_vref_font
 .text.u8g2_font_calc_vref_top
                0x00000000080091ea        0xc HARDWARE/u8g2/src/clib/u8g2_font.o
                0x00000000080091ea                u8g2_font_calc_vref_top
 .text.u8g2_read_font_info
                0x00000000080091f6       0xd0 HARDWARE/u8g2/src/clib/u8g2_font.o
                0x00000000080091f6                u8g2_read_font_info
 .text.u8g2_font_decode_get_unsigned_bits
                0x00000000080092c6       0x3e HARDWARE/u8g2/src/clib/u8g2_font.o
                0x00000000080092c6                u8g2_font_decode_get_unsigned_bits
 .text.u8g2_font_setup_decode
                0x0000000008009304       0x40 HARDWARE/u8g2/src/clib/u8g2_font.o
 .text.u8g2_font_decode_get_signed_bits
                0x0000000008009344       0x16 HARDWARE/u8g2/src/clib/u8g2_font.o
                0x0000000008009344                u8g2_font_decode_get_signed_bits
 .text.u8g2_add_vector_y
                0x000000000800935a       0x22 HARDWARE/u8g2/src/clib/u8g2_font.o
                0x000000000800935a                u8g2_add_vector_y
 .text.u8g2_add_vector_x
                0x000000000800937c       0x22 HARDWARE/u8g2/src/clib/u8g2_font.o
                0x000000000800937c                u8g2_add_vector_x
 .text.u8g2_font_decode_len
                0x000000000800939e       0xc4 HARDWARE/u8g2/src/clib/u8g2_font.o
                0x000000000800939e                u8g2_font_decode_len
 .text.u8g2_font_decode_glyph
                0x0000000008009462      0x14e HARDWARE/u8g2/src/clib/u8g2_font.o
                0x0000000008009462                u8g2_font_decode_glyph
 .text.u8g2_font_get_glyph_data
                0x00000000080095b0       0x74 HARDWARE/u8g2/src/clib/u8g2_font.o
                0x00000000080095b0                u8g2_font_get_glyph_data
 .text.u8g2_font_draw_glyph
                0x0000000008009624       0x24 HARDWARE/u8g2/src/clib/u8g2_font.o
 .text.u8g2_SetFontMode
                0x0000000008009648        0x6 HARDWARE/u8g2/src/clib/u8g2_font.o
                0x0000000008009648                u8g2_SetFontMode
 .text.u8g2_DrawGlyph
                0x000000000800964e       0x4e HARDWARE/u8g2/src/clib/u8g2_font.o
                0x000000000800964e                u8g2_DrawGlyph
 .text.u8g2_draw_string
                0x000000000800969c       0x7c HARDWARE/u8g2/src/clib/u8g2_font.o
 .text.u8g2_DrawStr
                0x0000000008009718       0x10 HARDWARE/u8g2/src/clib/u8g2_font.o
                0x0000000008009718                u8g2_DrawStr
 .text.u8g2_DrawUTF8
                0x0000000008009728       0x10 HARDWARE/u8g2/src/clib/u8g2_font.o
                0x0000000008009728                u8g2_DrawUTF8
 .text.u8g2_UpdateRefHeight
                0x0000000008009738       0x60 HARDWARE/u8g2/src/clib/u8g2_font.o
                0x0000000008009738                u8g2_UpdateRefHeight
 .text.u8g2_SetFontRefHeightExtendedText
                0x0000000008009798        0xe HARDWARE/u8g2/src/clib/u8g2_font.o
                0x0000000008009798                u8g2_SetFontRefHeightExtendedText
 *fill*         0x00000000080097a6        0x2 
 .text.u8g2_SetFontPosBaseline
                0x00000000080097a8        0xc HARDWARE/u8g2/src/clib/u8g2_font.o
                0x00000000080097a8                u8g2_SetFontPosBaseline
 .text.u8g2_SetFontPosTop
                0x00000000080097b4        0xc HARDWARE/u8g2/src/clib/u8g2_font.o
                0x00000000080097b4                u8g2_SetFontPosTop
 .text.u8g2_SetFont
                0x00000000080097c0       0x1c HARDWARE/u8g2/src/clib/u8g2_font.o
                0x00000000080097c0                u8g2_SetFont
 .text.u8g2_SetFontDirection
                0x00000000080097dc        0x6 HARDWARE/u8g2/src/clib/u8g2_font.o
                0x00000000080097dc                u8g2_SetFontDirection
 .text.u8g2_clip_intersection2
                0x00000000080097e2       0x42 HARDWARE/u8g2/src/clib/u8g2_hvline.o
 .text.u8g2_draw_hv_line_2dir
                0x0000000008009824       0x18 HARDWARE/u8g2/src/clib/u8g2_hvline.o
                0x0000000008009824                u8g2_draw_hv_line_2dir
 .text.u8g2_DrawHVLine
                0x000000000800983c       0xc6 HARDWARE/u8g2/src/clib/u8g2_hvline.o
                0x000000000800983c                u8g2_DrawHVLine
 .text.u8g2_DrawPixel
                0x0000000008009902       0x36 HARDWARE/u8g2/src/clib/u8g2_hvline.o
                0x0000000008009902                u8g2_DrawPixel
 .text.u8g2_SetDrawColor
                0x0000000008009938       0x10 HARDWARE/u8g2/src/clib/u8g2_hvline.o
                0x0000000008009938                u8g2_SetDrawColor
 .text.u8g2_is_intersection_decision_tree
                0x0000000008009948       0x2c HARDWARE/u8g2/src/clib/u8g2_intersection.o
                0x0000000008009948                u8g2_is_intersection_decision_tree
 .text.u8g2_IsIntersection
                0x0000000008009974       0x32 HARDWARE/u8g2/src/clib/u8g2_intersection.o
                0x0000000008009974                u8g2_IsIntersection
 .text.u8g2_DrawLine
                0x00000000080099a6       0xd2 HARDWARE/u8g2/src/clib/u8g2_line.o
                0x00000000080099a6                u8g2_DrawLine
 .text.u8g2_ll_hvline_vertical_top_lsb
                0x0000000008009a78       0x94 HARDWARE/u8g2/src/clib/u8g2_ll_hvline.o
                0x0000000008009a78                u8g2_ll_hvline_vertical_top_lsb
 .text.u8g2_update_dimension_common
                0x0000000008009b0c       0x48 HARDWARE/u8g2/src/clib/u8g2_setup.o
 .text.u8g2_update_dimension_r0
                0x0000000008009b54        0x8 HARDWARE/u8g2/src/clib/u8g2_setup.o
                0x0000000008009b54                u8g2_update_dimension_r0
 .text.u8g2_update_dimension_r2
                0x0000000008009b5c        0x8 HARDWARE/u8g2/src/clib/u8g2_setup.o
                0x0000000008009b5c                u8g2_update_dimension_r2
 .text.u8g2_apply_clip_window
                0x0000000008009b64       0x70 HARDWARE/u8g2/src/clib/u8g2_setup.o
 .text.u8g2_update_page_win_r0
                0x0000000008009bd4       0x26 HARDWARE/u8g2/src/clib/u8g2_setup.o
                0x0000000008009bd4                u8g2_update_page_win_r0
 .text.u8g2_update_page_win_r2
                0x0000000008009bfa       0x36 HARDWARE/u8g2/src/clib/u8g2_setup.o
                0x0000000008009bfa                u8g2_update_page_win_r2
 .text.u8g2_draw_l90_r0
                0x0000000008009c30       0x12 HARDWARE/u8g2/src/clib/u8g2_setup.o
                0x0000000008009c30                u8g2_draw_l90_r0
 .text.u8g2_draw_l90_r2
                0x0000000008009c42       0x3a HARDWARE/u8g2/src/clib/u8g2_setup.o
                0x0000000008009c42                u8g2_draw_l90_r2
 .text.u8g2_SetMaxClipWindow
                0x0000000008009c7c       0x20 HARDWARE/u8g2/src/clib/u8g2_setup.o
                0x0000000008009c7c                u8g2_SetMaxClipWindow
 .text.u8g2_SetupBuffer
                0x0000000008009c9c       0x40 HARDWARE/u8g2/src/clib/u8g2_setup.o
                0x0000000008009c9c                u8g2_SetupBuffer
 .text.u8g2_SetDisplayRotation
                0x0000000008009cdc       0x14 HARDWARE/u8g2/src/clib/u8g2_setup.o
                0x0000000008009cdc                u8g2_SetDisplayRotation
 .text.u8x8_ascii_next
                0x0000000008009cf0       0x16 HARDWARE/u8g2/src/clib/u8x8_8x8.o
                0x0000000008009cf0                u8x8_ascii_next
 .text.u8x8_utf8_next
                0x0000000008009d06       0x96 HARDWARE/u8g2/src/clib/u8x8_8x8.o
                0x0000000008009d06                u8x8_utf8_next
 .text.u8x8_utf8_init
                0x0000000008009d9c        0x8 HARDWARE/u8g2/src/clib/u8x8_8x8.o
                0x0000000008009d9c                u8x8_utf8_init
 .text.u8x8_byte_SendBytes
                0x0000000008009da4        0xe HARDWARE/u8g2/src/clib/u8x8_byte.o
                0x0000000008009da4                u8x8_byte_SendBytes
 .text.u8x8_byte_SendByte
                0x0000000008009db2       0x16 HARDWARE/u8g2/src/clib/u8x8_byte.o
                0x0000000008009db2                u8x8_byte_SendByte
 .text.u8x8_byte_StartTransfer
                0x0000000008009dc8        0xe HARDWARE/u8g2/src/clib/u8x8_byte.o
                0x0000000008009dc8                u8x8_byte_StartTransfer
 .text.u8x8_byte_EndTransfer
                0x0000000008009dd6        0xe HARDWARE/u8g2/src/clib/u8x8_byte.o
                0x0000000008009dd6                u8x8_byte_EndTransfer
 .text.u8x8_i2c_data_transfer
                0x0000000008009de4       0x28 HARDWARE/u8g2/src/clib/u8x8_cad.o
 .text.u8x8_cad_SendCmd
                0x0000000008009e0c        0xe HARDWARE/u8g2/src/clib/u8x8_cad.o
                0x0000000008009e0c                u8x8_cad_SendCmd
 .text.u8x8_cad_SendArg
                0x0000000008009e1a        0xe HARDWARE/u8g2/src/clib/u8x8_cad.o
                0x0000000008009e1a                u8x8_cad_SendArg
 .text.u8x8_cad_SendData
                0x0000000008009e28        0xe HARDWARE/u8g2/src/clib/u8x8_cad.o
                0x0000000008009e28                u8x8_cad_SendData
 .text.u8x8_cad_StartTransfer
                0x0000000008009e36        0xe HARDWARE/u8g2/src/clib/u8x8_cad.o
                0x0000000008009e36                u8x8_cad_StartTransfer
 .text.u8x8_cad_EndTransfer
                0x0000000008009e44        0xe HARDWARE/u8g2/src/clib/u8x8_cad.o
                0x0000000008009e44                u8x8_cad_EndTransfer
 .text.u8x8_cad_SendSequence
                0x0000000008009e52       0x6a HARDWARE/u8g2/src/clib/u8x8_cad.o
                0x0000000008009e52                u8x8_cad_SendSequence
 .text.u8x8_cad_ssd13xx_fast_i2c
                0x0000000008009ebc       0xc8 HARDWARE/u8g2/src/clib/u8x8_cad.o
                0x0000000008009ebc                u8x8_cad_ssd13xx_fast_i2c
 .text.u8x8_d_ssd1306_128x32_generic
                0x0000000008009f84       0xf0 HARDWARE/u8g2/src/clib/u8x8_d_ssd1306_128x32.o
 .text.u8x8_d_ssd1306_128x32_univision
                0x000000000800a074       0x1c HARDWARE/u8g2/src/clib/u8x8_d_ssd1306_128x32.o
                0x000000000800a074                u8x8_d_ssd1306_128x32_univision
 .text.u8x8_d_helper_display_setup_memory
                0x000000000800a090        0xa HARDWARE/u8g2/src/clib/u8x8_display.o
                0x000000000800a090                u8x8_d_helper_display_setup_memory
 .text.u8x8_d_helper_display_init