Colum.hpp:24:10:AutoValue::~AutoValue()	0	static
Colum.hpp:58:10:Colum::~Colum()	0	static
Colum.hpp:58:10:virtual Colum::~Colum()	8	static
Colum.hpp:24:10:virtual AutoValue::~AutoValue()	8	static
Page.hpp:74:2:Page::Page(std::vector<Colum>*, const uint8_t*, Page*)	24	static
stl_vector.h:433:7:std::vector<_Tp, _Alloc>::~vector() [with _Tp = Colum; _Alloc = std::allocator<Colum>]	16	static
list.tcc:65:5:void std::__cxx11::_List_base<_Tp, _Alloc>::_M_clear() [with _Tp = Colum*; _Alloc = std::allocator<Colum*>]	16	static
Page.hpp:85:10:Page::~Page()	8	static
Page.hpp:85:10:virtual Page::~Page()	8	static
stl_vector.h:1319:2:void std::vector<_Tp, _Alloc>::_M_range_initialize(_ForwardIterator, _ForwardIterator, std::forward_iterator_tag) [with _ForwardIterator = const Colum*; _Tp = Colum; _Alloc = std::allocator<Colum>]	24	static
Page.cpp:101:61:void __static_initialization_and_destruction_0(int, int)	240	static
Page.cpp:101:61:cpp)	8	static
Page.cpp:101:61:cpp)	8	static
