spline.cpp:4:1:Spline::Spline()	0	static
spline.cpp:22:6:void Spline::setPoints(float*, float*, int)	0	static
spline.cpp:28:6:void Spline::setPoints(float*, float*, float*, int)	0	static
spline.cpp:37:6:void Spline::setDegree(int)	0	static
spline.cpp:8:1:Spline::Spline(float*, float*, int, int)	8	static
spline.cpp:15:1:Spline::Spline(float*, float*, float*, int)	24	static
spline.cpp:98:7:float Spline::hermite_00(float)	32	static
spline.cpp:101:7:float Spline::hermite_10(float)	24	static
spline.cpp:104:7:float Spline::hermite_01(float)	24	static
spline.cpp:107:7:float Spline::hermite_11(float)	24	static
spline.cpp:95:7:float Spline::hermite(float, float, float, float, float, float, float)	40	static
spline.cpp:111:7:float Spline::catmull_tangent(int)	4	static
spline.cpp:65:7:float Spline::calc(float, int)	40	static
spline.cpp:41:7:float Spline::value(float)	16	static
